Component: ARM Compiler 5.06 update 6 (build 750) Tool: armlink [4d35ed]

==============================================================================

Section Cross References

    startup_stm32f407xx.o(RESET) refers to startup_stm32f407xx.o(STACK) for __initial_sp
    startup_stm32f407xx.o(RESET) refers to startup_stm32f407xx.o(.text) for Reset_Handler
    startup_stm32f407xx.o(RESET) refers to stm32f4xx_it.o(i.SysTick_Handler) for SysTick_Handler
    startup_stm32f407xx.o(RESET) refers to sys.o(i.EXTI0_IRQHandler) for EXTI0_IRQHandler
    startup_stm32f407xx.o(RESET) refers to sys.o(i.EXTI1_IRQHandler) for EXTI1_IRQHandler
    startup_stm32f407xx.o(RESET) refers to sys.o(i.EXTI2_IRQHandler) for EXTI2_IRQHandler
    startup_stm32f407xx.o(RESET) refers to sys.o(i.EXTI3_IRQHandler) for EXTI3_IRQHandler
    startup_stm32f407xx.o(RESET) refers to sys.o(i.EXTI4_IRQHandler) for EXTI4_IRQHandler
    startup_stm32f407xx.o(RESET) refers to sys.o(i.DMA1_Stream0_IRQHandler) for DMA1_Stream0_IRQHandler
    startup_stm32f407xx.o(RESET) refers to sys.o(i.DMA1_Stream1_IRQHandler) for DMA1_Stream1_IRQHandler
    startup_stm32f407xx.o(RESET) refers to sys.o(i.DMA1_Stream2_IRQHandler) for DMA1_Stream2_IRQHandler
    startup_stm32f407xx.o(RESET) refers to sys.o(i.DMA1_Stream3_IRQHandler) for DMA1_Stream3_IRQHandler
    startup_stm32f407xx.o(RESET) refers to sys.o(i.DMA1_Stream4_IRQHandler) for DMA1_Stream4_IRQHandler
    startup_stm32f407xx.o(RESET) refers to sys.o(i.DMA1_Stream5_IRQHandler) for DMA1_Stream5_IRQHandler
    startup_stm32f407xx.o(RESET) refers to sys.o(i.DMA1_Stream6_IRQHandler) for DMA1_Stream6_IRQHandler
    startup_stm32f407xx.o(RESET) refers to sys.o(i.EXTI9_5_IRQHandler) for EXTI9_5_IRQHandler
    startup_stm32f407xx.o(RESET) refers to hardwaretimer.o(i.TIM1_BRK_TIM9_IRQHandler) for TIM1_BRK_TIM9_IRQHandler
    startup_stm32f407xx.o(RESET) refers to hardwaretimer.o(i.TIM1_UP_TIM10_IRQHandler) for TIM1_UP_TIM10_IRQHandler
    startup_stm32f407xx.o(RESET) refers to hardwaretimer.o(i.TIM1_TRG_COM_TIM11_IRQHandler) for TIM1_TRG_COM_TIM11_IRQHandler
    startup_stm32f407xx.o(RESET) refers to hardwaretimer.o(i.TIM1_CC_IRQHandler) for TIM1_CC_IRQHandler
    startup_stm32f407xx.o(RESET) refers to hardwaretimer.o(i.TIM2_IRQHandler) for TIM2_IRQHandler
    startup_stm32f407xx.o(RESET) refers to hardwaretimer.o(i.TIM3_IRQHandler) for TIM3_IRQHandler
    startup_stm32f407xx.o(RESET) refers to hardwaretimer.o(i.TIM4_IRQHandler) for TIM4_IRQHandler
    startup_stm32f407xx.o(RESET) refers to sys.o(i.USART1_IRQHandler) for USART1_IRQHandler
    startup_stm32f407xx.o(RESET) refers to sys.o(i.USART2_IRQHandler) for USART2_IRQHandler
    startup_stm32f407xx.o(RESET) refers to sys.o(i.USART3_IRQHandler) for USART3_IRQHandler
    startup_stm32f407xx.o(RESET) refers to sys.o(i.EXTI15_10_IRQHandler) for EXTI15_10_IRQHandler
    startup_stm32f407xx.o(RESET) refers to hardwaretimer.o(i.TIM8_BRK_TIM12_IRQHandler) for TIM8_BRK_TIM12_IRQHandler
    startup_stm32f407xx.o(RESET) refers to hardwaretimer.o(i.TIM8_UP_TIM13_IRQHandler) for TIM8_UP_TIM13_IRQHandler
    startup_stm32f407xx.o(RESET) refers to hardwaretimer.o(i.TIM8_TRG_COM_TIM14_IRQHandler) for TIM8_TRG_COM_TIM14_IRQHandler
    startup_stm32f407xx.o(RESET) refers to hardwaretimer.o(i.TIM8_CC_IRQHandler) for TIM8_CC_IRQHandler
    startup_stm32f407xx.o(RESET) refers to sys.o(i.DMA1_Stream7_IRQHandler) for DMA1_Stream7_IRQHandler
    startup_stm32f407xx.o(RESET) refers to hardwaretimer.o(i.TIM5_IRQHandler) for TIM5_IRQHandler
    startup_stm32f407xx.o(RESET) refers to sys.o(i.UART4_IRQHandler) for UART4_IRQHandler
    startup_stm32f407xx.o(RESET) refers to sys.o(i.UART5_IRQHandler) for UART5_IRQHandler
    startup_stm32f407xx.o(RESET) refers to hardwaretimer.o(i.TIM6_DAC_IRQHandler) for TIM6_DAC_IRQHandler
    startup_stm32f407xx.o(RESET) refers to hardwaretimer.o(i.TIM7_IRQHandler) for TIM7_IRQHandler
    startup_stm32f407xx.o(RESET) refers to sys.o(i.DMA2_Stream0_IRQHandler) for DMA2_Stream0_IRQHandler
    startup_stm32f407xx.o(RESET) refers to sys.o(i.DMA2_Stream1_IRQHandler) for DMA2_Stream1_IRQHandler
    startup_stm32f407xx.o(RESET) refers to sys.o(i.DMA2_Stream2_IRQHandler) for DMA2_Stream2_IRQHandler
    startup_stm32f407xx.o(RESET) refers to sys.o(i.DMA2_Stream3_IRQHandler) for DMA2_Stream3_IRQHandler
    startup_stm32f407xx.o(RESET) refers to sys.o(i.DMA2_Stream4_IRQHandler) for DMA2_Stream4_IRQHandler
    startup_stm32f407xx.o(RESET) refers to sys.o(i.DMA2_Stream5_IRQHandler) for DMA2_Stream5_IRQHandler
    startup_stm32f407xx.o(RESET) refers to sys.o(i.DMA2_Stream6_IRQHandler) for DMA2_Stream6_IRQHandler
    startup_stm32f407xx.o(RESET) refers to sys.o(i.DMA2_Stream7_IRQHandler) for DMA2_Stream7_IRQHandler
    startup_stm32f407xx.o(RESET) refers to sys.o(i.USART6_IRQHandler) for USART6_IRQHandler
    startup_stm32f407xx.o(.text) refers to system_stm32f4xx.o(i.SystemInit) for SystemInit
[...]
    Print.cpp                                0x00000000   Number         0  print.o ABSOLUTE
    RingBuffer.cpp                           0x00000000   Number         0  ringbuffer.o ABSOLUTE
    Stream.cpp                               0x00000000   Number         0  stream.o ABSOLUTE
    Stream.cpp                               0x00000000   Number         0  stream.o ABSOLUTE
    USARTClass.cpp                           0x00000000   Number         0  usartclass.o ABSOLUTE
    USARTClass.cpp                           0x00000000   Number         0  usartclass.o ABSOLUTE
    cdcmple.s                                0x00000000   Number         0  cdcmple.o ABSOLUTE
    cdrcmple.s                               0x00000000   Number         0  cdrcmple.o ABSOLUTE
    dc.s                                     0x00000000   Number         0  dc.o ABSOLUTE
    handlers.s                               0x00000000   Number         0  handlers.o ABSOLUTE
    init.s                                   0x00000000   Number         0  init.o ABSOLUTE
    main.c                                   0x00000000   Number         0  main.o ABSOLUTE
    main.c                                   0x00000000   Number         0  main.o ABSOLUTE
    stm32f4xx_hal_msp.c                      0x00000000   Number         0  stm32f4xx_hal_msp.o ABSOLUTE
    stm32f4xx_hal_msp.c                      0x00000000   Number         0  stm32f4xx_hal_msp.o ABSOLUTE
    stm32f4xx_it.c                           0x00000000   Number         0  stm32f4xx_it.o ABSOLUTE
    stm32f4xx_it.c                           0x00000000   Number         0  stm32f4xx_it.o ABSOLUTE
    timer.c                                  0x00000000   Number         0  timer.o ABSOLUTE
    timer.c                                  0x00000000   Number         0  timer.o ABSOLUTE
    RESET                                    0x08000000   Section      392  startup_stm32f407xx.o(RESET)
    .ARM.Collect$$$$00000000                 0x08000188   Section        0  entry.o(.ARM.Collect$$$$00000000)
    .ARM.Collect$$$$00000001                 0x08000188   Section        4  entry2.o(.ARM.Collect$$$$00000001)
    .ARM.Collect$$$$00000004                 0x0800018c   Section        4  entry5.o(.ARM.Collect$$$$00000004)
    .ARM.Collect$$$$00000008                 0x08000190   Section        0  entry7b.o(.ARM.Collect$$$$00000008)
    .ARM.Collect$$$$00000009                 0x08000190   Section        4  entry8a.o(.ARM.Collect$$$$00000009)
    .ARM.Collect$$$$0000000A                 0x08000194   Section        0  entry8b.o(.ARM.Collect$$$$0000000A)
    .ARM.Collect$$$$0000000B                 0x08000194   Section        8  entry9a.o(.ARM.Collect$$$$0000000B)
    .ARM.Collect$$$$0000000D                 0x0800019c   Section        0  entry10a.o(.ARM.Collect$$$$0000000D)
    .ARM.Collect$$$$0000000F                 0x0800019c   Section        0  entry11a.o(.ARM.Collect$$$$0000000F)
    .ARM.Collect$$$$00002712                 0x0800019c   Section        4  entry2.o(.ARM.Collect$$$$00002712)
    __lit__00000000                          0x0800019c   Data           4  entry2.o(.ARM.Collect$$$$00002712)
    .text                                    0x080001a0   Section       36  startup_stm32f407xx.o(.text)
    $v0                                      0x080001a0   Number         0  startup_stm32f407xx.o(.text)
    .text                                    0x080001c4   Section        0  memseta.o(.text)
    .text                                    0x080001e8   Section        0  strlen.o(.text)
    .text                                    0x080001f8   Section        0  cpp_init.o(.text)
    .text                                    0x08000218   Section        0  cpp_signal.o(.text)
    .text                                    0x0800021c   Section       36  init.o(.text)
    i.DMA1_Stream0_IRQHandler                0x08000240   Section        0  sys.o(i.DMA1_Stream0_IRQHandler)
    i.DMA1_Stream1_IRQHandler                0x08000254   Section        0  sys.o(i.DMA1_Stream1_IRQHandler)
    i.DMA1_Stream2_IRQHandler                0x08000268   Section        0  sys.o(i.DMA1_Stream2_IRQHandler)
    i.DMA1_Stream3_IRQHandler                0x0800027c   Section        0  sys.o(i.DMA1_Stream3_IRQHandler)
    i.DMA1_Stream4_IRQHandler                0x08000290   Section        0  sys.o(i.DMA1_Stream4_IRQHandler)
    i.DMA1_Stream5_IRQHandler                0x080002a4   Section        0  sys.o(i.DMA1_Stream5_IRQHandler)
    i.DMA1_Stream6_IRQHandler                0x080002b8   Section        0  sys.o(i.DMA1_Stream6_IRQHandler)
    i.DMA1_Stream7_IRQHandler                0x080002cc   Section        0  sys.o(i.DMA1_Stream7_IRQHandler)
    i.DMA2_Stream0_IRQHandler                0x080002e0   Section        0  sys.o(i.DMA2_Stream0_IRQHandler)
    i.DMA2_Stream1_IRQHandler                0x080002f8   Section        0  sys.o(i.DMA2_Stream1_IRQHandler)
    i.DMA2_Stream2_IRQHandler                0x08000310   Section        0  sys.o(i.DMA2_Stream2_IRQHandler)
    i.DMA2_Stream3_IRQHandler                0x08000328   Section        0  sys.o(i.DMA2_Stream3_IRQHandler)
    i.DMA2_Stream4_IRQHandler                0x08000340   Section        0  sys.o(i.DMA2_Stream4_IRQHandler)
    i.DMA2_Stream5_IRQHandler                0x08000358   Section        0  sys.o(i.DMA2_Stream5_IRQHandler)
    i.DMA2_Stream6_IRQHandler                0x08000370   Section        0  sys.o(i.DMA2_Stream6_IRQHandler)
    i.DMA2_Stream7_IRQHandler                0x08000388   Section        0  sys.o(i.DMA2_Stream7_IRQHandler)
    i.EXTI0_IRQHandler                       0x080003a0   Section        0  sys.o(i.EXTI0_IRQHandler)
    i.EXTI15_10_IRQHandler                   0x080003cc   Section        0  sys.o(i.EXTI15_10_IRQHandler)
    i.EXTI1_IRQHandler                       0x08000464   Section        0  sys.o(i.EXTI1_IRQHandler)
    i.EXTI2_IRQHandler                       0x08000490   Section        0  sys.o(i.EXTI2_IRQHandler)
    i.EXTI3_IRQHandler                       0x080004bc   Section        0  sys.o(i.EXTI3_IRQHandler)
    i.EXTI4_IRQHandler                       0x080004e8   Section        0  sys.o(i.EXTI4_IRQHandler)
    i.EXTI9_5_IRQHandler                     0x08000514   Section        0  sys.o(i.EXTI9_5_IRQHandler)
    i.Error_Handler                          0x08000594   Section        0  main.o(i.Error_Handler)
    i.HAL_GPIO_EXTI_Callback                 0x08000598   Section        0  stm32f4xx_hal_gpio.o(i.HAL_GPIO_EXTI_Callback)
    i.HAL_GPIO_Init                          0x0800059c   Section        0  stm32f4xx_hal_gpio.o(i.HAL_GPIO_Init)
    i.HAL_GetREVID                           0x0800075c   Section        0  stm32f4xx_hal.o(i.HAL_GetREVID)
    i.HAL_GetTick                            0x08000768   Section        0  stm32f4xx_hal.o(i.HAL_GetTick)
    i.HAL_IncTick                            0x08000774   Section        0  stm32f4xx_hal.o(i.HAL_IncTick)
    i.HAL_Init                               0x08000784   Section        0  stm32f4xx_hal.o(i.HAL_Init)
    i.HAL_InitTick                           0x080007b8   Section        0  stm32f4xx_hal.o(i.HAL_InitTick)
    i.HAL_MspInit                            0x080007da   Section        0  stm32f4xx_hal_msp.o(i.HAL_MspInit)
    i.HAL_NVIC_ClearPendingIRQ               0x080007ee   Section        0  stm32f4xx_hal_cortex.o(i.HAL_NVIC_ClearPendingIRQ)
    i.HAL_NVIC_DisableIRQ                    0x08000804   Section        0  stm32f4xx_hal_cortex.o(i.HAL_NVIC_DisableIRQ)
    i.HAL_NVIC_EnableIRQ                     0x0800081a   Section        0  stm32f4xx_hal_cortex.o(i.HAL_NVIC_EnableIRQ)
    i.HAL_NVIC_SetPriority                   0x08000830   Section        0  stm32f4xx_hal_cortex.o(i.HAL_NVIC_SetPriority)
    i.HAL_NVIC_SetPriorityGrouping           0x08000870   Section        0  stm32f4xx_hal_cortex.o(i.HAL_NVIC_SetPriorityGrouping)
    i.HAL_RCC_ClockConfig                    0x08000894   Section        0  stm32f4xx_hal_rcc.o(i.HAL_RCC_ClockConfig)
    i.HAL_RCC_GetHCLKFreq                    0x08000b44   Section        0  stm32f4xx_hal_rcc.o(i.HAL_RCC_GetHCLKFreq)
    i.HAL_RCC_GetPCLK1Freq                   0x08000b7c   Section        0  stm32f4xx_hal_rcc.o(i.HAL_RCC_GetPCLK1Freq)
    i.HAL_RCC_GetPCLK2Freq                   0x08000ba8   Section        0  stm32f4xx_hal_rcc.o(i.HAL_RCC_GetPCLK2Freq)
    i.HAL_RCC_GetSysClockFreq                0x08000bd4   Section        0  stm32f4xx_hal_rcc.o(i.HAL_RCC_GetSysClockFreq)
    i.HAL_RCC_OscConfig                      0x08000c88   Section        0  stm32f4xx_hal_rcc.o(i.HAL_RCC_OscConfig)
    i.HAL_SYSTICK_CLKSourceConfig            0x0800107c   Section        0  stm32f4xx_hal_cortex.o(i.HAL_SYSTICK_CLKSourceConfig)
    i.HAL_SYSTICK_Callback                   0x08001094   Section        0  main.o(i.HAL_SYSTICK_Callback)
    i.HAL_SYSTICK_Config                     0x08001096   Section        0  stm32f4xx_hal_cortex.o(i.HAL_SYSTICK_Config)
    i.HAL_SYSTICK_IRQHandler                 0x080010be   Section        0  stm32f4xx_hal_cortex.o(i.HAL_SYSTICK_IRQHandler)
    i.HAL_TIMEx_BreakCallback                0x080010c6   Section        0  stm32f4xx_hal_tim_ex.o(i.HAL_TIMEx_BreakCallback)
    i.HAL_TIMEx_CommutationCallback          0x080010c8   Section        0  stm32f4xx_hal_tim_ex.o(i.HAL_TIMEx_CommutationCallback)
    i.HAL_TIM_IC_CaptureCallback             0x080010ca   Section        0  hardwaretimer.o(i.HAL_TIM_IC_CaptureCallback)
    i.HAL_TIM_IRQHandler                     0x080010ce   Section        0  stm32f4xx_hal_tim.o(i.HAL_TIM_IRQHandler)
    i.HAL_TIM_OC_DelayElapsedCallback        0x08001234   Section        0  hardwaretimer.o(i.HAL_TIM_OC_DelayElapsedCallback)
    i.HAL_TIM_PWM_PulseFinishedCallback      0x08001238   Section        0  stm32f4xx_hal_tim.o(i.HAL_TIM_PWM_PulseFinishedCallback)
    i.HAL_TIM_PeriodElapsedCallback          0x0800123a   Section        0  hardwaretimer.o(i.HAL_TIM_PeriodElapsedCallback)
    i.HAL_TIM_TriggerCallback                0x0800123e   Section        0  stm32f4xx_hal_tim.o(i.HAL_TIM_TriggerCallback)
    i.HAL_UART_Init                          0x08001240   Section        0  stm32f4xx_hal_uart.o(i.HAL_UART_Init)
    i.HAL_UART_MspInit                       0x080012a2   Section        0  stm32f4xx_hal_uart.o(i.HAL_UART_MspInit)
    i.SysTick_Handler                        0x080012a4   Section        0  stm32f4xx_it.o(i.SysTick_Handler)
    i.SystemClock_Config                     0x080012b0   Section        0  main.o(i.SystemClock_Config)
    i.SystemInit                             0x08001398   Section        0  system_stm32f4xx.o(i.SystemInit)
    i.TIM1_BRK_TIM9_IRQHandler               0x080013fc   Section        0  hardwaretimer.o(i.TIM1_BRK_TIM9_IRQHandler)
    i.TIM1_CC_IRQHandler                     0x08001410   Section        0  hardwaretimer.o(i.TIM1_CC_IRQHandler)
    i.TIM1_TRG_COM_TIM11_IRQHandler          0x08001424   Section        0  hardwaretimer.o(i.TIM1_TRG_COM_TIM11_IRQHandler)
    i.TIM1_UP_TIM10_IRQHandler               0x08001438   Section        0  hardwaretimer.o(i.TIM1_UP_TIM10_IRQHandler)
    i.TIM2_IRQHandler                        0x0800145c   Section        0  hardwaretimer.o(i.TIM2_IRQHandler)
    i.TIM3_IRQHandler                        0x08001470   Section        0  hardwaretimer.o(i.TIM3_IRQHandler)
    i.TIM4_IRQHandler                        0x08001484   Section        0  hardwaretimer.o(i.TIM4_IRQHandler)
    i.TIM5_IRQHandler                        0x08001498   Section        0  hardwaretimer.o(i.TIM5_IRQHandler)
    i.TIM6_DAC_IRQHandler                    0x080014ac   Section        0  hardwaretimer.o(i.TIM6_DAC_IRQHandler)
    i.TIM7_IRQHandler                        0x080014c0   Section        0  hardwaretimer.o(i.TIM7_IRQHandler)
    i.TIM8_BRK_TIM12_IRQHandler              0x080014d4   Section        0  hardwaretimer.o(i.TIM8_BRK_TIM12_IRQHandler)
    i.TIM8_CC_IRQHandler                     0x080014e8   Section        0  hardwaretimer.o(i.TIM8_CC_IRQHandler)
    i.TIM8_TRG_COM_TIM14_IRQHandler          0x080014fc   Section        0  hardwaretimer.o(i.TIM8_TRG_COM_TIM14_IRQHandler)
    i.TIM8_UP_TIM13_IRQHandler               0x08001510   Section        0  hardwaretimer.o(i.TIM8_UP_TIM13_IRQHandler)
    i.UART4_IRQHandler                       0x08001524   Section        0  sys.o(i.UART4_IRQHandler)
    i.UART5_IRQHandler                       0x08001530   Section        0  sys.o(i.UART5_IRQHandler)
    i.USART1_IRQHandler                      0x0800153c   Section        0  sys.o(i.USART1_IRQHandler)
    i.USART2_IRQHandler                      0x08001554   Section        0  sys.o(i.USART2_IRQHandler)
    i.USART3_IRQHandler                      0x08001560   Section        0  sys.o(i.USART3_IRQHandler)
    i.USART6_IRQHandler                      0x0800156c   Section        0  sys.o(i.USART6_IRQHandler)
    i._Z10SPI_1_Initv                        0x08001578   Section        0  sys.o(i._Z10SPI_1_Initv)
    SPI_1_Init()                             0x08001579   Thumb Code   130  sys.o(i._Z10SPI_1_Initv)
    i._Z10SPI_2_Initv                        0x08001604   Section        0  sys.o(i._Z10SPI_2_Initv)
    SPI_2_Init()                             0x08001605   Thumb Code   132  sys.o(i._Z10SPI_2_Initv)
    i._Z10SPI_3_Initv                        0x08001690   Section        0  sys.o(i._Z10SPI_3_Initv)
    SPI_3_Init()                             0x08001691   Thumb Code   132  sys.o(i._Z10SPI_3_Initv)
    i._Z14UART_SetConfigP18UART_HandleTypeDef 0x0800171c   Section        0  stm32f4xx_hal_uart.o(i._Z14UART_SetConfigP18UART_HandleTypeDef)
    UART_SetConfig(UART_HandleTypeDef*)      0x0800171d   Thumb Code   676  stm32f4xx_hal_uart.o(i._Z14UART_SetConfigP18UART_HandleTypeDef)
    i._Z14b0PushCallbackPv                   0x080019c8   Section        0  main.o(i._Z14b0PushCallbackPv)
    i._Z14b1PushCallbackPv                   0x08001a04   Section        0  main.o(i._Z14b1PushCallbackPv)
    i._Z14b2PushCallbackPv                   0x08001a40   Section        0  main.o(i._Z14b2PushCallbackPv)
    i._Z14b3PushCallbackPv                   0x08001a7c   Section        0  main.o(i._Z14b3PushCallbackPv)
    i._Z16NVIC_SetPriority9IRQn_Typej        0x08001ab8   Section        0  stm32f4xx_hal_cortex.o(i._Z16NVIC_SetPriority9IRQn_Typej)
    NVIC_SetPriority(IRQn_Type, unsigned)    0x08001ab9   Thumb Code    32  stm32f4xx_hal_cortex.o(i._Z16NVIC_SetPriority9IRQn_Typej)
    i._Z23USART_INT_ClearAllFlagsP13USART_TypeDef9IRQn_Type 0x08001ad8   Section        0  usartclass.o(i._Z23USART_INT_ClearAllFlagsP13USART_TypeDef9IRQn_Type)
    USART_INT_ClearAllFlags(USART_TypeDef*, IRQn_Type) 0x08001ad9   Thumb Code    44  usartclass.o(i._Z23USART_INT_ClearAllFlagsP13USART_TypeDef9IRQn_Type)
    i._Z6spiRecv                             0x08001b08   Section        0  sd2card.o(i._Z6spiRecv)
    spiRec()                                 0x08001b09   Thumb Code    12  sd2card.o(i._Z6spiRecv)
    i._Z7nexLoopPP8NexTouch                  0x08001b18   Section        0  nexhardware.o(i._Z7nexLoopPP8NexTouch)
    i._Z7spiSendh                            0x08001b94   Section        0  sd2card.o(i._Z7spiSendh)
    spiSend(unsigned char)                   0x08001b95   Thumb Code    14  sd2card.o(i._Z7spiSendh)
    i._ZN10RingBuffer10store_charEh          0x08001ba8   Section        0  ringbuffer.o(i._ZN10RingBuffer10store_charEh)
    i._ZN10RingBufferC1Ev                    0x08001bbe   Section        0  ringbuffer.o(i._ZN10RingBufferC1Ev)
    i._ZN10USARTClass10IrqHandlerEv          0x08001bd2   Section        0  usartclass.o(i._ZN10USARTClass10IrqHandlerEv)
    i._ZN10USARTClass4readEv                 0x08001bf6   Section        0  usartclass.o(i._ZN10USARTClass4readEv)
    i._ZN10USARTClass5beginEj                0x08001c14   Section        0  usartclass.o(i._ZN10USARTClass5beginEj)
    i._ZN10USARTClass5writeEh                0x08001ef0   Section        0  usartclass.o(i._ZN10USARTClass5writeEh)
    i._ZN10USARTClass9availableEv            0x08001f06   Section        0  usartclass.o(i._ZN10USARTClass9availableEv)
    i._ZN10USARTClassC1EP13USART_TypeDef9IRQn_TypejP10RingBuffer 0x08001f18   Section        0  usartclass.o(i._ZN10USARTClassC1EP13USART_TypeDef9IRQn_TypejP10RingBuffer)
    i._ZN13HardwareTimer14updateCallbackEP17TIM_HandleTypeDef 0x08001f44   Section        0  hardwaretimer.o(i._ZN13HardwareTimer14updateCallbackEP17TIM_HandleTypeDef)
    i._ZN13HardwareTimer22captureCompareCallbackEP17TIM_HandleTypeDef 0x08001f64   Section        0  hardwaretimer.o(i._ZN13HardwareTimer22captureCompareCallbackEP17TIM_HandleTypeDef)
    i._ZN5Print11printNumberEmh              0x08001fa8   Section        0  print.o(i._ZN5Print11printNumberEmh)
    i._ZN5Print5printEPKc                    0x08001fe2   Section        0  print.o(i._ZN5Print5printEPKc)
    i._ZN5Print5printEc                      0x08001fe6   Section        0  print.o(i._ZN5Print5printEc)
    i._ZN5Print5printEhi                     0x08001fec   Section        0  print.o(i._ZN5Print5printEhi)
    i._ZN5Print5printEii                     0x08001ff0   Section        0  print.o(i._ZN5Print5printEii)
    i._ZN5Print5printEji                     0x08001ff4   Section        0  print.o(i._ZN5Print5printEji)
    i._ZN5Print5printEli                     0x08001ff8   Section        0  print.o(i._ZN5Print5printEli)
    i._ZN5Print5printEmi                     0x0800203a   Section        0  print.o(i._ZN5Print5printEmi)
    i._ZN5Print5writeEPKc                    0x0800204a   Section        0  print.o(i._ZN5Print5writeEPKc)
    i._ZN5Print5writeEPKhj                   0x0800206c   Section        0  print.o(i._ZN5Print5writeEPKhj)
    i._ZN5Print7printlnEPKc                  0x08002094   Section        0  print.o(i._ZN5Print7printlnEPKc)
    i._ZN5Print7printlnEv                    0x080020a8   Section        0  print.o(i._ZN5Print7printlnEv)
    i._ZN6SdFile10addClusterEv               0x080020c0   Section        0  sdfile.o(i._ZN6SdFile10addClusterEv)
    i._ZN6SdFile13cacheDirEntryEh            0x080020ec   Section        0  sdfile.o(i._ZN6SdFile13cacheDirEntryEh)
    i._ZN6SdFile4syncEv                      0x08002110   Section        0  sdfile.o(i._ZN6SdFile4syncEv)
    i._ZN6SdFile5writeEPKvt                  0x0800216c   Section        0  sdfile.o(i._ZN6SdFile5writeEPKvt)
    i._ZN6SdFile5writeEh                     0x08002310   Section        0  sdfile.o(i._ZN6SdFile5writeEh)
    i._ZN6SdFile7seekSetEj                   0x08002320   Section        0  sdfile.o(i._ZN6SdFile7seekSetEj)
    i._ZN6SdFileC1Ev                         0x080023a0   Section        0  sd.o(i._ZN6SdFileC1Ev)
    i._ZN7Sd2Card10writeBlockEjPKh           0x080023bc   Section        0  sd2card.o(i._ZN7Sd2Card10writeBlockEjPKh)
    i._ZN7Sd2Card11cardCommandEhj            0x08002446   Section        0  sd2card.o(i._ZN7Sd2Card11cardCommandEhj)
    i._ZN7Sd2Card11waitNotBusyEt             0x080024bc   Section        0  sd2card.o(i._ZN7Sd2Card11waitNotBusyEt)
    i._ZN7Sd2Card13chipSelectLowEv           0x080024e6   Section        0  sd2card.o(i._ZN7Sd2Card13chipSelectLowEv)
    i._ZN7Sd2Card14chipSelectHighEv          0x080024f4   Section        0  sd2card.o(i._ZN7Sd2Card14chipSelectHighEv)
    i._ZN7Sd2Card14waitStartBlockEv          0x08002502   Section        0  sd2card.o(i._ZN7Sd2Card14waitStartBlockEv)
    i._ZN7Sd2Card5errorEh                    0x0800254e   Section        0  sd2card.o(i._ZN7Sd2Card5errorEh)
    i._ZN7Sd2Card7readEndEv                  0x08002552   Section        0  sd2card.o(i._ZN7Sd2Card7readEndEv)
    i._ZN7Sd2Card8readDataEjttPh             0x0800257a   Section        0  sd2card.o(i._ZN7Sd2Card8readDataEjttPh)
    i._ZN7Sd2Card9readBlockEjPh              0x08002634   Section        0  sd2card.o(i._ZN7Sd2Card9readBlockEjPh)
    i._ZN7Sd2Card9writeDataEhPKh             0x0800264e   Section        0  sd2card.o(i._ZN7Sd2Card9writeDataEhPKh)
    i._ZN8NexTouch10attachPushEPFvPvES0_     0x080026a6   Section        0  nextouch.o(i._ZN8NexTouch10attachPushEPFvPvES0_)
    i._ZN8NexTouch3popEv                     0x080026ac   Section        0  nextouch.o(i._ZN8NexTouch3popEv)
    i._ZN8NexTouch4pushEv                    0x080026bc   Section        0  nextouch.o(i._ZN8NexTouch4pushEv)
    i._ZN8NexTouch7iterateEPPS_hhi           0x080026cc   Section        0  nextouch.o(i._ZN8NexTouch7iterateEPPS_hhi)
    i._ZN8NexTouchC1EhhPKc                   0x08002732   Section        0  nextouch.o(i._ZN8NexTouchC1EhhPKc)
    i._ZN8SPIClass8transferEh                0x0800275c   Section        0  sys.o(i._ZN8SPIClass8transferEh)
    i._ZN8SPIClassC1EP11SPI_TypeDefPFYvvE    0x08002780   Section        0  sys.o(i._ZN8SPIClassC1EP11SPI_TypeDefPFYvvE)
    i._ZN8SdVolume10cacheFlushEv             0x08002794   Section        0  sdvolume.o(i._ZN8SdVolume10cacheFlushEv)
    i._ZN8SdVolume13cacheRawBlockEjh         0x080027f0   Section        0  sdvolume.o(i._ZN8SdVolume13cacheRawBlockEjh)
    i._ZN8SdVolume13cacheSetDirtyEv          0x0800283c   Section        0  sdfile.o(i._ZN8SdVolume13cacheSetDirtyEv)
    i._ZN8SdVolume15allocContiguousEjPj      0x08002850   Section        0  sdvolume.o(i._ZN8SdVolume15allocContiguousEjPj)
    i._ZN8SdVolume6fatPutEjj                 0x08002918   Section        0  sdvolume.o(i._ZN8SdVolume6fatPutEjj)
    i._ZN9NexButtonC1EhhPKc                  0x080029a0   Section        0  nexbutton.o(i._ZN9NexButtonC1EhhPKc)
    i._ZN9NexObject12printObjInfoEv          0x080029c0   Section        0  nexobject.o(i._ZN9NexObject12printObjInfoEv)
    i._ZN9NexObject9getObjCidEv              0x08002a40   Section        0  nexobject.o(i._ZN9NexObject9getObjCidEv)
    i._ZN9NexObject9getObjPidEv              0x08002a46   Section        0  nexobject.o(i._ZN9NexObject9getObjPidEv)
    i._ZN9NexObjectC1EhhPKc                  0x08002a4c   Section        0  nexobject.o(i._ZN9NexObjectC1EhhPKc)
    i._ZNK6SdFile5isDirEv                    0x08002a54   Section        0  sdfile.o(i._ZNK6SdFile5isDirEv)
    i._ZNK6SdFile6isFileEv                   0x08002a64   Section        0  sdfile.o(i._ZNK6SdFile6isFileEv)
    i._ZNK6SdFile6isOpenEv                   0x08002a72   Section        0  sd.o(i._ZNK6SdFile6isOpenEv)
    i._ZNK7Sd2Card4typeEv                    0x08002a80   Section        0  sd2card.o(i._ZNK7Sd2Card4typeEv)
    i._ZNK8SdVolume14blockOfClusterEj        0x08002a86   Section        0  sdfile.o(i._ZNK8SdVolume14blockOfClusterEj)
    i._ZNK8SdVolume17clusterStartBlockEj     0x08002a94   Section        0  sdfile.o(i._ZNK8SdVolume17clusterStartBlockEj)
    i._ZNK8SdVolume5isEOCEj                  0x08002aa4   Section        0  sdfile.o(i._ZNK8SdVolume5isEOCEj)
    i._ZNK8SdVolume6fatGetEjPj               0x08002ac8   Section        0  sdvolume.o(i._ZNK8SdVolume6fatGetEjPj)
    i.__cxa_pure_virtual                     0x08002b38   Section        0  pure_virt.o(i.__cxa_pure_virtual)
    i.__scatterload_copy                     0x08002b3e   Section       14  handlers.o(i.__scatterload_copy)
    i.__scatterload_null                     0x08002b4c   Section        2  handlers.o(i.__scatterload_null)
    i.__scatterload_zeroinit                 0x08002b4e   Section       14  handlers.o(i.__scatterload_zeroinit)
    i.__sti___5_sys_c_GPIO_Set               0x08002b5c   Section        0  sys.o(i.__sti___5_sys_c_GPIO_Set)
    __sti___5_sys_c_GPIO_Set                 0x08002b5d   Thumb Code   220  sys.o(i.__sti___5_sys_c_GPIO_Set)
    i.__sti___6_SD_cpp_426a88ba              0x08002c70   Section        0  sd.o(i.__sti___6_SD_cpp_426a88ba)
    __sti___6_SD_cpp_426a88ba                0x08002c71   Thumb Code    50  sd.o(i.__sti___6_SD_cpp_426a88ba)
    i.__sti___6_main_c_b0                    0x08002ca8   Section        0  main.o(i.__sti___6_main_c_b0)
    __sti___6_main_c_b0                      0x08002ca9   Thumb Code    52  main.o(i.__sti___6_main_c_b0)
    i.delay                                  0x08002cfc   Section        0  sys.o(i.delay)
    i.digitalWrite                           0x08002d20   Section        0  sys.o(i.digitalWrite)
    i.get_timer_obj                          0x08002d44   Section        0  timer.o(i.get_timer_obj)
    i.main                                   0x08002d48   Section        0  main.o(i.main)
    i.millis                                 0x08002e10   Section        0  sys.o(i.millis)
    i.pinMode                                0x08002e14   Section        0  sys.o(i.pinMode)
    i.togglePin                              0x08002f84   Section        0  sys.o(i.togglePin)
    .constdata                               0x08002fa0   Section       16  stm32f4xx_hal_rcc.o(.constdata)
    APBAHBPrescTable                         0x08002fa0   Data          16  stm32f4xx_hal_rcc.o(.constdata)
    .constdata                               0x08002fb0   Section     2716  pinmap.o(.constdata)
    .constdata__ZTV10USARTClass              0x08003a4c   Section       32  usartclass.o(.constdata__ZTV10USARTClass)
    .constdata__ZTV5Print                    0x08003a6c   Section       16  print.o(.constdata__ZTV5Print)
    .constdata__ZTV6SdFile                   0x08003a7c   Section       16  sdfile.o(.constdata__ZTV6SdFile)
    .init_array                              0x08003aac   Section        4  sd.o(.init_array)
    .init_array                              0x08003ab0   Section        4  main.o(.init_array)
    .init_array                              0x08003ab4   Section        4  sys.o(.init_array)
    .init_array                              0x08003ab8   Section        0  cpp_init.o(.init_array)
    .data                                    0x20000000   Section       16  sdfile.o(.data)
    PWM_Manager                              0x20000000   Data           8  sdfile.o(.data)
    .data                                    0x20000010   Section       24  sdvolume.o(.data)
    PWM_Manager                              0x20000010   Data           8  sdvolume.o(.data)
    .data                                    0x20000028   Section       28  main.o(.data)
    PWM_Manager                              0x20000028   Data           8  main.o(.data)
    .data                                    0x20000044   Section        4  system_stm32f4xx.o(.data)
    .data                                    0x20000048   Section        4  stm32f4xx_hal.o(.data)
    .bss                                     0x2000004c   Section      116  sd.o(.bss)
    TManager                                 0x2000004c   Data          16  sd.o(.bss)
    .bss                                     0x200000c0   Section      528  sdvolume.o(.bss)
    TManager                                 0x200000c0   Data          16  sdvolume.o(.bss)
    .bss                                     0x200002d0   Section       26  nexhardware.o(.bss)
    TManager                                 0x200002d0   Data          16  nexhardware.o(.bss)
    __buffer                                 0x200002e0   Data          10  nexhardware.o(.bss)
    .bss                                     0x200002ec   Section      112  main.o(.bss)
    TManager                                 0x200002ec   Data          16  main.o(.bss)
    .bss                                     0x2000035c   Section     1320  sys.o(.bss)
    ADC_DMA_RegChannelList                   0x2000035c   Data          18  sys.o(.bss)
    ADC_DMA_ConvertedValue                   0x2000036e   Data          36  sys.o(.bss)
    hspi                                     0x20000394   Data          88  sys.o(.bss)
    callbacksEXTI                            0x20000844   Data          64  sys.o(.bss)
    .bss                                     0x20000884   Section       64  usartclass.o(.bss)
    UART_Handle                              0x20000884   Data          64  usartclass.o(.bss)
    .bss                                     0x200008c4   Section       56  hardwaretimer.o(.bss)
    STACK                                    0x20000900   Section     1536  startup_stm32f407xx.o(STACK)

    Global Symbols

    Symbol Name                              Value     Ov Type        Size  Object(Section)

    BuildAttributes$$THM_ISAv4$E$P$D$K$B$S$7EM$VFPi3$EXTD16$VFPS$VFMA$PE$A:L22UL41UL21$X:L11$S22US41US21$IEEE1$IW$USESV6$~STKCKD$USESV7$~SHL$OTIME$ROPI$IEEEX$EBA8$UX$MICROLIB$REQ8$PRES8$EABIv2 0x00000000   Number         0  anon$$obj.o ABSOLUTE
    __ARM_use_no_argv                        0x00000000   Number         0  main.o ABSOLUTE
    _printf_a                                0x00000000   Number         0  stubs.o ABSOLUTE
    _printf_c                                0x00000000   Number         0  stubs.o ABSOLUTE
    _printf_charcount                        0x00000000   Number         0  stubs.o ABSOLUTE
    _printf_d                                0x00000000   Number         0  stubs.o ABSOLUTE
    _printf_e                                0x00000000   Number         0  stubs.o ABSOLUTE
    _printf_f                                0x00000000   Number         0  stubs.o ABSOLUTE
    _printf_flags                            0x00000000   Number         0  stubs.o ABSOLUTE
    _printf_fp_dec                           0x00000000   Number         0  stubs.o ABSOLUTE
    _printf_fp_hex                           0x00000000   Number         0  stubs.o ABSOLUTE
    _printf_g                                0x00000000   Number         0  stubs.o ABSOLUTE
    _printf_i                                0x00000000   Number         0  stubs.o ABSOLUTE
    _printf_int_dec                          0x00000000   Number         0  stubs.o ABSOLUTE
    _printf_l                                0x00000000   Number         0  stubs.o ABSOLUTE
    _printf_lc                               0x00000000   Number         0  stubs.o ABSOLUTE
    _printf_ll                               0x00000000   Number         0  stubs.o ABSOLUTE
    _printf_lld                              0x00000000   Number         0  stubs.o ABSOLUTE
    _printf_lli                              0x00000000   Number         0  stubs.o ABSOLUTE
    _printf_llo                              0x00000000   Number         0  stubs.o ABSOLUTE
    _printf_llu                              0x00000000   Number         0  stubs.o ABSOLUTE
    _printf_llx                              0x00000000   Number         0  stubs.o ABSOLUTE
    _printf_longlong_dec                     0x00000000   Number         0  stubs.o ABSOLUTE
    _printf_longlong_hex                     0x00000000   Number         0  stubs.o ABSOLUTE
    _printf_longlong_oct                     0x00000000   Number         0  stubs.o ABSOLUTE
    _printf_ls                               0x00000000   Number         0  stubs.o ABSOLUTE
    _printf_mbtowc                           0x00000000   Number         0  stubs.o ABSOLUTE
    _printf_n                                0x00000000   Number         0  stubs.o ABSOLUTE
    _printf_o                                0x00000000   Number         0  stubs.o ABSOLUTE
    _printf_p                                0x00000000   Number         0  stubs.o ABSOLUTE
    _printf_percent                          0x00000000   Number         0  stubs.o ABSOLUTE
    _printf_pre_padding                      0x00000000   Number         0  stubs.o ABSOLUTE
    _printf_return_value                     0x00000000   Number         0  stubs.o ABSOLUTE
    _printf_s                                0x00000000   Number         0  stubs.o ABSOLUTE
    _printf_sizespec                         0x00000000   Number         0  stubs.o ABSOLUTE
    _printf_str                              0x00000000   Number         0  stubs.o ABSOLUTE
    _printf_truncate_signed                  0x00000000   Number         0  stubs.o ABSOLUTE
    _printf_truncate_unsigned                0x00000000   Number         0  stubs.o ABSOLUTE
    _printf_u                                0x00000000   Number         0  stubs.o ABSOLUTE
    _printf_wc                               0x00000000   Number         0  stubs.o ABSOLUTE
    _printf_wctomb                           0x00000000   Number         0  stubs.o ABSOLUTE
    _printf_widthprec                        0x00000000   Number         0  stubs.o ABSOLUTE
    _printf_x                                0x00000000   Number         0  stubs.o ABSOLUTE
    SHT$$ARM_EXIDX$$Base                      - Undefined Reference
    SHT$$ARM_EXIDX$$Limit                     - Undefined Reference
    __ARM::default_unexpected_handler()       - Undefined Weak Reference
    typeinfo for Printable                    - Undefined Weak Reference
    __ARM_exceptions_buffer_required          - Undefined Weak Reference
    __aeabi_unwind_cpp_pr1                    - Undefined Weak Reference
    __aeabi_unwind_cpp_pr2                    - Undefined Weak Reference
    __cxa_begin_cleanup                       - Undefined Weak Reference
    __cxa_finalize                            - Undefined Weak Reference
    __cxa_type_match                          - Undefined Weak Reference
    __decompress                              - Undefined Weak Reference
    _clock_init                               - Undefined Weak Reference
    _microlib_exit                            - Undefined Weak Reference
    __Vectors_Size                           0x00000188   Number         0  startup_stm32f407xx.o ABSOLUTE
    __Vectors                                0x08000000   Data           4  startup_stm32f407xx.o(RESET)
    __Vectors_End                            0x08000188   Data           0  startup_stm32f407xx.o(RESET)
    __main                                   0x08000189   Thumb Code     0  entry.o(.ARM.Collect$$$$00000000)
    _main_stk                                0x08000189   Thumb Code     0  entry2.o(.ARM.Collect$$$$00000001)
    _main_scatterload                        0x0800018d   Thumb Code     0  entry5.o(.ARM.Collect$$$$00000004)
    __main_after_scatterload                 0x08000191   Thumb Code     0  entry5.o(.ARM.Collect$$$$00000004)
    _main_clock                              0x08000191   Thumb Code     0  entry7b.o(.ARM.Collect$$$$00000008)
    _main_cpp_init$empty                     0x08000191   Thumb Code     0  entry8a.o(.ARM.Collect$$$$00000009)
    _main_cpp_init                           0x08000195   Thumb Code     0  entry8b.o(.ARM.Collect$$$$0000000A)
    _main_init                               0x08000195   Thumb Code     0  entry9a.o(.ARM.Collect$$$$0000000B)
    __rt_final_cpp                           0x0800019d   Thumb Code     0  entry10a.o(.ARM.Collect$$$$0000000D)
    __rt_final_exit                          0x0800019d   Thumb Code     0  entry11a.o(.ARM.Collect$$$$0000000F)
    Reset_Handler                            0x080001a1   Thumb Code     8  startup_stm32f407xx.o(.text)
    NMI_Handler                              0x080001a9   Thumb Code     2  startup_stm32f407xx.o(.text)
    HardFault_Handler                        0x080001ab   Thumb Code     2  startup_stm32f407xx.o(.text)
    MemManage_Handler                        0x080001ad   Thumb Code     2  startup_stm32f407xx.o(.text)
    BusFault_Handler                         0x080001af   Thumb Code     2  startup_stm32f407xx.o(.text)
    UsageFault_Handler                       0x080001b1   Thumb Code     2  startup_stm32f407xx.o(.text)
    SVC_Handler                              0x080001b3   Thumb Code     2  startup_stm32f407xx.o(.text)
    DebugMon_Handler                         0x080001b5   Thumb Code     2  startup_stm32f407xx.o(.text)
    PendSV_Handler                           0x080001b7   Thumb Code     2  startup_stm32f407xx.o(.text)
    ADC_IRQHandler                           0x080001bb   Thumb Code     0  startup_stm32f407xx.o(.text)
    CAN1_RX0_IRQHandler                      0x080001bb   Thumb Code     0  startup_stm32f407xx.o(.text)
    CAN1_RX1_IRQHandler                      0x080001bb   Thumb Code     0  startup_stm32f407xx.o(.text)
    CAN1_SCE_IRQHandler                      0x080001bb   Thumb Code     0  startup_stm32f407xx.o(.text)
    CAN1_TX_IRQHandler                       0x080001bb   Thumb Code     0  startup_stm32f407xx.o(.text)
    CAN2_RX0_IRQHandler                      0x080001bb   Thumb Code     0  startup_stm32f407xx.o(.text)
    CAN2_RX1_IRQHandler                      0x080001bb   Thumb Code     0  startup_stm32f407xx.o(.text)
    CAN2_SCE_IRQHandler                      0x080001bb   Thumb Code     0  startup_stm32f407xx.o(.text)
    CAN2_TX_IRQHandler                       0x080001bb   Thumb Code     0  startup_stm32f407xx.o(.text)
    DCMI_IRQHandler                          0x080001bb   Thumb Code     0  startup_stm32f407xx.o(.text)
    ETH_IRQHandler                           0x080001bb   Thumb Code     0  startup_stm32f407xx.o(.text)
    ETH_WKUP_IRQHandler                      0x080001bb   Thumb Code     0  startup_stm32f407xx.o(.text)
    FLASH_IRQHandler                         0x080001bb   Thumb Code     0  startup_stm32f407xx.o(.text)
    FMC_IRQHandler                           0x080001bb   Thumb Code     0  startup_stm32f407xx.o(.text)
    FPU_IRQHandler                           0x080001bb   Thumb Code     0  startup_stm32f407xx.o(.text)
    HASH_RNG_IRQHandler                      0x080001bb   Thumb Code     0  startup_stm32f407xx.o(.text)
    I2C1_ER_IRQHandler                       0x080001bb   Thumb Code     0  startup_stm32f407xx.o(.text)
    I2C1_EV_IRQHandler                       0x080001bb   Thumb Code     0  startup_stm32f407xx.o(.text)
    I2C2_ER_IRQHandler                       0x080001bb   Thumb Code     0  startup_stm32f407xx.o(.text)
    I2C2_EV_IRQHandler                       0x080001bb   Thumb Code     0  startup_stm32f407xx.o(.text)
    I2C3_ER_IRQHandler                       0x080001bb   Thumb Code     0  startup_stm32f407xx.o(.text)
    I2C3_EV_IRQHandler                       0x080001bb   Thumb Code     0  startup_stm32f407xx.o(.text)
    OTG_FS_IRQHandler                        0x080001bb   Thumb Code     0  startup_stm32f407xx.o(.text)
    OTG_FS_WKUP_IRQHandler                   0x080001bb   Thumb Code     0  startup_stm32f407xx.o(.text)
    OTG_HS_EP1_IN_IRQHandler                 0x080001bb   Thumb Code     0  startup_stm32f407xx.o(.text)
    OTG_HS_EP1_OUT_IRQHandler                0x080001bb   Thumb Code     0  startup_stm32f407xx.o(.text)
    OTG_HS_IRQHandler                        0x080001bb   Thumb Code     0  startup_stm32f407xx.o(.text)
    OTG_HS_WKUP_IRQHandler                   0x080001bb   Thumb Code     0  startup_stm32f407xx.o(.text)
    PVD_IRQHandler                           0x080001bb   Thumb Code     0  startup_stm32f407xx.o(.text)
    RCC_IRQHandler                           0x080001bb   Thumb Code     0  startup_stm32f407xx.o(.text)
    RTC_Alarm_IRQHandler                     0x080001bb   Thumb Code     0  startup_stm32f407xx.o(.text)
    RTC_WKUP_IRQHandler                      0x080001bb   Thumb Code     0  startup_stm32f407xx.o(.text)
    SDIO_IRQHandler                          0x080001bb   Thumb Code     0  startup_stm32f407xx.o(.text)
    SPI1_IRQHandler                          0x080001bb   Thumb Code     0  startup_stm32f407xx.o(.text)
    SPI2_IRQHandler                          0x080001bb   Thumb Code     0  startup_stm32f407xx.o(.text)
    SPI3_IRQHandler                          0x080001bb   Thumb Code     0  startup_stm32f407xx.o(.text)
    TAMP_STAMP_IRQHandler                    0x080001bb   Thumb Code     0  startup_stm32f407xx.o(.text)
    WWDG_IRQHandler                          0x080001bb   Thumb Code     0  startup_stm32f407xx.o(.text)
    __aeabi_memset                           0x080001c5   Thumb Code    14  memseta.o(.text)
    __aeabi_memset4                          0x080001c5   Thumb Code     0  memseta.o(.text)
    __aeabi_memset8                          0x080001c5   Thumb Code     0  memseta.o(.text)
    __aeabi_memclr                           0x080001d3   Thumb Code     4  memseta.o(.text)
    __aeabi_memclr4                          0x080001d3   Thumb Code     0  memseta.o(.text)
    __aeabi_memclr8                          0x080001d3   Thumb Code     0  memseta.o(.text)
    _memset$wrapper                          0x080001d7   Thumb Code    18  memseta.o(.text)
    strlen                                   0x080001e9   Thumb Code    14  strlen.o(.text)
    __cpp_initialize__aeabi_                 0x080001f9   Thumb Code    22  cpp_init.o(.text)
    __rt_SIGPVFN                             0x08000219   Thumb Code     2  cpp_signal.o(.text)
    __scatterload                            0x0800021d   Thumb Code    28  init.o(.text)
    __scatterload_rt2                        0x0800021d   Thumb Code     0  init.o(.text)
    DMA1_Stream0_IRQHandler                  0x08000241   Thumb Code    14  sys.o(i.DMA1_Stream0_IRQHandler)
    DMA1_Stream1_IRQHandler                  0x08000255   Thumb Code    14  sys.o(i.DMA1_Stream1_IRQHandler)
    DMA1_Stream2_IRQHandler                  0x08000269   Thumb Code    16  sys.o(i.DMA1_Stream2_IRQHandler)
    DMA1_Stream3_IRQHandler                  0x0800027d   Thumb Code    16  sys.o(i.DMA1_Stream3_IRQHandler)
    DMA1_Stream4_IRQHandler                  0x08000291   Thumb Code    14  sys.o(i.DMA1_Stream4_IRQHandler)
    DMA1_Stream5_IRQHandler                  0x080002a5   Thumb Code    14  sys.o(i.DMA1_Stream5_IRQHandler)
    DMA1_Stream6_IRQHandler                  0x080002b9   Thumb Code    16  sys.o(i.DMA1_Stream6_IRQHandler)
    DMA1_Stream7_IRQHandler                  0x080002cd   Thumb Code    16  sys.o(i.DMA1_Stream7_IRQHandler)
    DMA2_Stream0_IRQHandler                  0x080002e1   Thumb Code    18  sys.o(i.DMA2_Stream0_IRQHandler)
    DMA2_Stream1_IRQHandler                  0x080002f9   Thumb Code    20  sys.o(i.DMA2_Stream1_IRQHandler)
    DMA2_Stream2_IRQHandler                  0x08000311   Thumb Code    20  sys.o(i.DMA2_Stream2_IRQHandler)
    DMA2_Stream3_IRQHandler                  0x08000329   Thumb Code    20  sys.o(i.DMA2_Stream3_IRQHandler)
    DMA2_Stream4_IRQHandler                  0x08000341   Thumb Code    18  sys.o(i.DMA2_Stream4_IRQHandler)
    DMA2_Stream5_IRQHandler                  0x08000359   Thumb Code    20  sys.o(i.DMA2_Stream5_IRQHandler)
    DMA2_Stream6_IRQHandler                  0x08000371   Thumb Code    20  sys.o(i.DMA2_Stream6_IRQHandler)
    DMA2_Stream7_IRQHandler                  0x08000389   Thumb Code    20  sys.o(i.DMA2_Stream7_IRQHandler)
    EXTI0_IRQHandler                         0x080003a1   Thumb Code    36  sys.o(i.EXTI0_IRQHandler)
    EXTI15_10_IRQHandler                     0x080003cd   Thumb Code   144  sys.o(i.EXTI15_10_IRQHandler)
    EXTI1_IRQHandler                         0x08000465   Thumb Code    36  sys.o(i.EXTI1_IRQHandler)
    EXTI2_IRQHandler                         0x08000491   Thumb Code    36  sys.o(i.EXTI2_IRQHandler)
    EXTI3_IRQHandler                         0x080004bd   Thumb Code    36  sys.o(i.EXTI3_IRQHandler)
    EXTI4_IRQHandler                         0x080004e9   Thumb Code    36  sys.o(i.EXTI4_IRQHandler)
    EXTI9_5_IRQHandler                       0x08000515   Thumb Code   118  sys.o(i.EXTI9_5_IRQHandler)
    Error_Handler                            0x08000595   Thumb Code     4  main.o(i.Error_Handler)
    HAL_GPIO_EXTI_Callback                   0x08000599   Thumb Code     2  stm32f4xx_hal_gpio.o(i.HAL_GPIO_EXTI_Callback)
    HAL_GPIO_Init                            0x0800059d   Thumb Code   398  stm32f4xx_hal_gpio.o(i.HAL_GPIO_Init)
    HAL_GetREVID                             0x0800075d   Thumb Code     8  stm32f4xx_hal.o(i.HAL_GetREVID)
    HAL_GetTick                              0x08000769   Thumb Code     6  stm32f4xx_hal.o(i.HAL_GetTick)
    HAL_IncTick                              0x08000775   Thumb Code    10  stm32f4xx_hal.o(i.HAL_IncTick)
    HAL_Init                                 0x08000785   Thumb Code    48  stm32f4xx_hal.o(i.HAL_Init)
    HAL_InitTick                             0x080007b9   Thumb Code    34  stm32f4xx_hal.o(i.HAL_InitTick)
    HAL_MspInit                              0x080007db   Thumb Code    20  stm32f4xx_hal_msp.o(i.HAL_MspInit)
    HAL_NVIC_ClearPendingIRQ                 0x080007ef   Thumb Code    22  stm32f4xx_hal_cortex.o(i.HAL_NVIC_ClearPendingIRQ)
    HAL_NVIC_DisableIRQ                      0x08000805   Thumb Code    22  stm32f4xx_hal_cortex.o(i.HAL_NVIC_DisableIRQ)
    HAL_NVIC_EnableIRQ                       0x0800081b   Thumb Code    22  stm32f4xx_hal_cortex.o(i.HAL_NVIC_EnableIRQ)
    HAL_NVIC_SetPriority                     0x08000831   Thumb Code    60  stm32f4xx_hal_cortex.o(i.HAL_NVIC_SetPriority)
    HAL_NVIC_SetPriorityGrouping             0x08000871   Thumb Code    26  stm32f4xx_hal_cortex.o(i.HAL_NVIC_SetPriorityGrouping)
    HAL_RCC_ClockConfig                      0x08000895   Thumb Code   680  stm32f4xx_hal_rcc.o(i.HAL_RCC_ClockConfig)
    HAL_RCC_GetHCLKFreq                      0x08000b45   Thumb Code    42  stm32f4xx_hal_rcc.o(i.HAL_RCC_GetHCLKFreq)
    HAL_RCC_GetPCLK1Freq                     0x08000b7d   Thumb Code    36  stm32f4xx_hal_rcc.o(i.HAL_RCC_GetPCLK1Freq)
    HAL_RCC_GetPCLK2Freq                     0x08000ba9   Thumb Code    36  stm32f4xx_hal_rcc.o(i.HAL_RCC_GetPCLK2Freq)
    HAL_RCC_GetSysClockFreq                  0x08000bd5   Thumb Code   168  stm32f4xx_hal_rcc.o(i.HAL_RCC_GetSysClockFreq)
    HAL_RCC_OscConfig                        0x08000c89   Thumb Code   996  stm32f4xx_hal_rcc.o(i.HAL_RCC_OscConfig)
    HAL_SYSTICK_CLKSourceConfig              0x0800107d   Thumb Code    24  stm32f4xx_hal_cortex.o(i.HAL_SYSTICK_CLKSourceConfig)
    HAL_SYSTICK_Callback                     0x08001095   Thumb Code     2  main.o(i.HAL_SYSTICK_Callback)
    HAL_SYSTICK_Config                       0x08001097   Thumb Code    40  stm32f4xx_hal_cortex.o(i.HAL_SYSTICK_Config)
    HAL_SYSTICK_IRQHandler                   0x080010bf   Thumb Code     8  stm32f4xx_hal_cortex.o(i.HAL_SYSTICK_IRQHandler)
    HAL_TIMEx_BreakCallback                  0x080010c7   Thumb Code     2  stm32f4xx_hal_tim_ex.o(i.HAL_TIMEx_BreakCallback)
    HAL_TIMEx_CommutationCallback            0x080010c9   Thumb Code     2  stm32f4xx_hal_tim_ex.o(i.HAL_TIMEx_CommutationCallback)
    HAL_TIM_IC_CaptureCallback               0x080010cb   Thumb Code     4  hardwaretimer.o(i.HAL_TIM_IC_CaptureCallback)
    HAL_TIM_IRQHandler                       0x080010cf   Thumb Code   358  stm32f4xx_hal_tim.o(i.HAL_TIM_IRQHandler)
    HAL_TIM_OC_DelayElapsedCallback          0x08001235   Thumb Code     4  hardwaretimer.o(i.HAL_TIM_OC_DelayElapsedCallback)
    HAL_TIM_PWM_PulseFinishedCallback        0x08001239   Thumb Code     2  stm32f4xx_hal_tim.o(i.HAL_TIM_PWM_PulseFinishedCallback)
    HAL_TIM_PeriodElapsedCallback            0x0800123b   Thumb Code     4  hardwaretimer.o(i.HAL_TIM_PeriodElapsedCallback)
    HAL_TIM_TriggerCallback                  0x0800123f   Thumb Code     2  stm32f4xx_hal_tim.o(i.HAL_TIM_TriggerCallback)
    HAL_UART_Init                            0x08001241   Thumb Code    98  stm32f4xx_hal_uart.o(i.HAL_UART_Init)
    HAL_UART_MspInit                         0x080012a3   Thumb Code     2  stm32f4xx_hal_uart.o(i.HAL_UART_MspInit)
    SysTick_Handler                          0x080012a5   Thumb Code    12  stm32f4xx_it.o(i.SysTick_Handler)
    SystemClock_Config                       0x080012b1   Thumb Code   218  main.o(i.SystemClock_Config)
    SystemInit                               0x08001399   Thumb Code    82  system_stm32f4xx.o(i.SystemInit)
    TIM1_BRK_TIM9_IRQHandler                 0x080013fd   Thumb Code    16  hardwaretimer.o(i.TIM1_BRK_TIM9_IRQHandler)
    TIM1_CC_IRQHandler                       0x08001411   Thumb Code    16  hardwaretimer.o(i.TIM1_CC_IRQHandler)
    TIM1_TRG_COM_TIM11_IRQHandler            0x08001425   Thumb Code    16  hardwaretimer.o(i.TIM1_TRG_COM_TIM11_IRQHandler)
    TIM1_UP_TIM10_IRQHandler                 0x08001439   Thumb Code    32  hardwaretimer.o(i.TIM1_UP_TIM10_IRQHandler)
    TIM2_IRQHandler                          0x0800145d   Thumb Code    16  hardwaretimer.o(i.TIM2_IRQHandler)
    TIM3_IRQHandler                          0x08001471   Thumb Code    16  hardwaretimer.o(i.TIM3_IRQHandler)
    TIM4_IRQHandler                          0x08001485   Thumb Code    16  hardwaretimer.o(i.TIM4_IRQHandler)
    TIM5_IRQHandler                          0x08001499   Thumb Code    16  hardwaretimer.o(i.TIM5_IRQHandler)
    TIM6_DAC_IRQHandler                      0x080014ad   Thumb Code    16  hardwaretimer.o(i.TIM6_DAC_IRQHandler)
    TIM7_IRQHandler                          0x080014c1   Thumb Code    16  hardwaretimer.o(i.TIM7_IRQHandler)
    TIM8_BRK_TIM12_IRQHandler                0x080014d5   Thumb Code    16  hardwaretimer.o(i.TIM8_BRK_TIM12_IRQHandler)
    TIM8_CC_IRQHandler                       0x080014e9   Thumb Code    16  hardwaretimer.o(i.TIM8_CC_IRQHandler)
    TIM8_TRG_COM_TIM14_IRQHandler            0x080014fd   Thumb Code    16  hardwaretimer.o(i.TIM8_TRG_COM_TIM14_IRQHandler)
    TIM8_UP_TIM13_IRQHandler                 0x08001511   Thumb Code    16  hardwaretimer.o(i.TIM8_UP_TIM13_IRQHandler)
    UART4_IRQHandler                         0x08001525   Thumb Code     6  sys.o(i.UART4_IRQHandler)
    UART5_IRQHandler                         0x08001531   Thumb Code     6  sys.o(i.UART5_IRQHandler)
    USART1_IRQHandler                        0x0800153d   Thumb Code    20  sys.o(i.USART1_IRQHandler)
    USART2_IRQHandler                        0x08001555   Thumb Code     6  sys.o(i.USART2_IRQHandler)
    USART3_IRQHandler                        0x08001561   Thumb Code     6  sys.o(i.USART3_IRQHandler)
    USART6_IRQHandler                        0x0800156d   Thumb Code     6  sys.o(i.USART6_IRQHandler)
    b0PushCallback(void*)                    0x080019c9   Thumb Code    48  main.o(i._Z14b0PushCallbackPv)
    b1PushCallback(void*)                    0x08001a05   Thumb Code    48  main.o(i._Z14b1PushCallbackPv)
    b2PushCallback(void*)                    0x08001a41   Thumb Code    48  main.o(i._Z14b2PushCallbackPv)
    b3PushCallback(void*)                    0x08001a7d   Thumb Code    48  main.o(i._Z14b3PushCallbackPv)
    nexLoop(NexTouch**)                      0x08001b19   Thumb Code   116  nexhardware.o(i._Z7nexLoopPP8NexTouch)
    RingBuffer::store_char(unsigned char)    0x08001ba9   Thumb Code    22  ringbuffer.o(i._ZN10RingBuffer10store_charEh)
    RingBuffer::RingBuffer()                 0x08001bbf   Thumb Code    20  ringbuffer.o(i._ZN10RingBufferC1Ev)
    RingBuffer::RingBuffer__sub_object()     0x08001bbf   Thumb Code     0  ringbuffer.o(i._ZN10RingBufferC1Ev)
    USARTClass::IrqHandler()                 0x08001bd3   Thumb Code    36  usartclass.o(i._ZN10USARTClass10IrqHandlerEv)
    USARTClass::read()                       0x08001bf7   Thumb Code    28  usartclass.o(i._ZN10USARTClass4readEv)
    USARTClass::begin(unsigned)              0x08001c15   Thumb Code   722  usartclass.o(i._ZN10USARTClass5beginEj)
    USARTClass::write(unsigned char)         0x08001ef1   Thumb Code    22  usartclass.o(i._ZN10USARTClass5writeEh)
    USARTClass::available()                  0x08001f07   Thumb Code    16  usartclass.o(i._ZN10USARTClass9availableEv)
    USARTClass::USARTClass(USART_TypeDef*, IRQn_Type, unsigned, RingBuffer*) 0x08001f19   Thumb Code    38  usartclass.o(i._ZN10USARTClassC1EP13USART_TypeDef9IRQn_TypejP10RingBuffer)
    USARTClass::USARTClass__sub_object(USART_TypeDef*, IRQn_Type, unsigned, RingBuffer*) 0x08001f19   Thumb Code     0  usartclass.o(i._ZN10USARTClassC1EP13USART_TypeDef9IRQn_TypejP10RingBuffer)
    HardwareTimer::updateCallback(TIM_HandleTypeDef*) 0x08001f45   Thumb Code    32  hardwaretimer.o(i._ZN13HardwareTimer14updateCallbackEP17TIM_HandleTypeDef)
    HardwareTimer::captureCompareCallback(TIM_HandleTypeDef*) 0x08001f65   Thumb Code    68  hardwaretimer.o(i._ZN13HardwareTimer22captureCompareCallbackEP17TIM_HandleTypeDef)
    Print::printNumber(unsigned long, unsigned char) 0x08001fa9   Thumb Code    58  print.o(i._ZN5Print11printNumberEmh)
    Print::print(const char*)                0x08001fe3   Thumb Code     4  print.o(i._ZN5Print5printEPKc)
    Print::print(char)                       0x08001fe7   Thumb Code     6  print.o(i._ZN5Print5printEc)
    Print::print(unsigned char, int)         0x08001fed   Thumb Code     4  print.o(i._ZN5Print5printEhi)
    Print::print(int, int)                   0x08001ff1   Thumb Code     4  print.o(i._ZN5Print5printEii)
    Print::print(unsigned, int)              0x08001ff5   Thumb Code     4  print.o(i._ZN5Print5printEji)
    Print::print(long, int)                  0x08001ff9   Thumb Code    66  print.o(i._ZN5Print5printEli)
    Print::print(unsigned long, int)         0x0800203b   Thumb Code    16  print.o(i._ZN5Print5printEmi)
    Print::write(const char*)                0x0800204b   Thumb Code    34  print.o(i._ZN5Print5writeEPKc)
    Print::write(const unsigned char*, unsigned) 0x0800206d   Thumb Code    40  print.o(i._ZN5Print5writeEPKhj)
    Print::println(const char*)              0x08002095   Thumb Code    20  print.o(i._ZN5Print7printlnEPKc)
    Print::println()                         0x080020a9   Thumb Code    24  print.o(i._ZN5Print7printlnEv)
    SdFile::addCluster()                     0x080020c1   Thumb Code    42  sdfile.o(i._ZN6SdFile10addClusterEv)
    SdFile::cacheDirEntry(unsigned char)     0x080020ed   Thumb Code    30  sdfile.o(i._ZN6SdFile13cacheDirEntryEh)
    SdFile::sync()                           0x08002111   Thumb Code    88  sdfile.o(i._ZN6SdFile4syncEv)
    SdFile::write(const void*, unsigned short) 0x0800216d   Thumb Code   404  sdfile.o(i._ZN6SdFile5writeEPKvt)
    SdFile::write(unsigned char)             0x08002311   Thumb Code    16  sdfile.o(i._ZN6SdFile5writeEh)
    SdFile::seekSet(unsigned)                0x08002321   Thumb Code   128  sdfile.o(i._ZN6SdFile7seekSetEj)
    SdFile::SdFile()                         0x080023a1   Thumb Code    20  sd.o(i._ZN6SdFileC1Ev)
    SdFile::SdFile__sub_object()             0x080023a1   Thumb Code     0  sd.o(i._ZN6SdFileC1Ev)
    Sd2Card::writeBlock(unsigned, const unsigned char*) 0x080023bd   Thumb Code   138  sd2card.o(i._ZN7Sd2Card10writeBlockEjPKh)
    Sd2Card::cardCommand(unsigned char, unsigned) 0x08002447   Thumb Code   118  sd2card.o(i._ZN7Sd2Card11cardCommandEhj)
    Sd2Card::waitNotBusy(unsigned short)     0x080024bd   Thumb Code    42  sd2card.o(i._ZN7Sd2Card11waitNotBusyEt)
    Sd2Card::chipSelectLow()                 0x080024e7   Thumb Code    14  sd2card.o(i._ZN7Sd2Card13chipSelectLowEv)
    Sd2Card::chipSelectHigh()                0x080024f5   Thumb Code    14  sd2card.o(i._ZN7Sd2Card14chipSelectHighEv)
    Sd2Card::waitStartBlock()                0x08002503   Thumb Code    76  sd2card.o(i._ZN7Sd2Card14waitStartBlockEv)
    Sd2Card::error(unsigned char)            0x0800254f   Thumb Code     4  sd2card.o(i._ZN7Sd2Card5errorEh)
    Sd2Card::readEnd()                       0x08002553   Thumb Code    40  sd2card.o(i._ZN7Sd2Card7readEndEv)
    Sd2Card::readData(unsigned, unsigned short, unsigned short, unsigned char*) 0x0800257b   Thumb Code   186  sd2card.o(i._ZN7Sd2Card8readDataEjttPh)
    Sd2Card::readBlock(unsigned, unsigned char*) 0x08002635   Thumb Code    26  sd2card.o(i._ZN7Sd2Card9readBlockEjPh)
    Sd2Card::writeData(unsigned char, const unsigned char*) 0x0800264f   Thumb Code    88  sd2card.o(i._ZN7Sd2Card9writeDataEhPKh)
    NexTouch::attachPush(void(*)(void*), void*) 0x080026a7   Thumb Code     6  nextouch.o(i._ZN8NexTouch10attachPushEPFvPvES0_)
    NexTouch::pop()                          0x080026ad   Thumb Code    16  nextouch.o(i._ZN8NexTouch3popEv)
    NexTouch::push()                         0x080026bd   Thumb Code    16  nextouch.o(i._ZN8NexTouch4pushEv)
    NexTouch::iterate(NexTouch**, unsigned char, unsigned char, int) 0x080026cd   Thumb Code   102  nextouch.o(i._ZN8NexTouch7iterateEPPS_hhi)
    NexTouch::NexTouch(unsigned char, unsigned char, const char*) 0x08002733   Thumb Code    42  nextouch.o(i._ZN8NexTouchC1EhhPKc)
    NexTouch::NexTouch__sub_object(unsigned char, unsigned char, const char*) 0x08002733   Thumb Code     0  nextouch.o(i._ZN8NexTouchC1EhhPKc)
    SPIClass::transfer(unsigned char)        0x0800275d   Thumb Code    36  sys.o(i._ZN8SPIClass8transferEh)
    SPIClass::SPIClass(SPI_TypeDef*, void(*)()) 0x08002781   Thumb Code    20  sys.o(i._ZN8SPIClassC1EP11SPI_TypeDefPFYvvE)
    SPIClass::SPIClass__sub_object(SPI_TypeDef*, void(*)()) 0x08002781   Thumb Code     0  sys.o(i._ZN8SPIClassC1EP11SPI_TypeDefPFYvvE)
    SdVolume::cacheFlush()                   0x08002795   Thumb Code    70  sdvolume.o(i._ZN8SdVolume10cacheFlushEv)
    SdVolume::cacheRawBlock(unsigned, unsigned char) 0x080027f1   Thumb Code    60  sdvolume.o(i._ZN8SdVolume13cacheRawBlockEjh)
    SdVolume::cacheSetDirty()                0x0800283d   Thumb Code    14  sdfile.o(i._ZN8SdVolume13cacheSetDirtyEv)
    SdVolume::allocContiguous(unsigned, unsigned*) 0x08002851   Thumb Code   198  sdvolume.o(i._ZN8SdVolume15allocContiguousEjPj)
    SdVolume::fatPut(unsigned, unsigned)     0x08002919   Thumb Code   122  sdvolume.o(i._ZN8SdVolume6fatPutEjj)
    NexButton::NexButton(unsigned char, unsigned char, const char*) 0x080029a1   Thumb Code    32  nexbutton.o(i._ZN9NexButtonC1EhhPKc)
    NexButton::NexButton__sub_object(unsigned char, unsigned char, const char*) 0x080029a1   Thumb Code     0  nexbutton.o(i._ZN9NexButtonC1EhhPKc)
    NexObject::printObjInfo()                0x080029c1   Thumb Code    98  nexobject.o(i._ZN9NexObject12printObjInfoEv)
    NexObject::getObjCid()                   0x08002a41   Thumb Code     6  nexobject.o(i._ZN9NexObject9getObjCidEv)
    NexObject::getObjPid()                   0x08002a47   Thumb Code     6  nexobject.o(i._ZN9NexObject9getObjPidEv)
    NexObject::NexObject(unsigned char, unsigned char, const char*) 0x08002a4d   Thumb Code     8  nexobject.o(i._ZN9NexObjectC1EhhPKc)
    NexObject::NexObject__sub_object(unsigned char, unsigned char, const char*) 0x08002a4d   Thumb Code     0  nexobject.o(i._ZN9NexObjectC1EhhPKc)
    SdFile::isDir() const                    0x08002a55   Thumb Code    16  sdfile.o(i._ZNK6SdFile5isDirEv)
    SdFile::isFile() const                   0x08002a65   Thumb Code    14  sdfile.o(i._ZNK6SdFile6isFileEv)
    SdFile::isOpen() const                   0x08002a73   Thumb Code    14  sd.o(i._ZNK6SdFile6isOpenEv)
    Sd2Card::type() const                    0x08002a81   Thumb Code     6  sd2card.o(i._ZNK7Sd2Card4typeEv)
    SdVolume::blockOfCluster(unsigned) const 0x08002a87   Thumb Code    14  sdfile.o(i._ZNK8SdVolume14blockOfClusterEj)
    SdVolume::clusterStartBlock(unsigned) const 0x08002a95   Thumb Code    14  sdfile.o(i._ZNK8SdVolume17clusterStartBlockEj)
    SdVolume::isEOC(unsigned) const          0x08002aa5   Thumb Code    30  sdfile.o(i._ZNK8SdVolume5isEOCEj)
    SdVolume::fatGet(unsigned, unsigned*) const 0x08002ac9   Thumb Code   104  sdvolume.o(i._ZNK8SdVolume6fatGetEjPj)
    __cxa_pure_virtual                       0x08002b39   Thumb Code     6  pure_virt.o(i.__cxa_pure_virtual)
    __scatterload_copy                       0x08002b3f   Thumb Code    14  handlers.o(i.__scatterload_copy)
    __scatterload_null                       0x08002b4d   Thumb Code     2  handlers.o(i.__scatterload_null)
    __scatterload_zeroinit                   0x08002b4f   Thumb Code    14  handlers.o(i.__scatterload_zeroinit)
    delay                                    0x08002cfd   Thumb Code    36  sys.o(i.delay)
    digitalWrite                             0x08002d21   Thumb Code    32  sys.o(i.digitalWrite)
    get_timer_obj                            0x08002d45   Thumb Code     4  timer.o(i.get_timer_obj)
    main                                     0x08002d49   Thumb Code   160  main.o(i.main)
    millis                                   0x08002e11   Thumb Code     4  sys.o(i.millis)
    pinMode                                  0x08002e15   Thumb Code   348  sys.o(i.pinMode)
    togglePin                                0x08002f85   Thumb Code    24  sys.o(i.togglePin)
    g_APinDescription                        0x08002fb0   Data        2716  pinmap.o(.constdata)
    vtable for USARTClass                    0x08003a4c   Data          32  usartclass.o(.constdata__ZTV10USARTClass)
    vtable for Print                         0x08003a6c   Data          16  print.o(.constdata__ZTV5Print)
    vtable for SdFile                        0x08003a7c   Data          16  sdfile.o(.constdata__ZTV6SdFile)
    Region$$Table$$Base                      0x08003a8c   Number         0  anon$$obj.o(Region$$Table)
    Region$$Table$$Limit                     0x08003aac   Number         0  anon$$obj.o(Region$$Table)
    SHT$$INIT_ARRAY$$Base                    0x08003aac   Number         0  sd.o(.init_array)
    SHT$$INIT_ARRAY$$Limit                   0x08003ab8   Number         0  cpp_init.o(.init_array)
    SdFile::oldDateTime_                     0x20000008   Data           4  sdfile.o(.data)
    SdFile::dateTime_                        0x2000000c   Data           4  sdfile.o(.data)
    SdVolume::cacheBlockNumber_              0x20000018   Data           4  sdvolume.o(.data)
    SdVolume::sdCard_                        0x2000001c   Data           4  sdvolume.o(.data)
    SdVolume::cacheDirty_                    0x20000020   Data           1  sdvolume.o(.data)
    SdVolume::cacheMirrorBlock_              0x20000024   Data           4  sdvolume.o(.data)
    nex_listen_list                          0x20000030   Data          20  main.o(.data)
    SystemCoreClock                          0x20000044   Data           4  system_stm32f4xx.o(.data)
    uwTick                                   0x20000048   Data           4  stm32f4xx_hal.o(.data)
    SD                                       0x2000005c   Data         100  sd.o(.bss)
    SdVolume::cacheBuffer_                   0x200000d0   Data         512  sdvolume.o(.bss)
    b0                                       0x200002fc   Data          24  main.o(.bss)
    b1                                       0x20000314   Data          24  main.o(.bss)
    b2                                       0x2000032c   Data          24  main.o(.bss)
    b3                                       0x20000344   Data          24  main.o(.bss)
    rx_buffer1                               0x200003ec   Data          72  sys.o(.bss)
    rx_buffer2                               0x20000434   Data          72  sys.o(.bss)
    rx_buffer3                               0x2000047c   Data          72  sys.o(.bss)
    rx_buffer4                               0x200004c4   Data          72  sys.o(.bss)
    rx_buffer5                               0x2000050c   Data          72  sys.o(.bss)
    rx_buffer6                               0x20000554   Data          72  sys.o(.bss)
    Serial                                   0x2000059c   Data          68  sys.o(.bss)
    Serial1                                  0x200005e0   Data          68  sys.o(.bss)
    Serial2                                  0x20000624   Data          68  sys.o(.bss)
    Serial3                                  0x20000668   Data          68  sys.o(.bss)
    Serial4                                  0x200006ac   Data          68  sys.o(.bss)
    Serial5                                  0x200006f0   Data          68  sys.o(.bss)
    Serial6                                  0x20000734   Data          68  sys.o(.bss)
    SPIx                                     0x20000778   Data          68  sys.o(.bss)
    SPI                                      0x200007bc   Data          68  sys.o(.bss)
    SPI_3                                    0x20000800   Data          68  sys.o(.bss)
    HardwareTimer_Handle                     0x200008c4   Data          56  hardwaretimer.o(.bss)
    __initial_sp                             0x20000f00   Data           0  startup_stm32f407xx.o(STACK)



==============================================================================

Memory Map of the image

  Image Entry point : 0x08000189

  Load Region LR_IROM1 (Base: 0x08000000, Size: 0x00003b04, Max: 0x00100000, ABSOLUTE)

    Execution Region ER_IROM1 (Exec base: 0x08000000, Load base: 0x08000000, Size: 0x00003ab8, Max: 0x00100000, ABSOLUTE)

    Exec Addr    Load Addr    Size         Type   Attr      Idx    E Section Name        Object

    0x08000000   0x08000000   0x00000188   Data   RO            3    RESET               startup_stm32f407xx.o
    0x08000188   0x08000188   0x00000000   Code   RO        10195  * .ARM.Collect$$$$00000000  mc_w.l(entry.o)
    0x08000188   0x08000188   0x00000004   Code   RO        10658    .ARM.Collect$$$$00000001  mc_w.l(entry2.o)
    0x0800018c   0x0800018c   0x00000004   Code   RO        10661    .ARM.Collect$$$$00000004  mc_w.l(entry5.o)
    0x08000190   0x08000190   0x00000000   Code   RO        10663    .ARM.Collect$$$$00000008  mc_w.l(entry7b.o)
    0x08000190   0x08000190   0x00000004   Code   RO        10664    .ARM.Collect$$$$00000009  mc_w.l(entry8a.o)
    0x08000194   0x08000194   0x00000000   Code   RO        10665    .ARM.Collect$$$$0000000A  mc_w.l(entry8b.o)
    0x08000194   0x08000194   0x00000008   Code   RO        10666    .ARM.Collect$$$$0000000B  mc_w.l(entry9a.o)
    0x0800019c   0x0800019c   0x00000000   Code   RO        10668    .ARM.Collect$$$$0000000D  mc_w.l(entry10a.o)
    0x0800019c   0x0800019c   0x00000000   Code   RO        10670    .ARM.Collect$$$$0000000F  mc_w.l(entry11a.o)
    0x0800019c   0x0800019c   0x00000004   Code   RO        10659    .ARM.Collect$$$$00002712  mc_w.l(entry2.o)
    0x080001a0   0x080001a0   0x00000024   Code   RO            4    .text               startup_stm32f407xx.o
    0x080001c4   0x080001c4   0x00000024   Code   RO        10237    .text               mc_w.l(memseta.o)
    0x080001e8   0x080001e8   0x0000000e   Code   RO        10245    .text               mc_w.l(strlen.o)
    0x080001f6   0x080001f6   0x00000002   PAD
    0x080001f8   0x080001f8   0x00000020   Code   RO        10555    .text               mc_w.l(cpp_init.o)
    0x08000218   0x08000218   0x00000002   Code   RO        10702    .text               mc_w.l(cpp_signal.o)
    0x0800021a   0x0800021a   0x00000002   PAD
    0x0800021c   0x0800021c   0x00000024   Code   RO        10741    .text               mc_w.l(init.o)
    0x08000240   0x08000240   0x00000014   Code   RO         4962    i.DMA1_Stream0_IRQHandler  F4Cpp.lib(sys.o)
    0x08000254   0x08000254   0x00000014   Code   RO         4963    i.DMA1_Stream1_IRQHandler  F4Cpp.lib(sys.o)
    0x08000268   0x08000268   0x00000014   Code   RO         4964    i.DMA1_Stream2_IRQHandler  F4Cpp.lib(sys.o)
    0x0800027c   0x0800027c   0x00000014   Code   RO         4965    i.DMA1_Stream3_IRQHandler  F4Cpp.lib(sys.o)
    0x08000290   0x08000290   0x00000014   Code   RO         4966    i.DMA1_Stream4_IRQHandler  F4Cpp.lib(sys.o)
    0x080002a4   0x080002a4   0x00000014   Code   RO         4967    i.DMA1_Stream5_IRQHandler  F4Cpp.lib(sys.o)
    0x080002b8   0x080002b8   0x00000014   Code   RO         4968    i.DMA1_Stream6_IRQHandler  F4Cpp.lib(sys.o)
    0x080002cc   0x080002cc   0x00000014   Code   RO         4969    i.DMA1_Stream7_IRQHandler  F4Cpp.lib(sys.o)
    0x080002e0   0x080002e0   0x00000018   Code   RO         4970    i.DMA2_Stream0_IRQHandler  F4Cpp.lib(sys.o)
    0x080002f8   0x080002f8   0x00000018   Code   RO         4971    i.DMA2_Stream1_IRQHandler  F4Cpp.lib(sys.o)
    0x08000310   0x08000310   0x00000018   Code   RO         4972    i.DMA2_Stream2_IRQHandler  F4Cpp.lib(sys.o)
    0x08000328   0x08000328   0x00000018   Code   RO         4973    i.DMA2_Stream3_IRQHandler  F4Cpp.lib(sys.o)
    0x08000340   0x08000340   0x00000018   Code   RO         4974    i.DMA2_Stream4_IRQHandler  F4Cpp.lib(sys.o)
    0x08000358   0x08000358   0x00000018   Code   RO         4975    i.DMA2_Stream5_IRQHandler  F4Cpp.lib(sys.o)
    0x08000370   0x08000370   0x00000018   Code   RO         4976    i.DMA2_Stream6_IRQHandler  F4Cpp.lib(sys.o)
    0x08000388   0x08000388   0x00000018   Code   RO         4977    i.DMA2_Stream7_IRQHandler  F4Cpp.lib(sys.o)
    0x080003a0   0x080003a0   0x0000002c   Code   RO         4978    i.EXTI0_IRQHandler  F4Cpp.lib(sys.o)
    0x080003cc   0x080003cc   0x00000098   Code   RO         4979    i.EXTI15_10_IRQHandler  F4Cpp.lib(sys.o)
    0x08000464   0x08000464   0x0000002c   Code   RO         4980    i.EXTI1_IRQHandler  F4Cpp.lib(sys.o)
    0x08000490   0x08000490   0x0000002c   Code   RO         4981    i.EXTI2_IRQHandler  F4Cpp.lib(sys.o)
    0x080004bc   0x080004bc   0x0000002c   Code   RO         4982    i.EXTI3_IRQHandler  F4Cpp.lib(sys.o)
    0x080004e8   0x080004e8   0x0000002c   Code   RO         4983    i.EXTI4_IRQHandler  F4Cpp.lib(sys.o)
    0x08000514   0x08000514   0x00000080   Code   RO         4984    i.EXTI9_5_IRQHandler  F4Cpp.lib(sys.o)
    0x08000594   0x08000594   0x00000004   Code   RO         4173    i.Error_Handler     main.o
    0x08000598   0x08000598   0x00000002   Code   RO         4372    i.HAL_GPIO_EXTI_Callback  F4Cpp.lib(stm32f4xx_hal_gpio.o)
    0x0800059a   0x0800059a   0x00000002   PAD
    0x0800059c   0x0800059c   0x000001c0   Code   RO         4374    i.HAL_GPIO_Init     F4Cpp.lib(stm32f4xx_hal_gpio.o)
    0x0800075c   0x0800075c   0x0000000c   Code   RO         4672    i.HAL_GetREVID      F4Cpp.lib(stm32f4xx_hal.o)
    0x08000768   0x08000768   0x0000000c   Code   RO         4673    i.HAL_GetTick       F4Cpp.lib(stm32f4xx_hal.o)
    0x08000774   0x08000774   0x00000010   Code   RO         4674    i.HAL_IncTick       F4Cpp.lib(stm32f4xx_hal.o)
    0x08000784   0x08000784   0x00000034   Code   RO         4675    i.HAL_Init          F4Cpp.lib(stm32f4xx_hal.o)
    0x080007b8   0x080007b8   0x00000022   Code   RO         4676    i.HAL_InitTick      F4Cpp.lib(stm32f4xx_hal.o)
    0x080007da   0x080007da   0x00000014   Code   RO         4148    i.HAL_MspInit       stm32f4xx_hal_msp.o
    0x080007ee   0x080007ee   0x00000016   Code   RO         4828    i.HAL_NVIC_ClearPendingIRQ  F4Cpp.lib(stm32f4xx_hal_cortex.o)
    0x08000804   0x08000804   0x00000016   Code   RO         4829    i.HAL_NVIC_DisableIRQ  F4Cpp.lib(stm32f4xx_hal_cortex.o)
    0x0800081a   0x0800081a   0x00000016   Code   RO         4830    i.HAL_NVIC_EnableIRQ  F4Cpp.lib(stm32f4xx_hal_cortex.o)
    0x08000830   0x08000830   0x00000040   Code   RO         4836    i.HAL_NVIC_SetPriority  F4Cpp.lib(stm32f4xx_hal_cortex.o)
    0x08000870   0x08000870   0x00000024   Code   RO         4837    i.HAL_NVIC_SetPriorityGrouping  F4Cpp.lib(stm32f4xx_hal_cortex.o)
    0x08000894   0x08000894   0x000002b0   Code   RO           14    i.HAL_RCC_ClockConfig  stm32f4xx_hal_rcc.o
    0x08000b44   0x08000b44   0x00000038   Code   RO           19    i.HAL_RCC_GetHCLKFreq  stm32f4xx_hal_rcc.o
    0x08000b7c   0x08000b7c   0x0000002c   Code   RO           21    i.HAL_RCC_GetPCLK1Freq  stm32f4xx_hal_rcc.o
    0x08000ba8   0x08000ba8   0x0000002c   Code   RO           22    i.HAL_RCC_GetPCLK2Freq  stm32f4xx_hal_rcc.o
    0x08000bd4   0x08000bd4   0x000000b4   Code   RO           23    i.HAL_RCC_GetSysClockFreq  stm32f4xx_hal_rcc.o
    0x08000c88   0x08000c88   0x000003f4   Code   RO           26    i.HAL_RCC_OscConfig  stm32f4xx_hal_rcc.o
    0x0800107c   0x0800107c   0x00000018   Code   RO         4839    i.HAL_SYSTICK_CLKSourceConfig  F4Cpp.lib(stm32f4xx_hal_cortex.o)
    0x08001094   0x08001094   0x00000002   Code   RO         4174    i.HAL_SYSTICK_Callback  main.o
    0x08001096   0x08001096   0x00000028   Code   RO         4841    i.HAL_SYSTICK_Config  F4Cpp.lib(stm32f4xx_hal_cortex.o)
    0x080010be   0x080010be   0x00000008   Code   RO         4842    i.HAL_SYSTICK_IRQHandler  F4Cpp.lib(stm32f4xx_hal_cortex.o)
    0x080010c6   0x080010c6   0x00000002   Code   RO         8450    i.HAL_TIMEx_BreakCallback  F4Cpp.lib(stm32f4xx_hal_tim_ex.o)
    0x080010c8   0x080010c8   0x00000002   Code   RO         8451    i.HAL_TIMEx_CommutationCallback  F4Cpp.lib(stm32f4xx_hal_tim_ex.o)
    0x080010ca   0x080010ca   0x00000004   Code   RO         9201    i.HAL_TIM_IC_CaptureCallback  F4Cpp.lib(hardwaretimer.o)
    0x080010ce   0x080010ce   0x00000166   Code   RO         7759    i.HAL_TIM_IRQHandler  F4Cpp.lib(stm32f4xx_hal_tim.o)
    0x08001234   0x08001234   0x00000004   Code   RO         9202    i.HAL_TIM_OC_DelayElapsedCallback  F4Cpp.lib(hardwaretimer.o)
    0x08001238   0x08001238   0x00000002   Code   RO         7789    i.HAL_TIM_PWM_PulseFinishedCallback  F4Cpp.lib(stm32f4xx_hal_tim.o)
    0x0800123a   0x0800123a   0x00000004   Code   RO         9203    i.HAL_TIM_PeriodElapsedCallback  F4Cpp.lib(hardwaretimer.o)
    0x0800123e   0x0800123e   0x00000002   Code   RO         7800    i.HAL_TIM_TriggerCallback  F4Cpp.lib(stm32f4xx_hal_tim.o)
    0x08001240   0x08001240   0x00000062   Code   RO         7354    i.HAL_UART_Init     F4Cpp.lib(stm32f4xx_hal_uart.o)
    0x080012a2   0x080012a2   0x00000002   Code   RO         7356    i.HAL_UART_MspInit  F4Cpp.lib(stm32f4xx_hal_uart.o)
    0x080012a4   0x080012a4   0x0000000c   Code   RO         4120    i.SysTick_Handler   stm32f4xx_it.o
    0x080012b0   0x080012b0   0x000000e8   Code   RO         4177    i.SystemClock_Config  main.o
    0x08001398   0x08001398   0x00000064   Code   RO         4333    i.SystemInit        system_stm32f4xx.o
    0x080013fc   0x080013fc   0x00000014   Code   RO         9204    i.TIM1_BRK_TIM9_IRQHandler  F4Cpp.lib(hardwaretimer.o)
    0x08001410   0x08001410   0x00000014   Code   RO         9205    i.TIM1_CC_IRQHandler  F4Cpp.lib(hardwaretimer.o)
    0x08001424   0x08001424   0x00000014   Code   RO         9206    i.TIM1_TRG_COM_TIM11_IRQHandler  F4Cpp.lib(hardwaretimer.o)
    0x08001438   0x08001438   0x00000024   Code   RO         9207    i.TIM1_UP_TIM10_IRQHandler  F4Cpp.lib(hardwaretimer.o)
    0x0800145c   0x0800145c   0x00000014   Code   RO         9208    i.TIM2_IRQHandler   F4Cpp.lib(hardwaretimer.o)
    0x08001470   0x08001470   0x00000014   Code   RO         9209    i.TIM3_IRQHandler   F4Cpp.lib(hardwaretimer.o)
    0x08001484   0x08001484   0x00000014   Code   RO         9210    i.TIM4_IRQHandler   F4Cpp.lib(hardwaretimer.o)
    0x08001498   0x08001498   0x00000014   Code   RO         9211    i.TIM5_IRQHandler   F4Cpp.lib(hardwaretimer.o)
    0x080014ac   0x080014ac   0x00000014   Code   RO         9212    i.TIM6_DAC_IRQHandler  F4Cpp.lib(hardwaretimer.o)
    0x080014c0   0x080014c0   0x00000014   Code   RO         9213    i.TIM7_IRQHandler   F4Cpp.lib(hardwaretimer.o)
    0x080014d4   0x080014d4   0x00000014   Code   RO         9214    i.TIM8_BRK_TIM12_IRQHandler  F4Cpp.lib(hardwaretimer.o)
    0x080014e8   0x080014e8   0x00000014   Code   RO         9215    i.TIM8_CC_IRQHandler  F4Cpp.lib(hardwaretimer.o)
    0x080014fc   0x080014fc   0x00000014   Code   RO         9216    i.TIM8_TRG_COM_TIM14_IRQHandler  F4Cpp.lib(hardwaretimer.o)
    0x08001510   0x08001510   0x00000014   Code   RO         9217    i.TIM8_UP_TIM13_IRQHandler  F4Cpp.lib(hardwaretimer.o)
    0x08001524   0x08001524   0x0000000c   Code   RO         4988    i.UART4_IRQHandler  F4Cpp.lib(sys.o)
    0x08001530   0x08001530   0x0000000c   Code   RO         4989    i.UART5_IRQHandler  F4Cpp.lib(sys.o)
    0x0800153c   0x0800153c   0x00000018   Code   RO         4990    i.USART1_IRQHandler  F4Cpp.lib(sys.o)
    0x08001554   0x08001554   0x0000000c   Code   RO         4991    i.USART2_IRQHandler  F4Cpp.lib(sys.o)
    0x08001560   0x08001560   0x0000000c   Code   RO         4992    i.USART3_IRQHandler  F4Cpp.lib(sys.o)
    0x0800156c   0x0800156c   0x0000000c   Code   RO         4993    i.USART6_IRQHandler  F4Cpp.lib(sys.o)
    0x08001578   0x08001578   0x0000008c   Code   RO         4994    i._Z10SPI_1_Initv   F4Cpp.lib(sys.o)
    0x08001604   0x08001604   0x0000008c   Code   RO         4995    i._Z10SPI_2_Initv   F4Cpp.lib(sys.o)
    0x08001690   0x08001690   0x0000008c   Code   RO         4996    i._Z10SPI_3_Initv   F4Cpp.lib(sys.o)
    0x0800171c   0x0800171c   0x000002ac   Code   RO         7368    i._Z14UART_SetConfigP18UART_HandleTypeDef  F4Cpp.lib(stm32f4xx_hal_uart.o)
    0x080019c8   0x080019c8   0x0000003c   Code   RO         4178    i._Z14b0PushCallbackPv  main.o
    0x08001a04   0x08001a04   0x0000003c   Code   RO         4179    i._Z14b1PushCallbackPv  main.o
    0x08001a40   0x08001a40   0x0000003c   Code   RO         4180    i._Z14b2PushCallbackPv  main.o
    0x08001a7c   0x08001a7c   0x0000003c   Code   RO         4181    i._Z14b3PushCallbackPv  main.o
    0x08001ab8   0x08001ab8   0x00000020   Code   RO         4843    i._Z16NVIC_SetPriority9IRQn_Typej  F4Cpp.lib(stm32f4xx_hal_cortex.o)
    0x08001ad8   0x08001ad8   0x00000030   Code   RO         6626    i._Z23USART_INT_ClearAllFlagsP13USART_TypeDef9IRQn_Type  F4Cpp.lib(usartclass.o)
    0x08001b08   0x08001b08   0x00000010   Code   RO         1284    i._Z6spiRecv        sd2card.o
    0x08001b18   0x08001b18   0x0000007c   Code   RO         2657    i._Z7nexLoopPP8NexTouch  nexhardware.o
    0x08001b94   0x08001b94   0x00000014   Code   RO         1285    i._Z7spiSendh       sd2card.o
    0x08001ba8   0x08001ba8   0x00000016   Code   RO         9169    i._ZN10RingBuffer10store_charEh  F4Cpp.lib(ringbuffer.o)
    0x08001bbe   0x08001bbe   0x00000014   Code   RO         9170    i._ZN10RingBufferC1Ev  F4Cpp.lib(ringbuffer.o)
    0x08001bd2   0x08001bd2   0x00000024   Code   RO         6628    i._ZN10USARTClass10IrqHandlerEv  F4Cpp.lib(usartclass.o)
    0x08001bf6   0x08001bf6   0x0000001c   Code   RO         6631    i._ZN10USARTClass4readEv  F4Cpp.lib(usartclass.o)
    0x08001c12   0x08001c12   0x00000002   PAD
    0x08001c14   0x08001c14   0x000002dc   Code   RO         6632    i._ZN10USARTClass5beginEj  F4Cpp.lib(usartclass.o)
    0x08001ef0   0x08001ef0   0x00000016   Code   RO         6634    i._ZN10USARTClass5writeEh  F4Cpp.lib(usartclass.o)
    0x08001f06   0x08001f06   0x00000010   Code   RO         6637    i._ZN10USARTClass9availableEv  F4Cpp.lib(usartclass.o)
    0x08001f16   0x08001f16   0x00000002   PAD
    0x08001f18   0x08001f18   0x0000002c   Code   RO         6639    i._ZN10USARTClassC1EP13USART_TypeDef9IRQn_TypejP10RingBuffer  F4Cpp.lib(usartclass.o)
    0x08001f44   0x08001f44   0x00000020   Code   RO         9227    i._ZN13HardwareTimer14updateCallbackEP17TIM_HandleTypeDef  F4Cpp.lib(hardwaretimer.o)
    0x08001f64   0x08001f64   0x00000044   Code   RO         9241    i._ZN13HardwareTimer22captureCompareCallbackEP17TIM_HandleTypeDef  F4Cpp.lib(hardwaretimer.o)
    0x08001fa8   0x08001fa8   0x0000003a   Code   RO         6924    i._ZN5Print11printNumberEmh  F4Cpp.lib(print.o)
    0x08001fe2   0x08001fe2   0x00000004   Code   RO         6926    i._ZN5Print5printEPKc  F4Cpp.lib(print.o)
    0x08001fe6   0x08001fe6   0x00000006   Code   RO         6929    i._ZN5Print5printEc  F4Cpp.lib(print.o)
    0x08001fec   0x08001fec   0x00000004   Code   RO         6931    i._ZN5Print5printEhi  F4Cpp.lib(print.o)
    0x08001ff0   0x08001ff0   0x00000004   Code   RO         6932    i._ZN5Print5printEii  F4Cpp.lib(print.o)
    0x08001ff4   0x08001ff4   0x00000004   Code   RO         6933    i._ZN5Print5printEji  F4Cpp.lib(print.o)
    0x08001ff8   0x08001ff8   0x00000042   Code   RO         6934    i._ZN5Print5printEli  F4Cpp.lib(print.o)
    0x0800203a   0x0800203a   0x00000010   Code   RO         6935    i._ZN5Print5printEmi  F4Cpp.lib(print.o)
    0x0800204a   0x0800204a   0x00000022   Code   RO         7099    i._ZN5Print5writeEPKc  F4Cpp.lib(print.o)
    0x0800206c   0x0800206c   0x00000028   Code   RO         6936    i._ZN5Print5writeEPKhj  F4Cpp.lib(print.o)
    0x08002094   0x08002094   0x00000014   Code   RO         6938    i._ZN5Print7printlnEPKc  F4Cpp.lib(print.o)
    0x080020a8   0x080020a8   0x00000018   Code   RO         6948    i._ZN5Print7printlnEv  F4Cpp.lib(print.o)
    0x080020c0   0x080020c0   0x0000002a   Code   RO         1492    i._ZN6SdFile10addClusterEv  sdfile.o
    0x080020ea   0x080020ea   0x00000002   PAD
    0x080020ec   0x080020ec   0x00000024   Code   RO         1499    i._ZN6SdFile13cacheDirEntryEh  sdfile.o
    0x08002110   0x08002110   0x0000005c   Code   RO         1508    i._ZN6SdFile4syncEv  sdfile.o
    0x0800216c   0x0800216c   0x000001a4   Code   RO         1512    i._ZN6SdFile5writeEPKvt  sdfile.o
    0x08002310   0x08002310   0x00000010   Code   RO         1513    i._ZN6SdFile5writeEh  sdfile.o
    0x08002320   0x08002320   0x00000080   Code   RO         1519    i._ZN6SdFile7seekSetEj  sdfile.o
    0x080023a0   0x080023a0   0x0000001c   Code   RO         1203    i._ZN6SdFileC1Ev    sd.o
    0x080023bc   0x080023bc   0x0000008a   Code   RO         1287    i._ZN7Sd2Card10writeBlockEjPKh  sd2card.o
    0x08002446   0x08002446   0x00000076   Code   RO         1289    i._ZN7Sd2Card11cardCommandEhj  sd2card.o
    0x080024bc   0x080024bc   0x0000002a   Code   RO         1290    i._ZN7Sd2Card11waitNotBusyEt  sd2card.o
    0x080024e6   0x080024e6   0x0000000e   Code   RO         1292    i._ZN7Sd2Card13chipSelectLowEv  sd2card.o
    0x080024f4   0x080024f4   0x0000000e   Code   RO         1293    i._ZN7Sd2Card14chipSelectHighEv  sd2card.o
    0x08002502   0x08002502   0x0000004c   Code   RO         1294    i._ZN7Sd2Card14waitStartBlockEv  sd2card.o
    0x0800254e   0x0800254e   0x00000004   Code   RO         1431    i._ZN7Sd2Card5errorEh  sd2card.o
    0x08002552   0x08002552   0x00000028   Code   RO         1299    i._ZN7Sd2Card7readEndEv  sd2card.o
    0x0800257a   0x0800257a   0x000000ba   Code   RO         1301    i._ZN7Sd2Card8readDataEjttPh  sd2card.o
    0x08002634   0x08002634   0x0000001a   Code   RO         1302    i._ZN7Sd2Card9readBlockEjPh  sd2card.o
    0x0800264e   0x0800264e   0x00000058   Code   RO         1304    i._ZN7Sd2Card9writeDataEhPKh  sd2card.o
    0x080026a6   0x080026a6   0x00000006   Code   RO         3768    i._ZN8NexTouch10attachPushEPFvPvES0_  nextouch.o
    0x080026ac   0x080026ac   0x00000010   Code   RO         3770    i._ZN8NexTouch3popEv  nextouch.o
    0x080026bc   0x080026bc   0x00000010   Code   RO         3771    i._ZN8NexTouch4pushEv  nextouch.o
    0x080026cc   0x080026cc   0x00000066   Code   RO         3772    i._ZN8NexTouch7iterateEPPS_hhi  nextouch.o
    0x08002732   0x08002732   0x0000002a   Code   RO         3775    i._ZN8NexTouchC1EhhPKc  nextouch.o
    0x0800275c   0x0800275c   0x00000024   Code   RO         5084    i._ZN8SPIClass8transferEh  F4Cpp.lib(sys.o)
    0x08002780   0x08002780   0x00000014   Code   RO         5085    i._ZN8SPIClassC1EP11SPI_TypeDefPFYvvE  F4Cpp.lib(sys.o)
    0x08002794   0x08002794   0x0000005c   Code   RO         1849    i._ZN8SdVolume10cacheFlushEv  sdvolume.o
    0x080027f0   0x080027f0   0x0000004c   Code   RO         1850    i._ZN8SdVolume13cacheRawBlockEjh  sdvolume.o
    0x0800283c   0x0800283c   0x00000014   Code   RO         1765    i._ZN8SdVolume13cacheSetDirtyEv  sdfile.o
    0x08002850   0x08002850   0x000000c6   Code   RO         1852    i._ZN8SdVolume15allocContiguousEjPj  sdvolume.o
    0x08002916   0x08002916   0x00000002   PAD
    0x08002918   0x08002918   0x00000088   Code   RO         1854    i._ZN8SdVolume6fatPutEjj  sdvolume.o
    0x080029a0   0x080029a0   0x00000020   Code   RO         1964    i._ZN9NexButtonC1EhhPKc  nexbutton.o
    0x080029c0   0x080029c0   0x00000080   Code   RO         2925    i._ZN9NexObject12printObjInfoEv  nexobject.o
    0x08002a40   0x08002a40   0x00000006   Code   RO         2926    i._ZN9NexObject9getObjCidEv  nexobject.o
    0x08002a46   0x08002a46   0x00000006   Code   RO         2927    i._ZN9NexObject9getObjPidEv  nexobject.o
    0x08002a4c   0x08002a4c   0x00000008   Code   RO         2928    i._ZN9NexObjectC1EhhPKc  nexobject.o
    0x08002a54   0x08002a54   0x00000010   Code   RO         1723    i._ZNK6SdFile5isDirEv  sdfile.o
    0x08002a64   0x08002a64   0x0000000e   Code   RO         1735    i._ZNK6SdFile6isFileEv  sdfile.o
    0x08002a72   0x08002a72   0x0000000e   Code   RO         1218    i._ZNK6SdFile6isOpenEv  sd.o
    0x08002a80   0x08002a80   0x00000006   Code   RO         1449    i._ZNK7Sd2Card4typeEv  sd2card.o
    0x08002a86   0x08002a86   0x0000000e   Code   RO         1741    i._ZNK8SdVolume14blockOfClusterEj  sdfile.o
    0x08002a94   0x08002a94   0x0000000e   Code   RO         1729    i._ZNK8SdVolume17clusterStartBlockEj  sdfile.o
    0x08002aa2   0x08002aa2   0x00000002   PAD
    0x08002aa4   0x08002aa4   0x00000024   Code   RO         1717    i._ZNK8SdVolume5isEOCEj  sdfile.o
    0x08002ac8   0x08002ac8   0x00000070   Code   RO         1856    i._ZNK8SdVolume6fatGetEjPj  sdvolume.o
    0x08002b38   0x08002b38   0x00000006   Code   RO        10042    i.__cxa_pure_virtual  cpprt_w.l(pure_virt.o)
    0x08002b3e   0x08002b3e   0x0000000e   Code   RO        10782    i.__scatterload_copy  mc_w.l(handlers.o)
    0x08002b4c   0x08002b4c   0x00000002   Code   RO        10783    i.__scatterload_null  mc_w.l(handlers.o)
    0x08002b4e   0x08002b4e   0x0000000e   Code   RO        10784    i.__scatterload_zeroinit  mc_w.l(handlers.o)
    0x08002b5c   0x08002b5c   0x00000114   Code   RO         5122    i.__sti___5_sys_c_GPIO_Set  F4Cpp.lib(sys.o)
    0x08002c70   0x08002c70   0x00000038   Code   RO         1097    i.__sti___6_SD_cpp_426a88ba  sd.o
    0x08002ca8   0x08002ca8   0x00000054   Code   RO         4182    i.__sti___6_main_c_b0  main.o
    0x08002cfc   0x08002cfc   0x00000024   Code   RO         5129    i.delay             F4Cpp.lib(sys.o)
    0x08002d20   0x08002d20   0x00000024   Code   RO         5134    i.digitalWrite      F4Cpp.lib(sys.o)
    0x08002d44   0x08002d44   0x00000004   Code   RO         9918    i.get_timer_obj     F4Cpp.lib(timer.o)
    0x08002d48   0x08002d48   0x000000c8   Code   RO         4183    i.main              main.o
    0x08002e10   0x08002e10   0x00000004   Code   RO         5143    i.millis            F4Cpp.lib(sys.o)
    0x08002e14   0x08002e14   0x00000170   Code   RO         5144    i.pinMode           F4Cpp.lib(sys.o)
    0x08002f84   0x08002f84   0x0000001c   Code   RO         5153    i.togglePin         F4Cpp.lib(sys.o)
    0x08002fa0   0x08002fa0   0x00000010   Data   RO           41    .constdata          stm32f4xx_hal_rcc.o
    0x08002fb0   0x08002fb0   0x00000a9c   Data   RO          348    .constdata          pinmap.o
    0x08003a4c   0x08003a4c   0x00000020   Data   RO         6731    .constdata__ZTV10USARTClass  F4Cpp.lib(usartclass.o)
    0x08003a6c   0x08003a6c   0x00000010   Data   RO         7098    .constdata__ZTV5Print  F4Cpp.lib(print.o)
    0x08003a7c   0x08003a7c   0x00000010   Data   RO         1716    .constdata__ZTV6SdFile  sdfile.o
    0x08003a8c   0x08003a8c   0x00000020   Data   RO        10781    Region$$Table       anon$$obj.o
    0x08003aac   0x08003aac   0x00000004   Data   RO         1117    .init_array         sd.o
    0x08003ab0   0x08003aac   0x00000004   Data   RO         4197    .init_array         main.o
    0x08003ab4   0x08003aac   0x00000004   Data   RO         5358    .init_array         F4Cpp.lib(sys.o)
    0x08003ab8   0x08003aac   0x00000000   Data   RO        10553    .init_array         mc_w.l(cpp_init.o)


    Execution Region RW_IRAM1 (Exec base: 0x20000000, Load base: 0x08003ab8, Size: 0x00000f00, Max: 0x00020000, ABSOLUTE)

    Exec Addr    Load Addr    Size         Type   Attr      Idx    E Section Name        Object

    0x20000000   0x08003ab8   0x00000010   Data   RW         1561    .data               sdfile.o
    0x20000010   0x08003ac8   0x00000018   Data   RW         1868    .data               sdvolume.o
    0x20000028   0x08003ae0   0x0000001c   Data   RW         4196    .data               main.o
    0x20000044   0x08003afc   0x00000004   Data   RW         4337    .data               system_stm32f4xx.o
    0x20000048   0x08003b00   0x00000004   Data   RW         4702    .data               F4Cpp.lib(stm32f4xx_hal.o)
    0x2000004c        -       0x00000074   Zero   RW         1115    .bss                sd.o
    0x200000c0        -       0x00000210   Zero   RW         1867    .bss                sdvolume.o
    0x200002d0        -       0x0000001a   Zero   RW         2664    .bss                nexhardware.o
    0x200002ea   0x08003b04   0x00000002   PAD
    0x200002ec        -       0x00000070   Zero   RW         4195    .bss                main.o
    0x2000035c        -       0x00000528   Zero   RW         5355    .bss                F4Cpp.lib(sys.o)
    0x20000884        -       0x00000040   Zero   RW         6655    .bss                F4Cpp.lib(usartclass.o)
    0x200008c4        -       0x00000038   Zero   RW         9307    .bss                F4Cpp.lib(hardwaretimer.o)
    0x200008fc   0x08003b04   0x00000004   PAD
    0x20000900        -       0x00000600   Zero   RW            1    STACK               startup_stm32f407xx.o


==============================================================================

Image component sizes


      Code (inc. data)   RO Data    RW Data    ZI Data      Debug   Object Name

         0          0          0          0          0      16725   dht11.o
         0          0          0          0          0       8064   file.o
       762        134          4         28        112       8077   main.o
        32          0          0          0          0       3796   nexbutton.o
       124          8          0          0         26       3518   nexhardware.o
       148         30          0          0          0       2904   nexobject.o
       182          0          0          0          0       3244   nextouch.o
         0          0       2716          0          0     650134   pinmap.o
        98         14          4          0        116      20521   sd.o
       788         10          0          0          0      15736   sd2card.o
       848         38         16         16          0      27244   sdfile.o
       614         60          0         24        528      18696   sdvolume.o
        36          8        392          0       1536        952   startup_stm32f407xx.o
        20          0          0          0          0        462   stm32f4xx_hal_msp.o
      2024         66         16          0          0      62440   stm32f4xx_hal_rcc.o
        12          0          0          0          0        462   stm32f4xx_it.o
       100         18          0          4          0       1331   system_stm32f4xx.o

    ----------------------------------------------------------------------
      5794        386       3180         72       2320     844306   Object Totals
         0          0         32          0          0          0   (incl. Generated)
         6          0          0          0          2          0   (incl. Padding)

    ----------------------------------------------------------------------

      Code (inc. data)   RO Data    RW Data    ZI Data      Debug   Library Member Name

       408         56          0          0         56      15013   hardwaretimer.o
       280          0         16          0          0       9540   print.o
        42          0          0          0          0       2600   ringbuffer.o
       126         20          0          4          0       4090   stm32f4xx_hal.o
       270         14          0          0          0      32219   stm32f4xx_hal_cortex.o
       450         50          0          0          0     617585   stm32f4xx_hal_gpio.o
       362          0          0          0          0       3239   stm32f4xx_hal_tim.o
         4          0          0          0          0       1610   stm32f4xx_hal_tim_ex.o
       784          8          0          0          0       2499   stm32f4xx_hal_uart.o
      2160        278          4          0       1320     682766   sys.o
         4          0          0          0          0       1488   timer.o
       926         20         32          0         64     611765   usartclass.o
         6          0          0          0          0         68   pure_virt.o
        32         10          0          0          0         80   cpp_init.o
         2          0          0          0          0         68   cpp_signal.o
         0          0          0          0          0          0   entry.o
         0          0          0          0          0          0   entry10a.o
         0          0          0          0          0          0   entry11a.o
         8          4          0          0          0          0   entry2.o
         4          0          0          0          0          0   entry5.o
         0          0          0          0          0          0   entry7b.o
         4          0          0          0          0          0   entry8a.o
         0          0          0          0          0          0   entry8b.o
         8          4          0          0          0          0   entry9a.o
        30          0          0          0          0          0   handlers.o
        36          8          0          0          0         68   init.o
        36          0          0          0          0        108   memseta.o
        14          0          0          0          0         68   strlen.o

    ----------------------------------------------------------------------
      6006        472         52          4       1444    1984874   Library Totals
        10          0          0          0          4          0   (incl. Padding)

    ----------------------------------------------------------------------

      Code (inc. data)   RO Data    RW Data    ZI Data      Debug   Library Name

      5816        446         52          4       1440    1984414   F4Cpp.lib
         6          0          0          0          0         68   cpprt_w.l
       174         26          0          0          0        392   mc_w.l

    ----------------------------------------------------------------------
      6006        472         52          4       1444    1984874   Library Totals

    ----------------------------------------------------------------------

==============================================================================


      Code (inc. data)   RO Data    RW Data    ZI Data      Debug   

     11800        858       3232         76       3764    2813432   Grand Totals
     11800        858       3232         76       3764    2813432   ELF Image Totals
     11800        858       3232         76          0          0   ROM Totals

==============================================================================

    Total RO  Size (Code + RO Data)                15032 (  14.68kB)
    Total RW  Size (RW Data + ZI Data)              3840 (   3.75kB)
    Total ROM Size (Code + RO Data + RW Data)      15108 (  14.75kB)

==============================================================================

