Component: ARM Compiler 5.06 update 6 (build 750) Tool: armlink [4d35ed]

==============================================================================

Section Cross References

    startup_stm32f10x_hd.o(STACK) refers (Special) to heapauxi.o(.text) for __use_two_region_memory
    startup_stm32f10x_hd.o(HEAP) refers (Special) to heapauxi.o(.text) for __use_two_region_memory
    startup_stm32f10x_hd.o(RESET) refers (Special) to heapauxi.o(.text) for __use_two_region_memory
    startup_stm32f10x_hd.o(RESET) refers to startup_stm32f10x_hd.o(STACK) for __initial_sp
    startup_stm32f10x_hd.o(RESET) refers to startup_stm32f10x_hd.o(.text) for Reset_Handler
    startup_stm32f10x_hd.o(RESET) refers to stm32f10x_it.o(i.NMI_Handler) for NMI_Handler
    startup_stm32f10x_hd.o(RESET) refers to stm32f10x_it.o(i.HardFault_Handler) for HardFault_Handler
    startup_stm32f10x_hd.o(RESET) refers to stm32f10x_it.o(i.MemManage_Handler) for MemManage_Handler
    startup_stm32f10x_hd.o(RESET) refers to stm32f10x_it.o(i.BusFault_Handler) for BusFault_Handler
    startup_stm32f10x_hd.o(RESET) refers to stm32f10x_it.o(i.UsageFault_Handler) for UsageFault_Handler
    startup_stm32f10x_hd.o(RESET) refers to stm32f10x_it.o(i.SVC_Handler) for SVC_Handler
    startup_stm32f10x_hd.o(RESET) refers to stm32f10x_it.o(i.DebugMon_Handler) for DebugMon_Handler
    startup_stm32f10x_hd.o(RESET) refers to stm32f10x_it.o(i.PendSV_Handler) for PendSV_Handler
    startup_stm32f10x_hd.o(RESET) refers to stm32f10x_it.o(i.SysTick_Handler) for SysTick_Handler
    startup_stm32f10x_hd.o(RESET) refers to usart.o(i.USART1_IRQHandler) for USART1_IRQHandler
    startup_stm32f10x_hd.o(RESET) refers to usart.o(i.USART2_IRQHandler) for USART2_IRQHandler
    startup_stm32f10x_hd.o(RESET) refers to usart.o(i.USART3_IRQHandler) for USART3_IRQHandler
    startup_stm32f10x_hd.o(.text) refers (Special) to heapauxi.o(.text) for __use_two_region_memory
    startup_stm32f10x_hd.o(.text) refers to system_stm32f10x.o(i.SystemInit) for SystemInit
    startup_stm32f10x_hd.o(.text) refers to __main.o(!!!main) for __main
    startup_stm32f10x_hd.o(.text) refers to startup_stm32f10x_hd.o(HEAP) for Heap_Mem
    startup_stm32f10x_hd.o(.text) refers to startup_stm32f10x_hd.o(STACK) for Stack_Mem
    led.o(i.LED_init) refers to sys.o(i.GPIO_Set) for GPIO_Set
    led.o(i.LED_init) refers to stm32f10x_gpio.o(i.GPIO_SetBits) for GPIO_SetBits
    dht11.o(i.DHT11_Check) refers to delay.o(i.delay_us) for delay_us
    dht11.o(i.DHT11_Init) refers to stm32f10x_rcc.o(i.RCC_APB2PeriphClockCmd) for RCC_APB2PeriphClockCmd
    dht11.o(i.DHT11_Init) refers to stm32f10x_gpio.o(i.GPIO_Init) for GPIO_Init
    dht11.o(i.DHT11_Init) refers to stm32f10x_gpio.o(i.GPIO_SetBits) for GPIO_SetBits
    dht11.o(i.DHT11_Init) refers to dht11.o(i.DHT11_Rst) for DHT11_Rst
    dht11.o(i.DHT11_Init) refers to dht11.o(i.DHT11_Check) for DHT11_Check
    dht11.o(i.DHT11_Read_Bit) refers to delay.o(i.delay_us) for delay_us
    dht11.o(i.DHT11_Read_Byte) refers to dht11.o(i.DHT11_Read_Bit) for DHT11_Read_Bit
    dht11.o(i.DHT11_Read_Data) refers to dht11.o(i.DHT11_Rst) for DHT11_Rst
    dht11.o(i.DHT11_Read_Data) refers to dht11.o(i.DHT11_Check) for DHT11_Check
    dht11.o(i.DHT11_Read_Data) refers to dht11.o(i.DHT11_Read_Byte) for DHT11_Read_Byte
    dht11.o(i.DHT11_Rst) refers to delay.o(i.delay_ms) for delay_ms
    dht11.o(i.DHT11_Rst) refers to delay.o(i.delay_us) for delay_us
    myiic.o(i.I2C1_InitPins) refers to stm32f10x_rcc.o(i.RCC_APB2PeriphClockCmd) for RCC_APB2PeriphClockCmd
    myiic.o(i.I2C1_InitPins) refers to stm32f10x_gpio.o(i.GPIO_Init) for GPIO_Init
    myiic.o(i.I2C1_InitPins) refers to stm32f10x_gpio.o(i.GPIO_PinRemapConfig) for GPIO_PinRemapConfig
    myiic.o(i.I2C1_InitPins) refers to myiic.o(.data) for GPIO_I2C_InitStruct
    myiic.o(i.I2C2_InitPins) refers to stm32f10x_rcc.o(i.RCC_APB2PeriphClockCmd) for RCC_APB2PeriphClockCmd
    myiic.o(i.I2C2_InitPins) refers to stm32f10x_gpio.o(i.GPIO_Init) for GPIO_Init
    myiic.o(i.I2C2_InitPins) refers to myiic.o(.data) for GPIO_I2C_InitStruct
    myiic.o(i.I2C_IsDeviceConnected) refers to myiic.o(i.I2C_Start) for I2C_Start
    myiic.o(i.I2C_IsDeviceConnected) refers to myiic.o(i.I2C_Stop) for I2C_Stop
    myiic.o(i.I2C_Read) refers to myiic.o(i.I2C_Start) for I2C_Start
    myiic.o(i.I2C_Read) refers to myiic.o(i.I2C_WriteData) for I2C_WriteData
    myiic.o(i.I2C_Read) refers to myiic.o(i.I2C_Stop) for I2C_Stop
    myiic.o(i.I2C_Read) refers to myiic.o(i.I2C_ReadNack) for I2C_ReadNack
    myiic.o(i.I2C_ReadAck) refers to stm32f10x_i2c.o(i.I2C_AcknowledgeConfig) for I2C_AcknowledgeConfig
    myiic.o(i.I2C_ReadAck) refers to stm32f10x_i2c.o(i.I2C_CheckEvent) for I2C_CheckEvent
    myiic.o(i.I2C_ReadAck) refers to stm32f10x_i2c.o(i.I2C_ReceiveData) for I2C_ReceiveData
    myiic.o(i.I2C_ReadAck) refers to myiic.o(.data) for I2C_Timeout
    myiic.o(i.I2C_ReadMulti) refers to myiic.o(i.I2C_Start) for I2C_Start
[...]
    Removing stm32f10x_i2c.o(i.I2C_SoftwareResetCmd), (22 bytes).
    Removing stm32f10x_i2c.o(i.I2C_StretchClockCmd), (24 bytes).
    Removing stm32f10x_i2c.o(i.I2C_StructInit), (30 bytes).
    Removing stm32f10x_i2c.o(i.I2C_TransmitPEC), (24 bytes).
    Removing main.o(i.init_SIM808), (220 bytes).
    Removing main.o(i.sendAT), (124 bytes).
    Removing main.o(.data), (12 bytes).
    Removing system_stm32f10x.o(i.SystemCoreClockUpdate), (164 bytes).

142 unused section(s) (total 4832 bytes) removed from the image.

==============================================================================

Image Symbol Table

    Local Symbols

    Symbol Name                              Value     Ov Type        Size  Object(Section)

    ../clib/angel/boardlib.s                 0x00000000   Number         0  boardshut.o ABSOLUTE
    ../clib/angel/boardlib.s                 0x00000000   Number         0  boardinit3.o ABSOLUTE
    ../clib/angel/boardlib.s                 0x00000000   Number         0  boardinit2.o ABSOLUTE
    ../clib/angel/boardlib.s                 0x00000000   Number         0  boardinit1.o ABSOLUTE
    ../clib/angel/handlers.s                 0x00000000   Number         0  __scatter_copy.o ABSOLUTE
    ../clib/angel/handlers.s                 0x00000000   Number         0  __scatter_zi.o ABSOLUTE
    ../clib/angel/kernel.s                   0x00000000   Number         0  rtexit2.o ABSOLUTE
    ../clib/angel/kernel.s                   0x00000000   Number         0  __rtentry.o ABSOLUTE
    ../clib/angel/kernel.s                   0x00000000   Number         0  rtexit.o ABSOLUTE
    ../clib/angel/kernel.s                   0x00000000   Number         0  __rtentry4.o ABSOLUTE
    ../clib/angel/kernel.s                   0x00000000   Number         0  __rtentry2.o ABSOLUTE
    ../clib/angel/rt.s                       0x00000000   Number         0  rt_locale.o ABSOLUTE
    ../clib/angel/rt.s                       0x00000000   Number         0  rt_locale_intlibspace.o ABSOLUTE
    ../clib/angel/rt.s                       0x00000000   Number         0  rt_raise.o ABSOLUTE
    ../clib/angel/scatter.s                  0x00000000   Number         0  __scatter.o ABSOLUTE
    ../clib/angel/startup.s                  0x00000000   Number         0  __main.o ABSOLUTE
    ../clib/angel/sys.s                      0x00000000   Number         0  libspace.o ABSOLUTE
    ../clib/angel/sys.s                      0x00000000   Number         0  use_no_semi.o ABSOLUTE
    ../clib/angel/sys.s                      0x00000000   Number         0  indicate_semi.o ABSOLUTE
    ../clib/angel/sys.s                      0x00000000   Number         0  sys_stackheap_outer.o ABSOLUTE
    ../clib/angel/sysapp.c                   0x00000000   Number         0  sys_command.o ABSOLUTE
    ../clib/angel/sysapp.c                   0x00000000   Number         0  sys_exit.o ABSOLUTE
    ../clib/angel/sysapp.c                   0x00000000   Number         0  sys_wrch.o ABSOLUTE
    ../clib/armsys.c                         0x00000000   Number         0  _get_argv_nomalloc.o ABSOLUTE
    ../clib/armsys.c                         0x00000000   Number         0  argv_veneer.o ABSOLUTE
    ../clib/armsys.c                         0x00000000   Number         0  argv_veneer.o ABSOLUTE
    ../clib/armsys.c                         0x00000000   Number         0  no_argv.o ABSOLUTE
    ../clib/bigflt.c                         0x00000000   Number         0  bigflt0.o ABSOLUTE
    ../clib/btod.s                           0x00000000   Number         0  btod.o ABSOLUTE
    ../clib/heapalloc.c                      0x00000000   Number         0  hrguard.o ABSOLUTE
    ../clib/heapaux.c                        0x00000000   Number         0  heapauxi.o ABSOLUTE
    ../clib/libinit.s                        0x00000000   Number         0  libshutdown.o ABSOLUTE
    ../clib/libinit.s                        0x00000000   Number         0  libinit2.o ABSOLUTE
    ../clib/libinit.s                        0x00000000   Number         0  libinit.o ABSOLUTE
    ../clib/libinit.s                        0x00000000   Number         0  libshutdown2.o ABSOLUTE
    ../clib/locale.s                         0x00000000   Number         0  lc_numeric_c.o ABSOLUTE
    ../clib/longlong.s                       0x00000000   Number         0  lludiv10.o ABSOLUTE
    ../clib/memcpset.s                       0x00000000   Number         0  strcmpv7m.o ABSOLUTE
    ../clib/memcpset.s                       0x00000000   Number         0  rt_memclr_w.o ABSOLUTE
    ../clib/misc.s                           0x00000000   Number         0  printf_stubs.o ABSOLUTE
    ../clib/printf.c                         0x00000000   Number         0  __printf_flags_ss.o ABSOLUTE
    ../clib/printf.c                         0x00000000   Number         0  _printf_char.o ABSOLUTE
    ../clib/printf.c                         0x00000000   Number         0  _printf_fp_infnan.o ABSOLUTE
    ../clib/printf.c                         0x00000000   Number         0  __printf_wp.o ABSOLUTE
    ../clib/printf.c                         0x00000000   Number         0  _printf_char_common.o ABSOLUTE
    ../clib/printf.c                         0x00000000   Number         0  _printf_str.o ABSOLUTE
    ../clib/printf.c                         0x00000000   Number         0  __printf_flags_wp.o ABSOLUTE
    ../clib/printf.c                         0x00000000   Number         0  __printf_ss_wp.o ABSOLUTE
    ../clib/printf.c                         0x00000000   Number         0  __printf_flags_ss_wp.o ABSOLUTE
    ../clib/printf.c                         0x00000000   Number         0  _printf_fp_dec.o ABSOLUTE
    ../clib/printf.c                         0x00000000   Number         0  _printf_char_file.o ABSOLUTE
    ../clib/printf.c                         0x00000000   Number         0  __printf_flags.o ABSOLUTE
    ../clib/printf.c                         0x00000000   Number         0  __printf_nopercent.o ABSOLUTE
    ../clib/printf.c                         0x00000000   Number         0  _printf_pad.o ABSOLUTE
    ../clib/printf.c                         0x00000000   Number         0  __printf.o ABSOLUTE
    ../clib/printf.c                         0x00000000   Number         0  __printf_ss.o ABSOLUTE
    ../clib/printf.c                         0x00000000   Number         0  noretval__2printf.o ABSOLUTE
    ../clib/printf.c                         0x00000000   Number         0  __2printf.o ABSOLUTE
    ../clib/printf_percent.s                 0x00000000   Number         0  _printf_percent_end.o ABSOLUTE
    ../clib/printf_percent.s                 0x00000000   Number         0  _printf_s.o ABSOLUTE
    ../clib/printf_percent.s                 0x00000000   Number         0  _printf_percent.o ABSOLUTE
    ../clib/printf_percent.s                 0x00000000   Number         0  _printf_f.o ABSOLUTE
    ../clib/signal.c                         0x00000000   Number         0  defsig_rtmem_formal.o ABSOLUTE
    ../clib/signal.c                         0x00000000   Number         0  defsig_cppl_inner.o ABSOLUTE
    ../clib/signal.c                         0x00000000   Number         0  defsig_pvfn_inner.o ABSOLUTE
    ../clib/signal.c                         0x00000000   Number         0  defsig_stak_inner.o ABSOLUTE
    ../clib/signal.c                         0x00000000   Number         0  defsig_rtred_inner.o ABSOLUTE
    ../clib/signal.c                         0x00000000   Number         0  defsig_fpe_inner.o ABSOLUTE
    ../clib/signal.c                         0x00000000   Number         0  defsig_abrt_inner.o ABSOLUTE
    ../clib/signal.c                         0x00000000   Number         0  defsig_general.o ABSOLUTE
    ../clib/signal.c                         0x00000000   Number         0  __raise.o ABSOLUTE
    ../clib/signal.c                         0x00000000   Number         0  defsig_segv_inner.o ABSOLUTE
    ../clib/signal.c                         0x00000000   Number         0  defsig_rtmem_inner.o ABSOLUTE
    ../clib/signal.c                         0x00000000   Number         0  defsig_exit.o ABSOLUTE
    ../clib/signal.c                         0x00000000   Number         0  defsig_rtmem_outer.o ABSOLUTE
    ../clib/signal.c                         0x00000000   Number         0  defsig_other.o ABSOLUTE
    ../clib/signal.s                         0x00000000   Number         0  defsig.o ABSOLUTE
    ../clib/stdio.c                          0x00000000   Number         0  ferror.o ABSOLUTE
    ../clib/stdio.c                          0x00000000   Number         0  ferror_locked.o ABSOLUTE
    ../clib/stdlib.c                         0x00000000   Number         0  exit.o ABSOLUTE
    ../clib/string.c                         0x00000000   Number         0  strstr.o ABSOLUTE
    ../fplib/d2f.s                           0x00000000   Number         0  d2f.o ABSOLUTE
    ../fplib/ddiv.s                          0x00000000   Number         0  ddiv.o ABSOLUTE
    ../fplib/dflt.s                          0x00000000   Number         0  dflt_clz.o ABSOLUTE
    ../fplib/dnaninf.s                       0x00000000   Number         0  dnaninf.o ABSOLUTE
    ../fplib/dretinf.s                       0x00000000   Number         0  dretinf.o ABSOLUTE
    ../fplib/f2d.s                           0x00000000   Number         0  f2d.o ABSOLUTE
    ../fplib/fnaninf.s                       0x00000000   Number         0  fnaninf.o ABSOLUTE
    ../fplib/fpinit.s                        0x00000000   Number         0  fpinit.o ABSOLUTE
    ../fplib/fretinf.s                       0x00000000   Number         0  fretinf.o ABSOLUTE
    ../fplib/istatus.s                       0x00000000   Number         0  istatus.o ABSOLUTE
    ../fplib/printf1.s                       0x00000000   Number         0  printf1.o ABSOLUTE
    ../fplib/usenofp.s                       0x00000000   Number         0  usenofp.o ABSOLUTE
    ../mathlib/fpclassify.c                  0x00000000   Number         0  fpclassify.o ABSOLUTE
    ..\CORE\core_cm3.c                       0x00000000   Number         0  core_cm3.o ABSOLUTE
    ..\CORE\startup_stm32f10x_hd.s           0x00000000   Number         0  startup_stm32f10x_hd.o ABSOLUTE
    ..\HARDWARE\DHT11\dht11.c                0x00000000   Number         0  dht11.o ABSOLUTE
    ..\HARDWARE\DS1307\ds1307.c              0x00000000   Number         0  ds1307.o ABSOLUTE
    ..\HARDWARE\IIC\myiic.c                  0x00000000   Number         0  myiic.o ABSOLUTE
    ..\HARDWARE\LCD_I2C\LCD_I2C.c            0x00000000   Number         0  lcd_i2c.o ABSOLUTE
    ..\HARDWARE\LED\LED.c                    0x00000000   Number         0  led.o ABSOLUTE
    ..\STM32F10x_FWLib\src\misc.c            0x00000000   Number         0  misc.o ABSOLUTE
    ..\STM32F10x_FWLib\src\stm32f10x_gpio.c  0x00000000   Number         0  stm32f10x_gpio.o ABSOLUTE
    ..\STM32F10x_FWLib\src\stm32f10x_i2c.c   0x00000000   Number         0  stm32f10x_i2c.o ABSOLUTE
    ..\STM32F10x_FWLib\src\stm32f10x_rcc.c   0x00000000   Number         0  stm32f10x_rcc.o ABSOLUTE
    ..\STM32F10x_FWLib\src\stm32f10x_usart.c 0x00000000   Number         0  stm32f10x_usart.o ABSOLUTE
    ..\SYSTEM\delay\delay.c                  0x00000000   Number         0  delay.o ABSOLUTE
    ..\SYSTEM\sys\sys.c                      0x00000000   Number         0  sys.o ABSOLUTE
    ..\SYSTEM\usart\usart.c                  0x00000000   Number         0  usart.o ABSOLUTE
    ..\\CORE\\core_cm3.c                     0x00000000   Number         0  core_cm3.o ABSOLUTE
    ..\\SYSTEM\\sys\\sys.c                   0x00000000   Number         0  sys.o ABSOLUTE
    dc.s                                     0x00000000   Number         0  dc.o ABSOLUTE
    main.c                                   0x00000000   Number         0  main.o ABSOLUTE
    stm32f10x_it.c                           0x00000000   Number         0  stm32f10x_it.o ABSOLUTE
    system_stm32f10x.c                       0x00000000   Number         0  system_stm32f10x.o ABSOLUTE
    RESET                                    0x08000000   Section      304  startup_stm32f10x_hd.o(RESET)
    !!!main                                  0x08000130   Section        8  __main.o(!!!main)
    !!!scatter                               0x08000138   Section       52  __scatter.o(!!!scatter)
    !!handler_copy                           0x0800016c   Section       26  __scatter_copy.o(!!handler_copy)
    !!handler_zi                             0x08000188   Section       28  __scatter_zi.o(!!handler_zi)
    .ARM.Collect$$_printf_percent$$00000000  0x080001a4   Section        0  _printf_percent.o(.ARM.Collect$$_printf_percent$$00000000)
    .ARM.Collect$$_printf_percent$$00000003  0x080001a4   Section        6  _printf_f.o(.ARM.Collect$$_printf_percent$$00000003)
    .ARM.Collect$$_printf_percent$$00000017  0x080001aa   Section        4  _printf_percent_end.o(.ARM.Collect$$_printf_percent$$00000017)
    .ARM.Collect$$libinit$$00000000          0x080001ae   Section        2  libinit.o(.ARM.Collect$$libinit$$00000000)
    .ARM.Collect$$libinit$$00000002          0x080001b0   Section        0  libinit2.o(.ARM.Collect$$libinit$$00000002)
    .ARM.Collect$$libinit$$00000004          0x080001b0   Section        0  libinit2.o(.ARM.Collect$$libinit$$00000004)
    .ARM.Collect$$libinit$$0000000A          0x080001b0   Section        0  libinit2.o(.ARM.Collect$$libinit$$0000000A)
    .ARM.Collect$$libinit$$0000000C          0x080001b0   Section        0  libinit2.o(.ARM.Collect$$libinit$$0000000C)
    .ARM.Collect$$libinit$$0000000E          0x080001b0   Section        0  libinit2.o(.ARM.Collect$$libinit$$0000000E)
    .ARM.Collect$$libinit$$0000000F          0x080001b0   Section        6  libinit2.o(.ARM.Collect$$libinit$$0000000F)
    .ARM.Collect$$libinit$$00000011          0x080001b6   Section        0  libinit2.o(.ARM.Collect$$libinit$$00000011)
    .ARM.Collect$$libinit$$00000013          0x080001b6   Section        0  libinit2.o(.ARM.Collect$$libinit$$00000013)
    .ARM.Collect$$libinit$$00000015          0x080001b6   Section        0  libinit2.o(.ARM.Collect$$libinit$$00000015)
    .ARM.Collect$$libinit$$00000016          0x080001b6   Section       10  libinit2.o(.ARM.Collect$$libinit$$00000016)
    .ARM.Collect$$libinit$$00000017          0x080001c0   Section        0  libinit2.o(.ARM.Collect$$libinit$$00000017)
    .ARM.Collect$$libinit$$00000019          0x080001c0   Section        0  libinit2.o(.ARM.Collect$$libinit$$00000019)
    .ARM.Collect$$libinit$$0000001B          0x080001c0   Section        0  libinit2.o(.ARM.Collect$$libinit$$0000001B)
    .ARM.Collect$$libinit$$0000001D          0x080001c0   Section        0  libinit2.o(.ARM.Collect$$libinit$$0000001D)
    .ARM.Collect$$libinit$$0000001F          0x080001c0   Section        0  libinit2.o(.ARM.Collect$$libinit$$0000001F)
    .ARM.Collect$$libinit$$00000021          0x080001c0   Section        0  libinit2.o(.ARM.Collect$$libinit$$00000021)
    .ARM.Collect$$libinit$$00000023          0x080001c0   Section        0  libinit2.o(.ARM.Collect$$libinit$$00000023)
    .ARM.Collect$$libinit$$00000025          0x080001c0   Section        0  libinit2.o(.ARM.Collect$$libinit$$00000025)
    .ARM.Collect$$libinit$$0000002C          0x080001c0   Section        0  libinit2.o(.ARM.Collect$$libinit$$0000002C)
    .ARM.Collect$$libinit$$0000002E          0x080001c0   Section        0  libinit2.o(.ARM.Collect$$libinit$$0000002E)
    .ARM.Collect$$libinit$$00000030          0x080001c0   Section        0  libinit2.o(.ARM.Collect$$libinit$$00000030)
    .ARM.Collect$$libinit$$00000032          0x080001c0   Section        0  libinit2.o(.ARM.Collect$$libinit$$00000032)
    .ARM.Collect$$libinit$$00000033          0x080001c0   Section        2  libinit2.o(.ARM.Collect$$libinit$$00000033)
    .ARM.Collect$$libshutdown$$00000000      0x080001c2   Section        2  libshutdown.o(.ARM.Collect$$libshutdown$$00000000)
    .ARM.Collect$$libshutdown$$00000002      0x080001c4   Section        0  libshutdown2.o(.ARM.Collect$$libshutdown$$00000002)
    .ARM.Collect$$libshutdown$$00000004      0x080001c4   Section        0  libshutdown2.o(.ARM.Collect$$libshutdown$$00000004)
    .ARM.Collect$$libshutdown$$00000007      0x080001c4   Section        0  libshutdown2.o(.ARM.Collect$$libshutdown$$00000007)
    .ARM.Collect$$libshutdown$$0000000A      0x080001c4   Section        0  libshutdown2.o(.ARM.Collect$$libshutdown$$0000000A)
    .ARM.Collect$$libshutdown$$0000000C      0x080001c4   Section        0  libshutdown2.o(.ARM.Collect$$libshutdown$$0000000C)
    .ARM.Collect$$libshutdown$$0000000F      0x080001c4   Section        0  libshutdown2.o(.ARM.Collect$$libshutdown$$0000000F)
    .ARM.Collect$$libshutdown$$00000010      0x080001c4   Section        2  libshutdown2.o(.ARM.Collect$$libshutdown$$00000010)
    .ARM.Collect$$rtentry$$00000000          0x080001c6   Section        0  __rtentry.o(.ARM.Collect$$rtentry$$00000000)
    .ARM.Collect$$rtentry$$00000002          0x080001c6   Section        0  __rtentry2.o(.ARM.Collect$$rtentry$$00000002)
    .ARM.Collect$$rtentry$$00000004          0x080001c6   Section        6  __rtentry4.o(.ARM.Collect$$rtentry$$00000004)
    .ARM.Collect$$rtentry$$00000009          0x080001cc   Section        0  __rtentry2.o(.ARM.Collect$$rtentry$$00000009)
    .ARM.Collect$$rtentry$$0000000A          0x080001cc   Section        4  __rtentry2.o(.ARM.Collect$$rtentry$$0000000A)
    .ARM.Collect$$rtentry$$0000000C          0x080001d0   Section        0  __rtentry2.o(.ARM.Collect$$rtentry$$0000000C)
    .ARM.Collect$$rtentry$$0000000D          0x080001d0   Section        8  __rtentry2.o(.ARM.Collect$$rtentry$$0000000D)
    .ARM.Collect$$rtexit$$00000000           0x080001d8   Section        2  rtexit.o(.ARM.Collect$$rtexit$$00000000)
    .ARM.Collect$$rtexit$$00000002           0x080001da   Section        0  rtexit2.o(.ARM.Collect$$rtexit$$00000002)
    .ARM.Collect$$rtexit$$00000003           0x080001da   Section        4  rtexit2.o(.ARM.Collect$$rtexit$$00000003)
    .ARM.Collect$$rtexit$$00000004           0x080001de   Section        6  rtexit2.o(.ARM.Collect$$rtexit$$00000004)
    .text                                    0x080001e4   Section       64  startup_stm32f10x_hd.o(.text)
    .text                                    0x08000224   Section        0  noretval__2printf.o(.text)
    .text                                    0x0800023c   Section        0  _printf_pad.o(.text)
    .text                                    0x0800028a   Section        0  __printf_wp.o(.text)
    .text                                    0x08000398   Section        0  heapauxi.o(.text)
    .text                                    0x0800039e   Section        0  _printf_fp_dec.o(.text)
    _fp_digits                               0x080003a1   Thumb Code   432  _printf_fp_dec.o(.text)
    .text                                    0x080007bc   Section        0  _printf_char_file.o(.text)
    .text                                    0x080007e0   Section        8  rt_locale_intlibspace.o(.text)
    .text                                    0x080007e8   Section      138  lludiv10.o(.text)
    .text                                    0x08000874   Section        0  _printf_char_common.o(.text)
    _printf_input_char                       0x08000875   Thumb Code    10  _printf_char_common.o(.text)
    .text                                    0x080008a4   Section        0  _printf_fp_infnan.o(.text)
    .text                                    0x08000924   Section        0  bigflt0.o(.text)
    .text                                    0x08000a08   Section        0  ferror.o(.text)
    .text                                    0x08000a10   Section        8  libspace.o(.text)
    .text                                    0x08000a18   Section       74  sys_stackheap_outer.o(.text)
    .text                                    0x08000a62   Section        0  exit.o(.text)
    .text                                    0x08000a74   Section      128  strcmpv7m.o(.text)
    .text                                    0x08000af4   Section        0  sys_exit.o(.text)
    .text                                    0x08000b00   Section        2  use_no_semi.o(.text)
    .text                                    0x08000b02   Section        0  indicate_semi.o(.text)
    CL$$btod_d2e                             0x08000b02   Section       62  btod.o(CL$$btod_d2e)
    CL$$btod_d2e_denorm_low                  0x08000b40   Section       70  btod.o(CL$$btod_d2e_denorm_low)
    CL$$btod_d2e_norm_op1                    0x08000b86   Section       96  btod.o(CL$$btod_d2e_norm_op1)
    CL$$btod_div_common                      0x08000be6   Section      824  btod.o(CL$$btod_div_common)
    CL$$btod_e2e                             0x08000f1e   Section      220  btod.o(CL$$btod_e2e)
    CL$$btod_ediv                            0x08000ffa   Section       42  btod.o(CL$$btod_ediv)
    CL$$btod_emul                            0x08001024   Section       42  btod.o(CL$$btod_emul)
    CL$$btod_mult_common                     0x0800104e   Section      580  btod.o(CL$$btod_mult_common)
    i.BusFault_Handler                       0x08001292   Section        0  stm32f10x_it.o(i.BusFault_Handler)
    i.DHT11_Check                            0x08001298   Section        0  dht11.o(i.DHT11_Check)
    i.DHT11_Init                             0x080012fc   Section        0  dht11.o(i.DHT11_Init)
    i.DHT11_Rst                              0x0800133c   Section        0  dht11.o(i.DHT11_Rst)
    i.DS1307_Init                            0x0800137c   Section        0  ds1307.o(i.DS1307_Init)
    i.DebugMon_Handler                       0x08001394   Section        0  stm32f10x_it.o(i.DebugMon_Handler)
    i.GPIO_Init                              0x08001396   Section        0  stm32f10x_gpio.o(i.GPIO_Init)
    i.GPIO_PinRemapConfig                    0x080014ac   Section        0  stm32f10x_gpio.o(i.GPIO_PinRemapConfig)
    i.GPIO_Set                               0x0800153c   Section        0  sys.o(i.GPIO_Set)
    i.GPIO_SetBits                           0x080015e8   Section        0  stm32f10x_gpio.o(i.GPIO_SetBits)
    i.HardFault_Handler                      0x080015ec   Section        0  stm32f10x_it.o(i.HardFault_Handler)
    i.I2C1_InitPins                          0x080015f0   Section        0  myiic.o(i.I2C1_InitPins)
    i.I2C2_InitPins                          0x0800164c   Section        0  myiic.o(i.I2C2_InitPins)
    i.I2C_AcknowledgeConfig                  0x08001674   Section        0  stm32f10x_i2c.o(i.I2C_AcknowledgeConfig)
    i.I2C_CheckEvent                         0x0800168c   Section        0  stm32f10x_i2c.o(i.I2C_CheckEvent)
    i.I2C_Cmd                                0x080016b6   Section        0  stm32f10x_i2c.o(i.I2C_Cmd)
    i.I2C_GenerateSTART                      0x080016ce   Section        0  stm32f10x_i2c.o(i.I2C_GenerateSTART)
    i.I2C_GenerateSTOP                       0x080016e6   Section        0  stm32f10x_i2c.o(i.I2C_GenerateSTOP)
    i.I2C_GetFlagStatus                      0x080016fe   Section        0  stm32f10x_i2c.o(i.I2C_GetFlagStatus)
    i.I2C_Init                               0x08001738   Section        0  stm32f10x_i2c.o(i.I2C_Init)
    i.I2C_ReadAck                            0x08001824   Section        0  myiic.o(i.I2C_ReadAck)
    i.I2C_ReadMulti                          0x0800186c   Section        0  myiic.o(i.I2C_ReadMulti)
    i.I2C_ReadNack                           0x080018cc   Section        0  myiic.o(i.I2C_ReadNack)
    i.I2C_ReceiveData                        0x0800191c   Section        0  stm32f10x_i2c.o(i.I2C_ReceiveData)
    i.I2C_Send7bitAddress                    0x08001924   Section        0  stm32f10x_i2c.o(i.I2C_Send7bitAddress)
    i.I2C_SendData                           0x08001936   Section        0  stm32f10x_i2c.o(i.I2C_SendData)
    i.I2C_Start                              0x0800193c   Section        0  myiic.o(i.I2C_Start)
    i.I2C_Stop                               0x08001a0c   Section        0  myiic.o(i.I2C_Stop)
    i.I2C_Write                              0x08001a5c   Section        0  myiic.o(i.I2C_Write)
    i.I2C_WriteData                          0x08001a90   Section        0  myiic.o(i.I2C_WriteData)
    i.IIC_Init                               0x08001ad0   Section        0  myiic.o(i.IIC_Init)
    i.LCD_backlight                          0x08001b78   Section        0  lcd_i2c.o(i.LCD_backlight)
    i.LCD_clear                              0x08001b8c   Section        0  lcd_i2c.o(i.LCD_clear)
    i.LCD_command                            0x08001b9e   Section        0  lcd_i2c.o(i.LCD_command)
    i.LCD_expanderWrite                      0x08001bac   Section        0  lcd_i2c.o(i.LCD_expanderWrite)
    i.LCD_printstr                           0x08001bd4   Section        0  lcd_i2c.o(i.LCD_printstr)
    i.LCD_pulseEnable                        0x08001bee   Section        0  lcd_i2c.o(i.LCD_pulseEnable)
    i.LCD_send                               0x08001c10   Section        0  lcd_i2c.o(i.LCD_send)
    i.LCD_setCursor                          0x08001c38   Section        0  lcd_i2c.o(i.LCD_setCursor)
    i.LCD_write                              0x08001c70   Section        0  lcd_i2c.o(i.LCD_write)
    i.LCD_write4bits                         0x08001c7e   Section        0  lcd_i2c.o(i.LCD_write4bits)
    i.LED_init                               0x08001c90   Section        0  led.o(i.LED_init)
    i.MemManage_Handler                      0x08001cb0   Section        0  stm32f10x_it.o(i.MemManage_Handler)
    i.NMI_Handler                            0x08001cb4   Section        0  stm32f10x_it.o(i.NMI_Handler)
    i.NVIC_Init                              0x08001cb8   Section        0  misc.o(i.NVIC_Init)
    i.PendSV_Handler                         0x08001d28   Section        0  stm32f10x_it.o(i.PendSV_Handler)
    i.RCC_APB1PeriphClockCmd                 0x08001d2c   Section        0  stm32f10x_rcc.o(i.RCC_APB1PeriphClockCmd)
    i.RCC_APB1PeriphResetCmd                 0x08001d4c   Section        0  stm32f10x_rcc.o(i.RCC_APB1PeriphResetCmd)
    i.RCC_APB2PeriphClockCmd                 0x08001d6c   Section        0  stm32f10x_rcc.o(i.RCC_APB2PeriphClockCmd)
    i.RCC_APB2PeriphResetCmd                 0x08001d8c   Section        0  stm32f10x_rcc.o(i.RCC_APB2PeriphResetCmd)
    i.RCC_GetClocksFreq                      0x08001dac   Section        0  stm32f10x_rcc.o(i.RCC_GetClocksFreq)
    i.SVC_Handler                            0x08001e80   Section        0  stm32f10x_it.o(i.SVC_Handler)
    i.SetSysClock                            0x08001e82   Section        0  system_stm32f10x.o(i.SetSysClock)
    SetSysClock                              0x08001e83   Thumb Code     8  system_stm32f10x.o(i.SetSysClock)
    i.SetSysClockTo72                        0x08001e8c   Section        0  system_stm32f10x.o(i.SetSysClockTo72)
    SetSysClockTo72                          0x08001e8d   Thumb Code   214  system_stm32f10x.o(i.SetSysClockTo72)
    i.SysTick_CLKSourceConfig                0x08001f6c   Section        0  misc.o(i.SysTick_CLKSourceConfig)
    i.SysTick_Handler                        0x08001f94   Section        0  stm32f10x_it.o(i.SysTick_Handler)
    i.SystemInit                             0x08001f98   Section        0  system_stm32f10x.o(i.SystemInit)
    i.USART1_IRQHandler                      0x08001ff8   Section        0  usart.o(i.USART1_IRQHandler)
    i.USART1_InitPins                        0x08002020   Section        0  usart.o(i.USART1_InitPins)
    i.USART2_IRQHandler                      0x080020a8   Section        0  usart.o(i.USART2_IRQHandler)
    i.USART2_InitPins                        0x080020d0   Section        0  usart.o(i.USART2_InitPins)
    i.USART3_IRQHandler                      0x0800215c   Section        0  usart.o(i.USART3_IRQHandler)
    i.USART3_InitPins                        0x08002184   Section        0  usart.o(i.USART3_InitPins)
    i.USART_Cmd                              0x08002258   Section        0  stm32f10x_usart.o(i.USART_Cmd)
    i.USART_DeInit                           0x08002270   Section        0  stm32f10x_usart.o(i.USART_DeInit)
    i.USART_GetFlagStatus                    0x0800230c   Section        0  stm32f10x_usart.o(i.USART_GetFlagStatus)
    i.USART_GetITStatus                      0x08002326   Section        0  stm32f10x_usart.o(i.USART_GetITStatus)
    i.USART_INT_GetSubPriority               0x0800237c   Section        0  usart.o(i.USART_INT_GetSubPriority)
    i.USART_INT_InsertToBuffer               0x080023a4   Section        0  usart.o(i.USART_INT_InsertToBuffer)
    i.USART_ITConfig                         0x080023d0   Section        0  stm32f10x_usart.o(i.USART_ITConfig)
    i.USART_Init                             0x0800241c   Section        0  stm32f10x_usart.o(i.USART_Init)
    i.USART_Putc                             0x080024f4   Section        0  usart.o(i.USART_Putc)
    i.USARTx_Init                            0x08002510   Section        0  usart.o(i.USARTx_Init)
    i.UsageFault_Handler                     0x08002600   Section        0  stm32f10x_it.o(i.UsageFault_Handler)
    i.__ARM_fpclassify                       0x08002604   Section        0  fpclassify.o(i.__ARM_fpclassify)
    i._is_digit                              0x0800262c   Section        0  __printf_wp.o(i._is_digit)
    i.delay_init                             0x0800263c   Section        0  delay.o(i.delay_init)
    i.delay_ms                               0x08002680   Section        0  delay.o(i.delay_ms)
    i.delay_us                               0x080026cc   Section        0  delay.o(i.delay_us)
    i.fputc                                  0x08002718   Section        0  usart.o(i.fputc)
    i.main                                   0x08002730   Section        0  main.o(i.main)
    i.pinMode                                0x08002818   Section        0  sys.o(i.pinMode)
    locale$$code                             0x080028cc   Section       44  lc_numeric_c.o(locale$$code)
    x$fpl$d2f                                0x080028f8   Section       98  d2f.o(x$fpl$d2f)
    x$fpl$ddiv                               0x0800295c   Section      688  ddiv.o(x$fpl$ddiv)
    ddiv_entry                               0x08002963   Thumb Code     0  ddiv.o(x$fpl$ddiv)
    x$fpl$dfltu                              0x08002c0c   Section       38  dflt_clz.o(x$fpl$dfltu)
    x$fpl$dnaninf                            0x08002c32   Section      156  dnaninf.o(x$fpl$dnaninf)
    x$fpl$dretinf                            0x08002cce   Section       12  dretinf.o(x$fpl$dretinf)
    x$fpl$f2d                                0x08002cdc   Section       86  f2d.o(x$fpl$f2d)
    x$fpl$fnaninf                            0x08002d32   Section      140  fnaninf.o(x$fpl$fnaninf)
    x$fpl$fretinf                            0x08002dbe   Section       10  fretinf.o(x$fpl$fretinf)
    x$fpl$printf1                            0x08002dc8   Section        4  printf1.o(x$fpl$printf1)
    .constdata                               0x08002dcc   Section       16  lcd_i2c.o(.constdata)
    x$fpl$usenofp                            0x08002dcc   Section        0  usenofp.o(x$fpl$usenofp)
    .constdata                               0x08002ddc   Section     2304  sys.o(.constdata)
    .constdata                               0x080036dc   Section      148  bigflt0.o(.constdata)
    tenpwrs_x                                0x080036dc   Data          60  bigflt0.o(.constdata)
    tenpwrs_i                                0x08003718   Data          64  bigflt0.o(.constdata)
    locale$$data                             0x08003790   Section       28  lc_numeric_c.o(locale$$data)
    __lcnum_c_name                           0x08003794   Data           2  lc_numeric_c.o(locale$$data)
    __lcnum_c_start                          0x0800379c   Data           0  lc_numeric_c.o(locale$$data)
    __lcnum_c_point                          0x080037a8   Data           0  lc_numeric_c.o(locale$$data)
    __lcnum_c_thousands                      0x080037aa   Data           0  lc_numeric_c.o(locale$$data)
    __lcnum_c_grouping                       0x080037ab   Data           0  lc_numeric_c.o(locale$$data)
    __lcnum_c_end                            0x080037ac   Data           0  lc_numeric_c.o(locale$$data)
    .data                                    0x20000000   Section        8  myiic.o(.data)
    .data                                    0x20000008   Section        8  lcd_i2c.o(.data)
    .data                                    0x20000010   Section        4  delay.o(.data)
    fac_us                                   0x20000010   Data           1  delay.o(.data)
    fac_ms                                   0x20000012   Data           2  delay.o(.data)
    .data                                    0x20000014   Section       44  usart.o(.data)
    .data                                    0x20000040   Section       20  stm32f10x_rcc.o(.data)
    APBAHBPrescTable                         0x20000040   Data          16  stm32f10x_rcc.o(.data)
    ADCPrescTable                            0x20000050   Data           4  stm32f10x_rcc.o(.data)
    .data                                    0x20000054   Section       20  system_stm32f10x.o(.data)
    .bss                                     0x20000068   Section       96  usart.o(.bss)
    .bss                                     0x200000c8   Section       96  libspace.o(.bss)
    HEAP                                     0x20000128   Section      512  startup_stm32f10x_hd.o(HEAP)
    Heap_Mem                                 0x20000128   Data         512  startup_stm32f10x_hd.o(HEAP)
    STACK                                    0x20000328   Section     1024  startup_stm32f10x_hd.o(STACK)
    Stack_Mem                                0x20000328   Data        1024  startup_stm32f10x_hd.o(STACK)
    __initial_sp                             0x20000728   Data           0  startup_stm32f10x_hd.o(STACK)

    Global Symbols

    Symbol Name                              Value     Ov Type        Size  Object(Section)

    BuildAttributes$$THM_ISAv4$P$D$K$B$S$PE$A:L22UL41UL21$X:L11$S22US41US21$IEEE1$IW$USESV6$~STKCKD$USESV7$~SHL$OTIME$ROPI$IEEEJ$EBA8$UX$STANDARDLIB$REQ8$PRES8$EABIv2 0x00000000   Number         0  anon$$obj.o ABSOLUTE
    __ARM_use_no_argv                        0x00000000   Number         0  main.o ABSOLUTE
    _printf_flags                            0x00000000   Number         0  printf_stubs.o ABSOLUTE
    _printf_return_value                     0x00000000   Number         0  printf_stubs.o ABSOLUTE
    _printf_sizespec                         0x00000000   Number         0  printf_stubs.o ABSOLUTE
    _printf_widthprec                        0x00000000   Number         0  printf_stubs.o ABSOLUTE
    __ARM_exceptions_init                     - Undefined Weak Reference
    __alloca_initialize                       - Undefined Weak Reference
    __arm_preinit_                            - Undefined Weak Reference
    __cpp_initialize__aeabi_                  - Undefined Weak Reference
    __cxa_finalize                            - Undefined Weak Reference
    __sigvec_lookup                           - Undefined Weak Reference
    _atexit_init                              - Undefined Weak Reference
    _call_atexit_fns                          - Undefined Weak Reference
    _clock_init                               - Undefined Weak Reference
    _fp_trap_init                             - Undefined Weak Reference
    _fp_trap_shutdown                         - Undefined Weak Reference
    _get_lc_collate                           - Undefined Weak Reference
    _get_lc_ctype                             - Undefined Weak Reference
    _get_lc_monetary                          - Undefined Weak Reference
    _get_lc_time                              - Undefined Weak Reference
    _getenv_init                              - Undefined Weak Reference
    _handle_redirection                       - Undefined Weak Reference
    _init_alloc                               - Undefined Weak Reference
    _init_user_alloc                          - Undefined Weak Reference
    _initio                                   - Undefined Weak Reference
    _mutex_acquire                            - Undefined Weak Reference
    _mutex_release                            - Undefined Weak Reference
    _printf_mbtowc                            - Undefined Weak Reference
    _rand_init                                - Undefined Weak Reference
    _signal_finish                            - Undefined Weak Reference
    _signal_init                              - Undefined Weak Reference
    _terminate_alloc                          - Undefined Weak Reference
    _terminate_user_alloc                     - Undefined Weak Reference
    _terminateio                              - Undefined Weak Reference
    __Vectors_Size                           0x00000130   Number         0  startup_stm32f10x_hd.o ABSOLUTE
    __Vectors                                0x08000000   Data           4  startup_stm32f10x_hd.o(RESET)
    __Vectors_End                            0x08000130   Data           0  startup_stm32f10x_hd.o(RESET)
    __main                                   0x08000131   Thumb Code     8  __main.o(!!!main)
    __scatterload                            0x08000139   Thumb Code     0  __scatter.o(!!!scatter)
    __scatterload_rt2                        0x08000139   Thumb Code    44  __scatter.o(!!!scatter)
    __scatterload_rt2_thumb_only             0x08000139   Thumb Code     0  __scatter.o(!!!scatter)
    __scatterload_null                       0x08000147   Thumb Code     0  __scatter.o(!!!scatter)
    __scatterload_copy                       0x0800016d   Thumb Code    26  __scatter_copy.o(!!handler_copy)
    __scatterload_zeroinit                   0x08000189   Thumb Code    28  __scatter_zi.o(!!handler_zi)
    _printf_f                                0x080001a5   Thumb Code     0  _printf_f.o(.ARM.Collect$$_printf_percent$$00000003)
    _printf_percent                          0x080001a5   Thumb Code     0  _printf_percent.o(.ARM.Collect$$_printf_percent$$00000000)
    _printf_percent_end                      0x080001ab   Thumb Code     0  _printf_percent_end.o(.ARM.Collect$$_printf_percent$$00000017)
    __rt_lib_init                            0x080001af   Thumb Code     0  libinit.o(.ARM.Collect$$libinit$$00000000)
    __rt_lib_init_fp_1                       0x080001b1   Thumb Code     0  libinit2.o(.ARM.Collect$$libinit$$00000002)
    __rt_lib_init_heap_1                     0x080001b1   Thumb Code     0  libinit2.o(.ARM.Collect$$libinit$$0000000A)
    __rt_lib_init_lc_common                  0x080001b1   Thumb Code     0  libinit2.o(.ARM.Collect$$libinit$$0000000F)
    __rt_lib_init_preinit_1                  0x080001b1   Thumb Code     0  libinit2.o(.ARM.Collect$$libinit$$00000004)
    __rt_lib_init_rand_1                     0x080001b1   Thumb Code     0  libinit2.o(.ARM.Collect$$libinit$$0000000E)
    __rt_lib_init_user_alloc_1               0x080001b1   Thumb Code     0  libinit2.o(.ARM.Collect$$libinit$$0000000C)
    __rt_lib_init_lc_collate_1               0x080001b7   Thumb Code     0  libinit2.o(.ARM.Collect$$libinit$$00000011)
    __rt_lib_init_lc_ctype_1                 0x080001b7   Thumb Code     0  libinit2.o(.ARM.Collect$$libinit$$00000013)
    __rt_lib_init_lc_monetary_1              0x080001b7   Thumb Code     0  libinit2.o(.ARM.Collect$$libinit$$00000015)
    __rt_lib_init_lc_numeric_2               0x080001b7   Thumb Code     0  libinit2.o(.ARM.Collect$$libinit$$00000016)
    __rt_lib_init_alloca_1                   0x080001c1   Thumb Code     0  libinit2.o(.ARM.Collect$$libinit$$0000002E)
    __rt_lib_init_argv_1                     0x080001c1   Thumb Code     0  libinit2.o(.ARM.Collect$$libinit$$0000002C)
    __rt_lib_init_atexit_1                   0x080001c1   Thumb Code     0  libinit2.o(.ARM.Collect$$libinit$$0000001B)
    __rt_lib_init_clock_1                    0x080001c1   Thumb Code     0  libinit2.o(.ARM.Collect$$libinit$$00000021)
    __rt_lib_init_cpp_1                      0x080001c1   Thumb Code     0  libinit2.o(.ARM.Collect$$libinit$$00000032)
    __rt_lib_init_exceptions_1               0x080001c1   Thumb Code     0  libinit2.o(.ARM.Collect$$libinit$$00000030)
    __rt_lib_init_fp_trap_1                  0x080001c1   Thumb Code     0  libinit2.o(.ARM.Collect$$libinit$$0000001F)
    __rt_lib_init_getenv_1                   0x080001c1   Thumb Code     0  libinit2.o(.ARM.Collect$$libinit$$00000023)
    __rt_lib_init_lc_numeric_1               0x080001c1   Thumb Code     0  libinit2.o(.ARM.Collect$$libinit$$00000017)
    __rt_lib_init_lc_time_1                  0x080001c1   Thumb Code     0  libinit2.o(.ARM.Collect$$libinit$$00000019)
    __rt_lib_init_return                     0x080001c1   Thumb Code     0  libinit2.o(.ARM.Collect$$libinit$$00000033)
    __rt_lib_init_signal_1                   0x080001c1   Thumb Code     0  libinit2.o(.ARM.Collect$$libinit$$0000001D)
    __rt_lib_init_stdio_1                    0x080001c1   Thumb Code     0  libinit2.o(.ARM.Collect$$libinit$$00000025)
    __rt_lib_shutdown                        0x080001c3   Thumb Code     0  libshutdown.o(.ARM.Collect$$libshutdown$$00000000)
    __rt_lib_shutdown_cpp_1                  0x080001c5   Thumb Code     0  libshutdown2.o(.ARM.Collect$$libshutdown$$00000002)
    __rt_lib_shutdown_fp_trap_1              0x080001c5   Thumb Code     0  libshutdown2.o(.ARM.Collect$$libshutdown$$00000007)
    __rt_lib_shutdown_heap_1                 0x080001c5   Thumb Code     0  libshutdown2.o(.ARM.Collect$$libshutdown$$0000000F)
    __rt_lib_shutdown_return                 0x080001c5   Thumb Code     0  libshutdown2.o(.ARM.Collect$$libshutdown$$00000010)
    __rt_lib_shutdown_signal_1               0x080001c5   Thumb Code     0  libshutdown2.o(.ARM.Collect$$libshutdown$$0000000A)
    __rt_lib_shutdown_stdio_1                0x080001c5   Thumb Code     0  libshutdown2.o(.ARM.Collect$$libshutdown$$00000004)
    __rt_lib_shutdown_user_alloc_1           0x080001c5   Thumb Code     0  libshutdown2.o(.ARM.Collect$$libshutdown$$0000000C)
    __rt_entry                               0x080001c7   Thumb Code     0  __rtentry.o(.ARM.Collect$$rtentry$$00000000)
    __rt_entry_presh_1                       0x080001c7   Thumb Code     0  __rtentry2.o(.ARM.Collect$$rtentry$$00000002)
    __rt_entry_sh                            0x080001c7   Thumb Code     0  __rtentry4.o(.ARM.Collect$$rtentry$$00000004)
    __rt_entry_li                            0x080001cd   Thumb Code     0  __rtentry2.o(.ARM.Collect$$rtentry$$0000000A)
    __rt_entry_postsh_1                      0x080001cd   Thumb Code     0  __rtentry2.o(.ARM.Collect$$rtentry$$00000009)
    __rt_entry_main                          0x080001d1   Thumb Code     0  __rtentry2.o(.ARM.Collect$$rtentry$$0000000D)
    __rt_entry_postli_1                      0x080001d1   Thumb Code     0  __rtentry2.o(.ARM.Collect$$rtentry$$0000000C)
    __rt_exit                                0x080001d9   Thumb Code     0  rtexit.o(.ARM.Collect$$rtexit$$00000000)
    __rt_exit_ls                             0x080001db   Thumb Code     0  rtexit2.o(.ARM.Collect$$rtexit$$00000003)
    __rt_exit_prels_1                        0x080001db   Thumb Code     0  rtexit2.o(.ARM.Collect$$rtexit$$00000002)
    __rt_exit_exit                           0x080001df   Thumb Code     0  rtexit2.o(.ARM.Collect$$rtexit$$00000004)
    Reset_Handler                            0x080001e5   Thumb Code     8  startup_stm32f10x_hd.o(.text)
    ADC1_2_IRQHandler                        0x080001ff   Thumb Code     0  startup_stm32f10x_hd.o(.text)
    ADC3_IRQHandler                          0x080001ff   Thumb Code     0  startup_stm32f10x_hd.o(.text)
    CAN1_RX1_IRQHandler                      0x080001ff   Thumb Code     0  startup_stm32f10x_hd.o(.text)
    CAN1_SCE_IRQHandler                      0x080001ff   Thumb Code     0  startup_stm32f10x_hd.o(.text)
    DMA1_Channel1_IRQHandler                 0x080001ff   Thumb Code     0  startup_stm32f10x_hd.o(.text)
    DMA1_Channel2_IRQHandler                 0x080001ff   Thumb Code     0  startup_stm32f10x_hd.o(.text)
    DMA1_Channel3_IRQHandler                 0x080001ff   Thumb Code     0  startup_stm32f10x_hd.o(.text)
    DMA1_Channel4_IRQHandler                 0x080001ff   Thumb Code     0  startup_stm32f10x_hd.o(.text)
    DMA1_Channel5_IRQHandler                 0x080001ff   Thumb Code     0  startup_stm32f10x_hd.o(.text)
    DMA1_Channel6_IRQHandler                 0x080001ff   Thumb Code     0  startup_stm32f10x_hd.o(.text)
    DMA1_Channel7_IRQHandler                 0x080001ff   Thumb Code     0  startup_stm32f10x_hd.o(.text)
    DMA2_Channel1_IRQHandler                 0x080001ff   Thumb Code     0  startup_stm32f10x_hd.o(.text)
    DMA2_Channel2_IRQHandler                 0x080001ff   Thumb Code     0  startup_stm32f10x_hd.o(.text)
    DMA2_Channel3_IRQHandler                 0x080001ff   Thumb Code     0  startup_stm32f10x_hd.o(.text)
    DMA2_Channel4_5_IRQHandler               0x080001ff   Thumb Code     0  startup_stm32f10x_hd.o(.text)
    EXTI0_IRQHandler                         0x080001ff   Thumb Code     0  startup_stm32f10x_hd.o(.text)
    EXTI15_10_IRQHandler                     0x080001ff   Thumb Code     0  startup_stm32f10x_hd.o(.text)
    EXTI1_IRQHandler                         0x080001ff   Thumb Code     0  startup_stm32f10x_hd.o(.text)
    EXTI2_IRQHandler                         0x080001ff   Thumb Code     0  startup_stm32f10x_hd.o(.text)
    EXTI3_IRQHandler                         0x080001ff   Thumb Code     0  startup_stm32f10x_hd.o(.text)
    EXTI4_IRQHandler                         0x080001ff   Thumb Code     0  startup_stm32f10x_hd.o(.text)
    EXTI9_5_IRQHandler                       0x080001ff   Thumb Code     0  startup_stm32f10x_hd.o(.text)
    FLASH_IRQHandler                         0x080001ff   Thumb Code     0  startup_stm32f10x_hd.o(.text)
    FSMC_IRQHandler                          0x080001ff   Thumb Code     0  startup_stm32f10x_hd.o(.text)
    I2C1_ER_IRQHandler                       0x080001ff   Thumb Code     0  startup_stm32f10x_hd.o(.text)
    I2C1_EV_IRQHandler                       0x080001ff   Thumb Code     0  startup_stm32f10x_hd.o(.text)
    I2C2_ER_IRQHandler                       0x080001ff   Thumb Code     0  startup_stm32f10x_hd.o(.text)
    I2C2_EV_IRQHandler                       0x080001ff   Thumb Code     0  startup_stm32f10x_hd.o(.text)
    PVD_IRQHandler                           0x080001ff   Thumb Code     0  startup_stm32f10x_hd.o(.text)
    RCC_IRQHandler                           0x080001ff   Thumb Code     0  startup_stm32f10x_hd.o(.text)
    RTCAlarm_IRQHandler                      0x080001ff   Thumb Code     0  startup_stm32f10x_hd.o(.text)
    RTC_IRQHandler                           0x080001ff   Thumb Code     0  startup_stm32f10x_hd.o(.text)
    SDIO_IRQHandler                          0x080001ff   Thumb Code     0  startup_stm32f10x_hd.o(.text)
    SPI1_IRQHandler                          0x080001ff   Thumb Code     0  startup_stm32f10x_hd.o(.text)
    SPI2_IRQHandler                          0x080001ff   Thumb Code     0  startup_stm32f10x_hd.o(.text)
    SPI3_IRQHandler                          0x080001ff   Thumb Code     0  startup_stm32f10x_hd.o(.text)
    TAMPER_IRQHandler                        0x080001ff   Thumb Code     0  startup_stm32f10x_hd.o(.text)
    TIM1_BRK_IRQHandler                      0x080001ff   Thumb Code     0  startup_stm32f10x_hd.o(.text)
    TIM1_CC_IRQHandler                       0x080001ff   Thumb Code     0  startup_stm32f10x_hd.o(.text)
    TIM1_TRG_COM_IRQHandler                  0x080001ff   Thumb Code     0  startup_stm32f10x_hd.o(.text)
    TIM1_UP_IRQHandler                       0x080001ff   Thumb Code     0  startup_stm32f10x_hd.o(.text)
    TIM2_IRQHandler                          0x080001ff   Thumb Code     0  startup_stm32f10x_hd.o(.text)
    TIM3_IRQHandler                          0x080001ff   Thumb Code     0  startup_stm32f10x_hd.o(.text)
    TIM4_IRQHandler                          0x080001ff   Thumb Code     0  startup_stm32f10x_hd.o(.text)
    TIM5_IRQHandler                          0x080001ff   Thumb Code     0  startup_stm32f10x_hd.o(.text)
    TIM6_IRQHandler                          0x080001ff   Thumb Code     0  startup_stm32f10x_hd.o(.text)
    TIM7_IRQHandler                          0x080001ff   Thumb Code     0  startup_stm32f10x_hd.o(.text)
    TIM8_BRK_IRQHandler                      0x080001ff   Thumb Code     0  startup_stm32f10x_hd.o(.text)
    TIM8_CC_IRQHandler                       0x080001ff   Thumb Code     0  startup_stm32f10x_hd.o(.text)
    TIM8_TRG_COM_IRQHandler                  0x080001ff   Thumb Code     0  startup_stm32f10x_hd.o(.text)
    TIM8_UP_IRQHandler                       0x080001ff   Thumb Code     0  startup_stm32f10x_hd.o(.text)
    UART4_IRQHandler                         0x080001ff   Thumb Code     0  startup_stm32f10x_hd.o(.text)
    UART5_IRQHandler                         0x080001ff   Thumb Code     0  startup_stm32f10x_hd.o(.text)
    USBWakeUp_IRQHandler                     0x080001ff   Thumb Code     0  startup_stm32f10x_hd.o(.text)
    USB_HP_CAN1_TX_IRQHandler                0x080001ff   Thumb Code     0  startup_stm32f10x_hd.o(.text)
    USB_LP_CAN1_RX0_IRQHandler               0x080001ff   Thumb Code     0  startup_stm32f10x_hd.o(.text)
    WWDG_IRQHandler                          0x080001ff   Thumb Code     0  startup_stm32f10x_hd.o(.text)
    __user_initial_stackheap                 0x08000201   Thumb Code     0  startup_stm32f10x_hd.o(.text)
    __2printf                                0x08000225   Thumb Code    20  noretval__2printf.o(.text)
    _printf_pre_padding                      0x0800023d   Thumb Code    44  _printf_pad.o(.text)
    _printf_post_padding                     0x08000269   Thumb Code    34  _printf_pad.o(.text)
    __printf                                 0x0800028b   Thumb Code   270  __printf_wp.o(.text)
    __use_two_region_memory                  0x08000399   Thumb Code     2  heapauxi.o(.text)
    __rt_heap_escrow$2region                 0x0800039b   Thumb Code     2  heapauxi.o(.text)
    __rt_heap_expand$2region                 0x0800039d   Thumb Code     2  heapauxi.o(.text)
    __lib_sel_fp_printf                      0x0800039f   Thumb Code     2  _printf_fp_dec.o(.text)
    _printf_fp_dec_real                      0x08000551   Thumb Code   620  _printf_fp_dec.o(.text)
    _printf_char_file                        0x080007bd   Thumb Code    32  _printf_char_file.o(.text)
    __rt_locale                              0x080007e1   Thumb Code     8  rt_locale_intlibspace.o(.text)
    _ll_udiv10                               0x080007e9   Thumb Code   138  lludiv10.o(.text)
    _printf_char_common                      0x0800087f   Thumb Code    32  _printf_char_common.o(.text)
    _printf_fp_infnan                        0x080008a5   Thumb Code   112  _printf_fp_infnan.o(.text)
    _btod_etento                             0x08000925   Thumb Code   224  bigflt0.o(.text)
    ferror                                   0x08000a09   Thumb Code     8  ferror.o(.text)
    __user_libspace                          0x08000a11   Thumb Code     8  libspace.o(.text)
    __user_perproc_libspace                  0x08000a11   Thumb Code     0  libspace.o(.text)
    __user_perthread_libspace                0x08000a11   Thumb Code     0  libspace.o(.text)
    __user_setup_stackheap                   0x08000a19   Thumb Code    74  sys_stackheap_outer.o(.text)
    exit                                     0x08000a63   Thumb Code    18  exit.o(.text)
    strcmp                                   0x08000a75   Thumb Code   128  strcmpv7m.o(.text)
    _sys_exit                                0x08000af5   Thumb Code     8  sys_exit.o(.text)
    __I$use$semihosting                      0x08000b01   Thumb Code     0  use_no_semi.o(.text)
    __use_no_semihosting_swi                 0x08000b01   Thumb Code     2  use_no_semi.o(.text)
    __semihosting_library_function           0x08000b03   Thumb Code     0  indicate_semi.o(.text)
    _btod_d2e                                0x08000b03   Thumb Code    62  btod.o(CL$$btod_d2e)
    _d2e_denorm_low                          0x08000b41   Thumb Code    70  btod.o(CL$$btod_d2e_denorm_low)
    _d2e_norm_op1                            0x08000b87   Thumb Code    96  btod.o(CL$$btod_d2e_norm_op1)
    __btod_div_common                        0x08000be7   Thumb Code   696  btod.o(CL$$btod_div_common)
    _e2e                                     0x08000f1f   Thumb Code   220  btod.o(CL$$btod_e2e)
    _btod_ediv                               0x08000ffb   Thumb Code    42  btod.o(CL$$btod_ediv)
    _btod_emul                               0x08001025   Thumb Code    42  btod.o(CL$$btod_emul)
    __btod_mult_common                       0x0800104f   Thumb Code   580  btod.o(CL$$btod_mult_common)
    BusFault_Handler                         0x08001293   Thumb Code     4  stm32f10x_it.o(i.BusFault_Handler)
    DHT11_Check                              0x08001299   Thumb Code    92  dht11.o(i.DHT11_Check)
    DHT11_Init                               0x080012fd   Thumb Code    58  dht11.o(i.DHT11_Init)
    DHT11_Rst                                0x0800133d   Thumb Code    52  dht11.o(i.DHT11_Rst)
    DS1307_Init                              0x0800137d   Thumb Code    14  ds1307.o(i.DS1307_Init)
    DebugMon_Handler                         0x08001395   Thumb Code     2  stm32f10x_it.o(i.DebugMon_Handler)
    GPIO_Init                                0x08001397   Thumb Code   278  stm32f10x_gpio.o(i.GPIO_Init)
    GPIO_PinRemapConfig                      0x080014ad   Thumb Code   138  stm32f10x_gpio.o(i.GPIO_PinRemapConfig)
    GPIO_Set                                 0x0800153d   Thumb Code   142  sys.o(i.GPIO_Set)
    GPIO_SetBits                             0x080015e9   Thumb Code     4  stm32f10x_gpio.o(i.GPIO_SetBits)
    HardFault_Handler                        0x080015ed   Thumb Code     4  stm32f10x_it.o(i.HardFault_Handler)
    I2C1_InitPins                            0x080015f1   Thumb Code    84  myiic.o(i.I2C1_InitPins)
    I2C2_InitPins                            0x0800164d   Thumb Code    30  myiic.o(i.I2C2_InitPins)
    I2C_AcknowledgeConfig                    0x08001675   Thumb Code    24  stm32f10x_i2c.o(i.I2C_AcknowledgeConfig)
    I2C_CheckEvent                           0x0800168d   Thumb Code    42  stm32f10x_i2c.o(i.I2C_CheckEvent)
    I2C_Cmd                                  0x080016b7   Thumb Code    24  stm32f10x_i2c.o(i.I2C_Cmd)
    I2C_GenerateSTART                        0x080016cf   Thumb Code    24  stm32f10x_i2c.o(i.I2C_GenerateSTART)
    I2C_GenerateSTOP                         0x080016e7   Thumb Code    24  stm32f10x_i2c.o(i.I2C_GenerateSTOP)
    I2C_GetFlagStatus                        0x080016ff   Thumb Code    58  stm32f10x_i2c.o(i.I2C_GetFlagStatus)
    I2C_Init                                 0x08001739   Thumb Code   222  stm32f10x_i2c.o(i.I2C_Init)
    I2C_ReadAck                              0x08001825   Thumb Code    62  myiic.o(i.I2C_ReadAck)
    I2C_ReadMulti                            0x0800186d   Thumb Code    94  myiic.o(i.I2C_ReadMulti)
    I2C_ReadNack                             0x080018cd   Thumb Code    70  myiic.o(i.I2C_ReadNack)
    I2C_ReceiveData                          0x0800191d   Thumb Code     8  stm32f10x_i2c.o(i.I2C_ReceiveData)
    I2C_Send7bitAddress                      0x08001925   Thumb Code    18  stm32f10x_i2c.o(i.I2C_Send7bitAddress)
    I2C_SendData                             0x08001937   Thumb Code     4  stm32f10x_i2c.o(i.I2C_SendData)
    I2C_Start                                0x0800193d   Thumb Code   190  myiic.o(i.I2C_Start)
    I2C_Stop                                 0x08001a0d   Thumb Code    72  myiic.o(i.I2C_Stop)
    I2C_Write                                0x08001a5d   Thumb Code    50  myiic.o(i.I2C_Write)
    I2C_WriteData                            0x08001a91   Thumb Code    54  myiic.o(i.I2C_WriteData)
    IIC_Init                                 0x08001ad1   Thumb Code   154  myiic.o(i.IIC_Init)
    LCD_backlight                            0x08001b79   Thumb Code    16  lcd_i2c.o(i.LCD_backlight)
    LCD_clear                                0x08001b8d   Thumb Code    18  lcd_i2c.o(i.LCD_clear)
    LCD_command                              0x08001b9f   Thumb Code    14  lcd_i2c.o(i.LCD_command)
    LCD_expanderWrite                        0x08001bad   Thumb Code    26  lcd_i2c.o(i.LCD_expanderWrite)
    LCD_printstr                             0x08001bd5   Thumb Code    26  lcd_i2c.o(i.LCD_printstr)
    LCD_pulseEnable                          0x08001bef   Thumb Code    34  lcd_i2c.o(i.LCD_pulseEnable)
    LCD_send                                 0x08001c11   Thumb Code    38  lcd_i2c.o(i.LCD_send)
    LCD_setCursor                            0x08001c39   Thumb Code    48  lcd_i2c.o(i.LCD_setCursor)
    LCD_write                                0x08001c71   Thumb Code    14  lcd_i2c.o(i.LCD_write)
    LCD_write4bits                           0x08001c7f   Thumb Code    18  lcd_i2c.o(i.LCD_write4bits)
    LED_init                                 0x08001c91   Thumb Code    26  led.o(i.LED_init)
    MemManage_Handler                        0x08001cb1   Thumb Code     4  stm32f10x_it.o(i.MemManage_Handler)
    NMI_Handler                              0x08001cb5   Thumb Code     2  stm32f10x_it.o(i.NMI_Handler)
    NVIC_Init                                0x08001cb9   Thumb Code   100  misc.o(i.NVIC_Init)
    PendSV_Handler                           0x08001d29   Thumb Code     2  stm32f10x_it.o(i.PendSV_Handler)
    RCC_APB1PeriphClockCmd                   0x08001d2d   Thumb Code    26  stm32f10x_rcc.o(i.RCC_APB1PeriphClockCmd)
    RCC_APB1PeriphResetCmd                   0x08001d4d   Thumb Code    26  stm32f10x_rcc.o(i.RCC_APB1PeriphResetCmd)
    RCC_APB2PeriphClockCmd                   0x08001d6d   Thumb Code    26  stm32f10x_rcc.o(i.RCC_APB2PeriphClockCmd)
    RCC_APB2PeriphResetCmd                   0x08001d8d   Thumb Code    26  stm32f10x_rcc.o(i.RCC_APB2PeriphResetCmd)
    RCC_GetClocksFreq                        0x08001dad   Thumb Code   192  stm32f10x_rcc.o(i.RCC_GetClocksFreq)
    SVC_Handler                              0x08001e81   Thumb Code     2  stm32f10x_it.o(i.SVC_Handler)
    SysTick_CLKSourceConfig                  0x08001f6d   Thumb Code    40  misc.o(i.SysTick_CLKSourceConfig)
    SysTick_Handler                          0x08001f95   Thumb Code     2  stm32f10x_it.o(i.SysTick_Handler)
    SystemInit                               0x08001f99   Thumb Code    78  system_stm32f10x.o(i.SystemInit)
    USART1_IRQHandler                        0x08001ff9   Thumb Code    30  usart.o(i.USART1_IRQHandler)
    USART1_InitPins                          0x08002021   Thumb Code   122  usart.o(i.USART1_InitPins)
    USART2_IRQHandler                        0x080020a9   Thumb Code    30  usart.o(i.USART2_IRQHandler)
    USART2_InitPins                          0x080020d1   Thumb Code   128  usart.o(i.USART2_InitPins)
    USART3_IRQHandler                        0x0800215d   Thumb Code    30  usart.o(i.USART3_IRQHandler)
    USART3_InitPins                          0x08002185   Thumb Code   194  usart.o(i.USART3_InitPins)
    USART_Cmd                                0x08002259   Thumb Code    24  stm32f10x_usart.o(i.USART_Cmd)
    USART_DeInit                             0x08002271   Thumb Code   134  stm32f10x_usart.o(i.USART_DeInit)
    USART_GetFlagStatus                      0x0800230d   Thumb Code    26  stm32f10x_usart.o(i.USART_GetFlagStatus)
    USART_GetITStatus                        0x08002327   Thumb Code    84  stm32f10x_usart.o(i.USART_GetITStatus)
    USART_INT_GetSubPriority                 0x0800237d   Thumb Code    28  usart.o(i.USART_INT_GetSubPriority)
    USART_INT_InsertToBuffer                 0x080023a5   Thumb Code    44  usart.o(i.USART_INT_InsertToBuffer)
    USART_ITConfig                           0x080023d1   Thumb Code    74  stm32f10x_usart.o(i.USART_ITConfig)
    USART_Init                               0x0800241d   Thumb Code   210  stm32f10x_usart.o(i.USART_Init)
    USART_Putc                               0x080024f5   Thumb Code    26  usart.o(i.USART_Putc)
    USARTx_Init                              0x08002511   Thumb Code   226  usart.o(i.USARTx_Init)
    UsageFault_Handler                       0x08002601   Thumb Code     4  stm32f10x_it.o(i.UsageFault_Handler)
    __ARM_fpclassify                         0x08002605   Thumb Code    40  fpclassify.o(i.__ARM_fpclassify)
    _is_digit                                0x0800262d   Thumb Code    14  __printf_wp.o(i._is_digit)
    delay_init                               0x0800263d   Thumb Code    50  delay.o(i.delay_init)
    delay_ms                                 0x08002681   Thumb Code    72  delay.o(i.delay_ms)
    delay_us                                 0x080026cd   Thumb Code    72  delay.o(i.delay_us)
    fputc                                    0x08002719   Thumb Code    18  usart.o(i.fputc)
    main                                     0x08002731   Thumb Code   192  main.o(i.main)
    pinMode                                  0x08002819   Thumb Code   176  sys.o(i.pinMode)
    _get_lc_numeric                          0x080028cd   Thumb Code    44  lc_numeric_c.o(locale$$code)
    __aeabi_d2f                              0x080028f9   Thumb Code     0  d2f.o(x$fpl$d2f)
    _d2f                                     0x080028f9   Thumb Code    98  d2f.o(x$fpl$d2f)
    __aeabi_ddiv                             0x0800295d   Thumb Code     0  ddiv.o(x$fpl$ddiv)
    _ddiv                                    0x0800295d   Thumb Code   552  ddiv.o(x$fpl$ddiv)
    __aeabi_ui2d                             0x08002c0d   Thumb Code     0  dflt_clz.o(x$fpl$dfltu)
    _dfltu                                   0x08002c0d   Thumb Code    38  dflt_clz.o(x$fpl$dfltu)
    __fpl_dnaninf                            0x08002c33   Thumb Code   156  dnaninf.o(x$fpl$dnaninf)
    __fpl_dretinf                            0x08002ccf   Thumb Code    12  dretinf.o(x$fpl$dretinf)
    __aeabi_f2d                              0x08002cdd   Thumb Code     0  f2d.o(x$fpl$f2d)
    _f2d                                     0x08002cdd   Thumb Code    86  f2d.o(x$fpl$f2d)
    __fpl_fnaninf                            0x08002d33   Thumb Code   140  fnaninf.o(x$fpl$fnaninf)
    __fpl_fretinf                            0x08002dbf   Thumb Code    10  fretinf.o(x$fpl$fretinf)
    _printf_fp_dec                           0x08002dc9   Thumb Code     4  printf1.o(x$fpl$printf1)
    __I$use$fp                               0x08002dcc   Number         0  usenofp.o(x$fpl$usenofp)
    g_APinDescription                        0x08002ddc   Data        2304  sys.o(.constdata)
    Region$$Table$$Base                      0x08003770   Number         0  anon$$obj.o(Region$$Table)
    Region$$Table$$Limit                     0x08003790   Number         0  anon$$obj.o(Region$$Table)
    I2C_Timeout                              0x20000000   Data           4  myiic.o(.data)
    GPIO_I2C_InitStruct                      0x20000004   Data           4  myiic.o(.data)
    _addr                                    0x20000008   Data           1  lcd_i2c.o(.data)
    _displayfunction                         0x20000009   Data           1  lcd_i2c.o(.data)
    _displaycontrol                          0x2000000a   Data           1  lcd_i2c.o(.data)
    _displaymode                             0x2000000b   Data           1  lcd_i2c.o(.data)
    _cols                                    0x2000000c   Data           1  lcd_i2c.o(.data)
    _rows                                    0x2000000d   Data           1  lcd_i2c.o(.data)
    _charsize                                0x2000000e   Data           1  lcd_i2c.o(.data)
    _backlightval                            0x2000000f   Data           1  lcd_i2c.o(.data)
    __stdout                                 0x20000014   Data           4  usart.o(.data)
    F4_USART1                                0x20000018   Data          12  usart.o(.data)
    F4_USART2                                0x20000024   Data          12  usart.o(.data)
    F4_USART3                                0x20000030   Data          12  usart.o(.data)
    GPIO_InitStruct                          0x2000003c   Data           4  usart.o(.data)
    SystemCoreClock                          0x20000054   Data           4  system_stm32f10x.o(.data)
    AHBPrescTable                            0x20000058   Data          16  system_stm32f10x.o(.data)
    USART1_Buffer                            0x20000068   Data          32  usart.o(.bss)
    USART2_Buffer                            0x20000088   Data          32  usart.o(.bss)
    USART3_Buffer                            0x200000a8   Data          32  usart.o(.bss)
    __libspace_start                         0x200000c8   Data          96  libspace.o(.bss)
    __temporary_stack_top$libspace           0x20000128   Data           0  libspace.o(.bss)



==============================================================================

Memory Map of the image

  Image Entry point : 0x08000131

  Load Region LR_IROM1 (Base: 0x08000000, Size: 0x00003814, Max: 0x00010000, ABSOLUTE)

    Execution Region ER_IROM1 (Exec base: 0x08000000, Load base: 0x08000000, Size: 0x000037ac, Max: 0x00010000, ABSOLUTE)

    Exec Addr    Load Addr    Size         Type   Attr      Idx    E Section Name        Object

    0x08000000   0x08000000   0x00000130   Data   RO           19    RESET               startup_stm32f10x_hd.o
    0x08000130   0x08000130   0x00000008   Code   RO         1675  * !!!main             c_w.l(__main.o)
    0x08000138   0x08000138   0x00000034   Code   RO         1915    !!!scatter          c_w.l(__scatter.o)
    0x0800016c   0x0800016c   0x0000001a   Code   RO         1917    !!handler_copy      c_w.l(__scatter_copy.o)
    0x08000186   0x08000186   0x00000002   PAD
    0x08000188   0x08000188   0x0000001c   Code   RO         1919    !!handler_zi        c_w.l(__scatter_zi.o)
    0x080001a4   0x080001a4   0x00000000   Code   RO         1668    .ARM.Collect$$_printf_percent$$00000000  c_w.l(_printf_percent.o)
    0x080001a4   0x080001a4   0x00000006   Code   RO         1667    .ARM.Collect$$_printf_percent$$00000003  c_w.l(_printf_f.o)
    0x080001aa   0x080001aa   0x00000004   Code   RO         1700    .ARM.Collect$$_printf_percent$$00000017  c_w.l(_printf_percent_end.o)
    0x080001ae   0x080001ae   0x00000002   Code   RO         1788    .ARM.Collect$$libinit$$00000000  c_w.l(libinit.o)
    0x080001b0   0x080001b0   0x00000000   Code   RO         1790    .ARM.Collect$$libinit$$00000002  c_w.l(libinit2.o)
    0x080001b0   0x080001b0   0x00000000   Code   RO         1792    .ARM.Collect$$libinit$$00000004  c_w.l(libinit2.o)
    0x080001b0   0x080001b0   0x00000000   Code   RO         1795    .ARM.Collect$$libinit$$0000000A  c_w.l(libinit2.o)
    0x080001b0   0x080001b0   0x00000000   Code   RO         1797    .ARM.Collect$$libinit$$0000000C  c_w.l(libinit2.o)
    0x080001b0   0x080001b0   0x00000000   Code   RO         1799    .ARM.Collect$$libinit$$0000000E  c_w.l(libinit2.o)
    0x080001b0   0x080001b0   0x00000006   Code   RO         1800    .ARM.Collect$$libinit$$0000000F  c_w.l(libinit2.o)
    0x080001b6   0x080001b6   0x00000000   Code   RO         1802    .ARM.Collect$$libinit$$00000011  c_w.l(libinit2.o)
    0x080001b6   0x080001b6   0x00000000   Code   RO         1804    .ARM.Collect$$libinit$$00000013  c_w.l(libinit2.o)
    0x080001b6   0x080001b6   0x00000000   Code   RO         1806    .ARM.Collect$$libinit$$00000015  c_w.l(libinit2.o)
    0x080001b6   0x080001b6   0x0000000a   Code   RO         1807    .ARM.Collect$$libinit$$00000016  c_w.l(libinit2.o)
    0x080001c0   0x080001c0   0x00000000   Code   RO         1808    .ARM.Collect$$libinit$$00000017  c_w.l(libinit2.o)
    0x080001c0   0x080001c0   0x00000000   Code   RO         1810    .ARM.Collect$$libinit$$00000019  c_w.l(libinit2.o)
    0x080001c0   0x080001c0   0x00000000   Code   RO         1812    .ARM.Collect$$libinit$$0000001B  c_w.l(libinit2.o)
    0x080001c0   0x080001c0   0x00000000   Code   RO         1814    .ARM.Collect$$libinit$$0000001D  c_w.l(libinit2.o)
    0x080001c0   0x080001c0   0x00000000   Code   RO         1816    .ARM.Collect$$libinit$$0000001F  c_w.l(libinit2.o)
    0x080001c0   0x080001c0   0x00000000   Code   RO         1818    .ARM.Collect$$libinit$$00000021  c_w.l(libinit2.o)
    0x080001c0   0x080001c0   0x00000000   Code   RO         1820    .ARM.Collect$$libinit$$00000023  c_w.l(libinit2.o)
    0x080001c0   0x080001c0   0x00000000   Code   RO         1822    .ARM.Collect$$libinit$$00000025  c_w.l(libinit2.o)
    0x080001c0   0x080001c0   0x00000000   Code   RO         1826    .ARM.Collect$$libinit$$0000002C  c_w.l(libinit2.o)
    0x080001c0   0x080001c0   0x00000000   Code   RO         1828    .ARM.Collect$$libinit$$0000002E  c_w.l(libinit2.o)
    0x080001c0   0x080001c0   0x00000000   Code   RO         1830    .ARM.Collect$$libinit$$00000030  c_w.l(libinit2.o)
    0x080001c0   0x080001c0   0x00000000   Code   RO         1832    .ARM.Collect$$libinit$$00000032  c_w.l(libinit2.o)
    0x080001c0   0x080001c0   0x00000002   Code   RO         1833    .ARM.Collect$$libinit$$00000033  c_w.l(libinit2.o)
    0x080001c2   0x080001c2   0x00000002   Code   RO         1863    .ARM.Collect$$libshutdown$$00000000  c_w.l(libshutdown.o)
    0x080001c4   0x080001c4   0x00000000   Code   RO         1874    .ARM.Collect$$libshutdown$$00000002  c_w.l(libshutdown2.o)
    0x080001c4   0x080001c4   0x00000000   Code   RO         1876    .ARM.Collect$$libshutdown$$00000004  c_w.l(libshutdown2.o)
    0x080001c4   0x080001c4   0x00000000   Code   RO         1879    .ARM.Collect$$libshutdown$$00000007  c_w.l(libshutdown2.o)
    0x080001c4   0x080001c4   0x00000000   Code   RO         1882    .ARM.Collect$$libshutdown$$0000000A  c_w.l(libshutdown2.o)
    0x080001c4   0x080001c4   0x00000000   Code   RO         1884    .ARM.Collect$$libshutdown$$0000000C  c_w.l(libshutdown2.o)
    0x080001c4   0x080001c4   0x00000000   Code   RO         1887    .ARM.Collect$$libshutdown$$0000000F  c_w.l(libshutdown2.o)
    0x080001c4   0x080001c4   0x00000002   Code   RO         1888    .ARM.Collect$$libshutdown$$00000010  c_w.l(libshutdown2.o)
    0x080001c6   0x080001c6   0x00000000   Code   RO         1693    .ARM.Collect$$rtentry$$00000000  c_w.l(__rtentry.o)
    0x080001c6   0x080001c6   0x00000000   Code   RO         1711    .ARM.Collect$$rtentry$$00000002  c_w.l(__rtentry2.o)
    0x080001c6   0x080001c6   0x00000006   Code   RO         1723    .ARM.Collect$$rtentry$$00000004  c_w.l(__rtentry4.o)
    0x080001cc   0x080001cc   0x00000000   Code   RO         1713    .ARM.Collect$$rtentry$$00000009  c_w.l(__rtentry2.o)
    0x080001cc   0x080001cc   0x00000004   Code   RO         1714    .ARM.Collect$$rtentry$$0000000A  c_w.l(__rtentry2.o)
    0x080001d0   0x080001d0   0x00000000   Code   RO         1716    .ARM.Collect$$rtentry$$0000000C  c_w.l(__rtentry2.o)
    0x080001d0   0x080001d0   0x00000008   Code   RO         1717    .ARM.Collect$$rtentry$$0000000D  c_w.l(__rtentry2.o)
    0x080001d8   0x080001d8   0x00000002   Code   RO         1834    .ARM.Collect$$rtexit$$00000000  c_w.l(rtexit.o)
    0x080001da   0x080001da   0x00000000   Code   RO         1841    .ARM.Collect$$rtexit$$00000002  c_w.l(rtexit2.o)
    0x080001da   0x080001da   0x00000004   Code   RO         1842    .ARM.Collect$$rtexit$$00000003  c_w.l(rtexit2.o)
    0x080001de   0x080001de   0x00000006   Code   RO         1843    .ARM.Collect$$rtexit$$00000004  c_w.l(rtexit2.o)
    0x080001e4   0x080001e4   0x00000040   Code   RO           20    .text               startup_stm32f10x_hd.o
    0x08000224   0x08000224   0x00000018   Code   RO         1638    .text               c_w.l(noretval__2printf.o)
    0x0800023c   0x0800023c   0x0000004e   Code   RO         1642    .text               c_w.l(_printf_pad.o)
    0x0800028a   0x0800028a   0x0000010e   Code   RO         1654    .text               c_w.l(__printf_wp.o)
    0x08000398   0x08000398   0x00000006   Code   RO         1673    .text               c_w.l(heapauxi.o)
    0x0800039e   0x0800039e   0x0000041e   Code   RO         1694    .text               c_w.l(_printf_fp_dec.o)
    0x080007bc   0x080007bc   0x00000024   Code   RO         1698    .text               c_w.l(_printf_char_file.o)
    0x080007e0   0x080007e0   0x00000008   Code   RO         1728    .text               c_w.l(rt_locale_intlibspace.o)
    0x080007e8   0x080007e8   0x0000008a   Code   RO         1730    .text               c_w.l(lludiv10.o)
    0x08000872   0x08000872   0x00000002   PAD
    0x08000874   0x08000874   0x00000030   Code   RO         1732    .text               c_w.l(_printf_char_common.o)
    0x080008a4   0x080008a4   0x00000080   Code   RO         1734    .text               c_w.l(_printf_fp_infnan.o)
    0x08000924   0x08000924   0x000000e4   Code   RO         1736    .text               c_w.l(bigflt0.o)
    0x08000a08   0x08000a08   0x00000008   Code   RO         1761    .text               c_w.l(ferror.o)
    0x08000a10   0x08000a10   0x00000008   Code   RO         1772    .text               c_w.l(libspace.o)
    0x08000a18   0x08000a18   0x0000004a   Code   RO         1775    .text               c_w.l(sys_stackheap_outer.o)
    0x08000a62   0x08000a62   0x00000012   Code   RO         1779    .text               c_w.l(exit.o)
    0x08000a74   0x08000a74   0x00000080   Code   RO         1781    .text               c_w.l(strcmpv7m.o)
    0x08000af4   0x08000af4   0x0000000c   Code   RO         1853    .text               c_w.l(sys_exit.o)
    0x08000b00   0x08000b00   0x00000002   Code   RO         1864    .text               c_w.l(use_no_semi.o)
    0x08000b02   0x08000b02   0x00000000   Code   RO         1866    .text               c_w.l(indicate_semi.o)
    0x08000b02   0x08000b02   0x0000003e   Code   RO         1739    CL$$btod_d2e        c_w.l(btod.o)
    0x08000b40   0x08000b40   0x00000046   Code   RO         1741    CL$$btod_d2e_denorm_low  c_w.l(btod.o)
    0x08000b86   0x08000b86   0x00000060   Code   RO         1740    CL$$btod_d2e_norm_op1  c_w.l(btod.o)
    0x08000be6   0x08000be6   0x00000338   Code   RO         1749    CL$$btod_div_common  c_w.l(btod.o)
    0x08000f1e   0x08000f1e   0x000000dc   Code   RO         1746    CL$$btod_e2e        c_w.l(btod.o)
    0x08000ffa   0x08000ffa   0x0000002a   Code   RO         1743    CL$$btod_ediv       c_w.l(btod.o)
    0x08001024   0x08001024   0x0000002a   Code   RO         1742    CL$$btod_emul       c_w.l(btod.o)
    0x0800104e   0x0800104e   0x00000244   Code   RO         1748    CL$$btod_mult_common  c_w.l(btod.o)
    0x08001292   0x08001292   0x00000004   Code   RO         1537    i.BusFault_Handler  stm32f10x_it.o
    0x08001296   0x08001296   0x00000002   PAD
    0x08001298   0x08001298   0x00000064   Code   RO          133    i.DHT11_Check       dht11.o
    0x080012fc   0x080012fc   0x00000040   Code   RO          134    i.DHT11_Init        dht11.o
    0x0800133c   0x0800133c   0x00000040   Code   RO          138    i.DHT11_Rst         dht11.o
    0x0800137c   0x0800137c   0x00000018   Code   RO          274    i.DS1307_Init       ds1307.o
    0x08001394   0x08001394   0x00000002   Code   RO         1538    i.DebugMon_Handler  stm32f10x_it.o
    0x08001396   0x08001396   0x00000116   Code   RO          772    i.GPIO_Init         stm32f10x_gpio.o
    0x080014ac   0x080014ac   0x00000090   Code   RO          774    i.GPIO_PinRemapConfig  stm32f10x_gpio.o
    0x0800153c   0x0800153c   0x000000ac   Code   RO          542    i.GPIO_Set          sys.o
    0x080015e8   0x080015e8   0x00000004   Code   RO          780    i.GPIO_SetBits      stm32f10x_gpio.o
    0x080015ec   0x080015ec   0x00000004   Code   RO         1539    i.HardFault_Handler  stm32f10x_it.o
    0x080015f0   0x080015f0   0x0000005c   Code   RO          178    i.I2C1_InitPins     myiic.o
    0x0800164c   0x0800164c   0x00000028   Code   RO          179    i.I2C2_InitPins     myiic.o
    0x08001674   0x08001674   0x00000018   Code   RO         1261    i.I2C_AcknowledgeConfig  stm32f10x_i2c.o
    0x0800168c   0x0800168c   0x0000002a   Code   RO         1263    i.I2C_CheckEvent    stm32f10x_i2c.o
    0x080016b6   0x080016b6   0x00000018   Code   RO         1266    i.I2C_Cmd           stm32f10x_i2c.o
    0x080016ce   0x080016ce   0x00000018   Code   RO         1273    i.I2C_GenerateSTART  stm32f10x_i2c.o
    0x080016e6   0x080016e6   0x00000018   Code   RO         1274    i.I2C_GenerateSTOP  stm32f10x_i2c.o
    0x080016fe   0x080016fe   0x0000003a   Code   RO         1275    i.I2C_GetFlagStatus  stm32f10x_i2c.o
    0x08001738   0x08001738   0x000000ec   Code   RO         1280    i.I2C_Init          stm32f10x_i2c.o
    0x08001824   0x08001824   0x00000048   Code   RO          182    i.I2C_ReadAck       myiic.o
    0x0800186c   0x0800186c   0x0000005e   Code   RO          183    i.I2C_ReadMulti     myiic.o
    0x080018ca   0x080018ca   0x00000002   PAD
    0x080018cc   0x080018cc   0x00000050   Code   RO          185    i.I2C_ReadNack      myiic.o
    0x0800191c   0x0800191c   0x00000008   Code   RO         1285    i.I2C_ReceiveData   stm32f10x_i2c.o
    0x08001924   0x08001924   0x00000012   Code   RO         1287    i.I2C_Send7bitAddress  stm32f10x_i2c.o
    0x08001936   0x08001936   0x00000004   Code   RO         1288    i.I2C_SendData      stm32f10x_i2c.o
    0x0800193a   0x0800193a   0x00000002   PAD
    0x0800193c   0x0800193c   0x000000d0   Code   RO          186    i.I2C_Start         myiic.o
    0x08001a0c   0x08001a0c   0x00000050   Code   RO          187    i.I2C_Stop          myiic.o
    0x08001a5c   0x08001a5c   0x00000032   Code   RO          188    i.I2C_Write         myiic.o
    0x08001a8e   0x08001a8e   0x00000002   PAD
    0x08001a90   0x08001a90   0x00000040   Code   RO          189    i.I2C_WriteData     myiic.o
    0x08001ad0   0x08001ad0   0x000000a8   Code   RO          191    i.IIC_Init          myiic.o
    0x08001b78   0x08001b78   0x00000014   Code   RO          321    i.LCD_backlight     lcd_i2c.o
    0x08001b8c   0x08001b8c   0x00000012   Code   RO          324    i.LCD_clear         lcd_i2c.o
    0x08001b9e   0x08001b9e   0x0000000e   Code   RO          325    i.LCD_command       lcd_i2c.o
    0x08001bac   0x08001bac   0x00000028   Code   RO          329    i.LCD_expanderWrite  lcd_i2c.o
    0x08001bd4   0x08001bd4   0x0000001a   Code   RO          339    i.LCD_printstr      lcd_i2c.o
    0x08001bee   0x08001bee   0x00000022   Code   RO          340    i.LCD_pulseEnable   lcd_i2c.o
    0x08001c10   0x08001c10   0x00000026   Code   RO          344    i.LCD_send          lcd_i2c.o
    0x08001c36   0x08001c36   0x00000002   PAD
    0x08001c38   0x08001c38   0x00000038   Code   RO          346    i.LCD_setCursor     lcd_i2c.o
    0x08001c70   0x08001c70   0x0000000e   Code   RO          347    i.LCD_write         lcd_i2c.o
    0x08001c7e   0x08001c7e   0x00000012   Code   RO          348    i.LCD_write4bits    lcd_i2c.o
    0x08001c90   0x08001c90   0x00000020   Code   RO           24    i.LED_init          led.o
    0x08001cb0   0x08001cb0   0x00000004   Code   RO         1540    i.MemManage_Handler  stm32f10x_it.o
    0x08001cb4   0x08001cb4   0x00000002   Code   RO         1541    i.NMI_Handler       stm32f10x_it.o
    0x08001cb6   0x08001cb6   0x00000002   PAD
    0x08001cb8   0x08001cb8   0x00000070   Code   RO          730    i.NVIC_Init         misc.o
    0x08001d28   0x08001d28   0x00000002   Code   RO         1542    i.PendSV_Handler    stm32f10x_it.o
    0x08001d2a   0x08001d2a   0x00000002   PAD
    0x08001d2c   0x08001d2c   0x00000020   Code   RO          882    i.RCC_APB1PeriphClockCmd  stm32f10x_rcc.o
    0x08001d4c   0x08001d4c   0x00000020   Code   RO          883    i.RCC_APB1PeriphResetCmd  stm32f10x_rcc.o
    0x08001d6c   0x08001d6c   0x00000020   Code   RO          884    i.RCC_APB2PeriphClockCmd  stm32f10x_rcc.o
    0x08001d8c   0x08001d8c   0x00000020   Code   RO          885    i.RCC_APB2PeriphResetCmd  stm32f10x_rcc.o
    0x08001dac   0x08001dac   0x000000d4   Code   RO          892    i.RCC_GetClocksFreq  stm32f10x_rcc.o
    0x08001e80   0x08001e80   0x00000002   Code   RO         1543    i.SVC_Handler       stm32f10x_it.o
    0x08001e82   0x08001e82   0x00000008   Code   RO         1600    i.SetSysClock       system_stm32f10x.o
    0x08001e8a   0x08001e8a   0x00000002   PAD
    0x08001e8c   0x08001e8c   0x000000e0   Code   RO         1601    i.SetSysClockTo72   system_stm32f10x.o
    0x08001f6c   0x08001f6c   0x00000028   Code   RO          734    i.SysTick_CLKSourceConfig  misc.o
    0x08001f94   0x08001f94   0x00000002   Code   RO         1544    i.SysTick_Handler   stm32f10x_it.o
    0x08001f96   0x08001f96   0x00000002   PAD
    0x08001f98   0x08001f98   0x00000060   Code   RO         1603    i.SystemInit        system_stm32f10x.o
    0x08001ff8   0x08001ff8   0x00000028   Code   RO          599    i.USART1_IRQHandler  usart.o
    0x08002020   0x08002020   0x00000088   Code   RO          600    i.USART1_InitPins   usart.o
    0x080020a8   0x080020a8   0x00000028   Code   RO          601    i.USART2_IRQHandler  usart.o
    0x080020d0   0x080020d0   0x0000008c   Code   RO          602    i.USART2_InitPins   usart.o
    0x0800215c   0x0800215c   0x00000028   Code   RO          603    i.USART3_IRQHandler  usart.o
    0x08002184   0x08002184   0x000000d4   Code   RO          604    i.USART3_InitPins   usart.o
    0x08002258   0x08002258   0x00000018   Code   RO         1084    i.USART_Cmd         stm32f10x_usart.o
    0x08002270   0x08002270   0x0000009c   Code   RO         1086    i.USART_DeInit      stm32f10x_usart.o
    0x0800230c   0x0800230c   0x0000001a   Code   RO         1087    i.USART_GetFlagStatus  stm32f10x_usart.o
    0x08002326   0x08002326   0x00000054   Code   RO         1088    i.USART_GetITStatus  stm32f10x_usart.o
    0x0800237a   0x0800237a   0x00000002   PAD
    0x0800237c   0x0800237c   0x00000028   Code   RO          611    i.USART_INT_GetSubPriority  usart.o
    0x080023a4   0x080023a4   0x0000002c   Code   RO          613    i.USART_INT_InsertToBuffer  usart.o
    0x080023d0   0x080023d0   0x0000004a   Code   RO         1090    i.USART_ITConfig    stm32f10x_usart.o
    0x0800241a   0x0800241a   0x00000002   PAD
    0x0800241c   0x0800241c   0x000000d8   Code   RO         1091    i.USART_Init        stm32f10x_usart.o
    0x080024f4   0x080024f4   0x0000001a   Code   RO          614    i.USART_Putc        usart.o
    0x0800250e   0x0800250e   0x00000002   PAD
    0x08002510   0x08002510   0x000000f0   Code   RO          616    i.USARTx_Init       usart.o
    0x08002600   0x08002600   0x00000004   Code   RO         1545    i.UsageFault_Handler  stm32f10x_it.o
    0x08002604   0x08002604   0x00000028   Code   RO         1770    i.__ARM_fpclassify  m_ws.l(fpclassify.o)
    0x0800262c   0x0800262c   0x0000000e   Code   RO         1656    i._is_digit         c_w.l(__printf_wp.o)
    0x0800263a   0x0800263a   0x00000002   PAD
    0x0800263c   0x0800263c   0x00000044   Code   RO          515    i.delay_init        delay.o
    0x08002680   0x08002680   0x0000004c   Code   RO          516    i.delay_ms          delay.o
    0x080026cc   0x080026cc   0x0000004c   Code   RO          517    i.delay_us          delay.o
    0x08002718   0x08002718   0x00000018   Code   RO          617    i.fputc             usart.o
    0x08002730   0x08002730   0x000000e8   Code   RO         1465    i.main              main.o
    0x08002818   0x08002818   0x000000b4   Code   RO          548    i.pinMode           sys.o
    0x080028cc   0x080028cc   0x0000002c   Code   RO         1766    locale$$code        c_w.l(lc_numeric_c.o)
    0x080028f8   0x080028f8   0x00000062   Code   RO         1677    x$fpl$d2f           fz_ws.l(d2f.o)
    0x0800295a   0x0800295a   0x00000002   PAD
    0x0800295c   0x0800295c   0x000002b0   Code   RO         1680    x$fpl$ddiv          fz_ws.l(ddiv.o)
    0x08002c0c   0x08002c0c   0x00000026   Code   RO         1683    x$fpl$dfltu         fz_ws.l(dflt_clz.o)
    0x08002c32   0x08002c32   0x0000009c   Code   RO         1701    x$fpl$dnaninf       fz_ws.l(dnaninf.o)
    0x08002cce   0x08002cce   0x0000000c   Code   RO         1703    x$fpl$dretinf       fz_ws.l(dretinf.o)
    0x08002cda   0x08002cda   0x00000002   PAD
    0x08002cdc   0x08002cdc   0x00000056   Code   RO         1689    x$fpl$f2d           fz_ws.l(f2d.o)
    0x08002d32   0x08002d32   0x0000008c   Code   RO         1705    x$fpl$fnaninf       fz_ws.l(fnaninf.o)
    0x08002dbe   0x08002dbe   0x0000000a   Code   RO         1707    x$fpl$fretinf       fz_ws.l(fretinf.o)
    0x08002dc8   0x08002dc8   0x00000004   Code   RO         1691    x$fpl$printf1       fz_ws.l(printf1.o)
    0x08002dcc   0x08002dcc   0x00000000   Code   RO         1709    x$fpl$usenofp       fz_ws.l(usenofp.o)
    0x08002dcc   0x08002dcc   0x00000010   Data   RO          349    .constdata          lcd_i2c.o
    0x08002ddc   0x08002ddc   0x00000900   Data   RO          549    .constdata          sys.o
    0x080036dc   0x080036dc   0x00000094   Data   RO         1737    .constdata          c_w.l(bigflt0.o)
    0x08003770   0x08003770   0x00000020   Data   RO         1913    Region$$Table       anon$$obj.o
    0x08003790   0x08003790   0x0000001c   Data   RO         1765    locale$$data        c_w.l(lc_numeric_c.o)


    Execution Region RW_IRAM1 (Exec base: 0x20000000, Load base: 0x080037ac, Size: 0x00000728, Max: 0x00005000, ABSOLUTE)

    Exec Addr    Load Addr    Size         Type   Attr      Idx    E Section Name        Object

    0x20000000   0x080037ac   0x00000008   Data   RW          192    .data               myiic.o
    0x20000008   0x080037b4   0x00000008   Data   RW          350    .data               lcd_i2c.o
    0x20000010   0x080037bc   0x00000004   Data   RW          518    .data               delay.o
    0x20000014   0x080037c0   0x0000002c   Data   RW          619    .data               usart.o
    0x20000040   0x080037ec   0x00000014   Data   RW          912    .data               stm32f10x_rcc.o
    0x20000054   0x08003800   0x00000014   Data   RW         1604    .data               system_stm32f10x.o
    0x20000068        -       0x00000060   Zero   RW          618    .bss                usart.o
    0x200000c8        -       0x00000060   Zero   RW         1773    .bss                c_w.l(libspace.o)
    0x20000128        -       0x00000200   Zero   RW           18    HEAP                startup_stm32f10x_hd.o
    0x20000328        -       0x00000400   Zero   RW           17    STACK               startup_stm32f10x_hd.o


==============================================================================

Image component sizes


      Code (inc. data)   RO Data    RW Data    ZI Data      Debug   Object Name

         0          0          0          0          0       4540   core_cm3.o
       220         26          0          4          0       1563   delay.o
       228         26          0          0          0       1523   dht11.o
        24         10          0          0          0        418   ds1307.o
       278         26         16          8          0       5421   lcd_i2c.o
        32          6          0          0          0     234695   led.o
       232         40          0          0          0     202219   main.o
       152         12          0          0          0       1426   misc.o
       948         88          0          8          0       7449   myiic.o
        64         26        304          0       1536        768   startup_stm32f10x_hd.o
       426          6          0          0          0       3177   stm32f10x_gpio.o
       462         14          0          0          0       7280   stm32f10x_i2c.o
        26          0          0          0          0       3354   stm32f10x_it.o
       340         44          0         20          0       5312   stm32f10x_rcc.o
       580         28          0          0          0       5419   stm32f10x_usart.o
       352         34       2304          0          0       4961   sys.o
       328         28          0         20          0       1897   system_stm32f10x.o
       982        106          0         44         96      10905   usart.o

    ----------------------------------------------------------------------
      5698        520       2656        104       1632     502327   Object Totals
         0          0         32          0          0          0   (incl. Generated)
        24          0          0          0          0          0   (incl. Padding)

    ----------------------------------------------------------------------

      Code (inc. data)   RO Data    RW Data    ZI Data      Debug   Library Member Name

         8          0          0          0          0         68   __main.o
       284          0          0          0          0        156   __printf_wp.o
         0          0          0          0          0          0   __rtentry.o
        12          0          0          0          0          0   __rtentry2.o
         6          0          0          0          0          0   __rtentry4.o
        52          8          0          0          0          0   __scatter.o
        26          0          0          0          0          0   __scatter_copy.o
        28          0          0          0          0          0   __scatter_zi.o
        48          6          0          0          0         96   _printf_char_common.o
        36          4          0          0          0         80   _printf_char_file.o
         6          0          0          0          0          0   _printf_f.o
      1054          0          0          0          0        216   _printf_fp_dec.o
       128         16          0          0          0         84   _printf_fp_infnan.o
        78          0          0          0          0        108   _printf_pad.o
         0          0          0          0          0          0   _printf_percent.o
         4          0          0          0          0          0   _printf_percent_end.o
       228          4        148          0          0         96   bigflt0.o
      1936        128          0          0          0        672   btod.o
        18          0          0          0          0         80   exit.o
         8          0          0          0          0         68   ferror.o
         6          0          0          0          0        152   heapauxi.o
         0          0          0          0          0          0   indicate_semi.o
        44         10         28          0          0         76   lc_numeric_c.o
         2          0          0          0          0          0   libinit.o
        18          0          0          0          0          0   libinit2.o
         2          0          0          0          0          0   libshutdown.o
         2          0          0          0          0          0   libshutdown2.o
         8          4          0          0         96         68   libspace.o
       138          0          0          0          0         80   lludiv10.o
        24          4          0          0          0         84   noretval__2printf.o
         8          4          0          0          0         68   rt_locale_intlibspace.o
         2          0          0          0          0          0   rtexit.o
        10          0          0          0          0          0   rtexit2.o
       128          0          0          0          0         68   strcmpv7m.o
        12          4          0          0          0         68   sys_exit.o
        74          0          0          0          0         80   sys_stackheap_outer.o
         2          0          0          0          0         68   use_no_semi.o
        98          4          0          0          0         92   d2f.o
       688        140          0          0          0        208   ddiv.o
        38          0          0          0          0         68   dflt_clz.o
       156          4          0          0          0         92   dnaninf.o
        12          0          0          0          0         68   dretinf.o
        86          4          0          0          0         84   f2d.o
       140          4          0          0          0         84   fnaninf.o
        10          0          0          0          0         68   fretinf.o
         4          0          0          0          0         68   printf1.o
         0          0          0          0          0          0   usenofp.o
        40          0          0          0          0         68   fpclassify.o

    ----------------------------------------------------------------------
      5722        348        176          0         96       3436   Library Totals
        10          0          0          0          0          0   (incl. Padding)

    ----------------------------------------------------------------------

      Code (inc. data)   RO Data    RW Data    ZI Data      Debug   Library Name

      4440        192        176          0         96       2536   c_w.l
      1232        156          0          0          0        832   fz_ws.l
        40          0          0          0          0         68   m_ws.l

    ----------------------------------------------------------------------
      5722        348        176          0         96       3436   Library Totals

    ----------------------------------------------------------------------

==============================================================================


      Code (inc. data)   RO Data    RW Data    ZI Data      Debug   

     11420        868       2832        104       1728     499935   Grand Totals
     11420        868       2832        104       1728     499935   ELF Image Totals
     11420        868       2832        104          0          0   ROM Totals

==============================================================================

    Total RO  Size (Code + RO Data)                14252 (  13.92kB)
    Total RW  Size (RW Data + ZI Data)              1832 (   1.79kB)
    Total ROM Size (Code + RO Data + RW Data)      14356 (  14.02kB)

==============================================================================

