<html>
<body>
<pre>
<h1>µVision Build Log</h1>
<h2>Tool Versions:</h2>
IDE-Version: µVision V5.31.0.0
Copyright (C) 2020 ARM Ltd and ARM Germany GmbH. All rights reserved.
License Information: 1 ADMIN, 1, LIC=4ZLZX-H6FGB-8YFVV-P3397-PI1FS-AQ5YM
 
Tool Versions:
Toolchain:       MDK-ARM Professional  Version: 5.31.0.0
Toolchain Path:  C:\Keil_v5\ARM\ARMCC\Bin
C Compiler:      Armcc.exe V5.06 update 6 (build 750)
Assembler:       Armasm.exe V5.06 update 6 (build 750)
Linker/Locator:  ArmLink.exe V5.06 update 6 (build 750)
Library Manager: ArmAr.exe V5.06 update 6 (build 750)
Hex Converter:   FromElf.exe V5.06 update 6 (build 750)
CPU DLL:         SARMCM3.DLL V5.31.0.0
Dialog DLL:      DCM.DLL V1.17.3.0
Target DLL:      CMSIS_AGDI.dll V1.32.6.0
Dialog DLL:      TCM.DLL V1.46.0.0
 
<h2>Project:</h2>
D:\H7\0 H7Cpp\MDK-ARM\ETHERNET_STM32\ETHERNET.uvprojx
Project File Date:  08/04/2024

<h2>Output:</h2>
*** Using Compiler 'V5.06 update 6 (build 750)', folder: 'C:\Keil_v5\ARM\ARMCC\Bin'
*** Warning: You are compiling one or more files of source type C++ and have selected 'use MicroLIB'. MicroLIB does not support C++!
  
Build target 'STM32H7 Configuration'
Note: source file '..\..\HARDWARE\STM32Ethernet-master\src\Dhcp.cpp' - object file renamed from '..\..\STM32CppOutput\Dhcp.o' to '..\..\STM32CppOutput\dhcp_1.o'.
Note: source file '..\..\HARDWARE\STM32Ethernet-master\src\Dns.cpp' - object file renamed from '..\..\STM32CppOutput\Dns.o' to '..\..\STM32CppOutput\dns_1.o'.
compiling main.c...
..\..\HARDWARE\USARTClass.h(53): warning:  #1300-D: available inherits implicit virtual
      int available( void ) ;
..\..\HARDWARE\USARTClass.h(54): warning:  #1300-D: peek inherits implicit virtual
      int peek( void ) ;
..\..\HARDWARE\USARTClass.h(55): warning:  #1300-D: read inherits implicit virtual
      int read( void ) ;
..\..\HARDWARE\USARTClass.h(56): warning:  #1300-D: flush inherits implicit virtual
      void flush( void ) ;
..\..\HARDWARE\USARTClass.h(57): warning:  #1300-D: write inherits implicit virtual
      size_t write( const uint8_t c ) ;
..\..\HARDWARE\USARTClass.h(25): warning:  #611-D: overloaded virtual function "Print::write"  is only partially overridden in class "USARTClass" 
  class USARTClass : public Stream
main.c(129): warning:  #177-D: variable "USART_Buffer"  was declared but never referenced
  	char USART_Buffer[100] = "Hello via USART with TX DMA\n";
main.c(130): warning:  #177-D: variable "Buffer"  was declared but never referenced
  	char Buffer[100];
main.c: 8 warnings, 0 errors
linking...
Program Size: Code=65060 RO-data=4312 RW-data=472 ZI-data=29120  
FromELF: creating hex file...
"..\..\STM32CppOutput\F4Cpp.axf" - 0 Error(s), 8 Warning(s).

<h2>Software Packages used:</h2>

Package Vendor: ARM
                http://www.keil.com/pack/ARM.CMSIS.5.7.0.pack
                ARM.CMSIS.5.7.0
                CMSIS (Cortex Microcontroller Software Interface Standard)
   * Component: CORE Version: 5.4.0

Package Vendor: Keil
                https://www.keil.com/pack/Keil.STM32H7xx_DFP.3.1.1.pack
                Keil.STM32H7xx_DFP.3.1.1
                STMicroelectronics STM32H7 Series Device Support and Examples

<h2>Collection of Component include folders:</h2>
  .\RTE\_STM32H7_Configuration
  C:\Users\ADMIN\AppData\Local\Arm\Packs\ARM\CMSIS\5.7.0\CMSIS\Core\Include
  C:\Users\ADMIN\AppData\Local\Arm\Packs\Keil\STM32H7xx_DFP\3.1.1\Drivers\CMSIS\Device\ST\STM32H7xx\Include

<h2>Collection of Component Files used:</h2>

   * Component: ARM::CMSIS:CORE:5.4.0
Build Time Elapsed:  00:00:09
</pre>
</body>
</html>
