<html>
<body>
<pre>
<h1>µVision Build Log</h1>
<h2>Tool Versions:</h2>
IDE-Version: µVision V5.13.0.0
Copyright (C) 2014 ARM Ltd and ARM Germany GmbH. All rights reserved.
License Information: LVD IC, STM32VN, LIC=MGXHL-0FF1A-9Z1WW-Q0NIH-ZRP70-IPXNV
 
Tool Versions:
Toolchain:       MDK-ARM Professional  Version: 5.13.0.0
Toolchain Path:  C:\Keil_v5\ARM\ARMCC\Bin
C Compiler:      Armcc.exe V5.05 update 1 (build 106)
Assembler:       Armasm.exe V5.05 update 1 (build 106)
Linker/Locator:  ArmLink.exe V5.05 update 1 (build 106)
Library Manager: ArmAr.exe V5.05 update 1 (build 106)
Hex Converter:   FromElf.exe V5.05 update 1 (build 106)
CPU DLL:         SARMCM3.DLL V5.13.0.0
Dialog DLL:      DARMSTM.DLL V1.65.0.0
Target DLL:      UL2CM3.DLL V1.154.12.0
Dialog DLL:      TARMSTM.DLL V1.64.0.0
 
<h2>Project:</h2>
D:\0000AAAA\2 F1\00HOCF1\000\USER\zz.uvprojx
Project File Date:  06/16/2020

<h2>Output:</h2>
Build target 'led'
compiling LED.c...
linking...
Program Size: Code=1720 RO-data=336 RW-data=32 ZI-data=1832  
".\Objects\zz.axf" - 0 Error(s), 0 Warning(s).

<h2>Collection of Component include folders:</h2>
  D:\0000AAAA\2 F1\00HOCF1\000\USER\RTE
  C:\Keil_v5\ARM\PACK\Keil\STM32F1xx_DFP\2.0.0

<h2>Collection of Component Files used:</h2>
</pre>
</body>
</html>
